Archive member included to satisfy reference by file (symbol)

/home/ian-perigo/.pico-sdk/toolchain/14_2_Rel1/bin/../lib/gcc/arm-none-eabi/14.2.1/thumb/v6-m/nofp/libgcc.a(_dvmd_tls.o)
                              CMakeFiles/Tarefa_1.dir/home/ian-perigo/.pico-sdk/sdk/2.1.1/src/rp2_common/pico_divider/divider_hardware.S.o (__aeabi_idiv0)
/home/ian-perigo/.pico-sdk/toolchain/14_2_Rel1/bin/../lib/gcc/arm-none-eabi/14.2.1/../../../../arm-none-eabi/lib/thumb/v6-m/nofp/libg.a(libc_a-atoi.o)
                              CMakeFiles/Tarefa_1.dir/home/ian-perigo/.pico-sdk/sdk/2.1.1/lib/lwip/src/core/netif.c.o (atoi)
/home/ian-perigo/.pico-sdk/toolchain/14_2_Rel1/bin/../lib/gcc/arm-none-eabi/14.2.1/../../../../arm-none-eabi/lib/thumb/v6-m/nofp/libg.a(libc_a-calloc.o)
                              CMakeFiles/Tarefa_1.dir/home/ian-perigo/.pico-sdk/sdk/2.1.1/src/rp2_common/pico_malloc/malloc.c.o (calloc)
/home/ian-perigo/.pico-sdk/toolchain/14_2_Rel1/bin/../lib/gcc/arm-none-eabi/14.2.1/../../../../arm-none-eabi/lib/thumb/v6-m/nofp/libg.a(libc_a-callocr.o)
                              /home/ian-perigo/.pico-sdk/toolchain/14_2_Rel1/bin/../lib/gcc/arm-none-eabi/14.2.1/../../../../arm-none-eabi/lib/thumb/v6-m/nofp/libg.a(libc_a-calloc.o) (_calloc_r)
/home/ian-perigo/.pico-sdk/toolchain/14_2_Rel1/bin/../lib/gcc/arm-none-eabi/14.2.1/../../../../arm-none-eabi/lib/thumb/v6-m/nofp/libg.a(libc_a-malloc.o)
                              CMakeFiles/Tarefa_1.dir/home/ian-perigo/.pico-sdk/sdk/2.1.1/src/rp2_common/pico_malloc/malloc.c.o (malloc)
/home/ian-perigo/.pico-sdk/toolchain/14_2_Rel1/bin/../lib/gcc/arm-none-eabi/14.2.1/../../../../arm-none-eabi/lib/thumb/v6-m/nofp/libg.a(libc_a-mallocr.o)
                              /home/ian-perigo/.pico-sdk/toolchain/14_2_Rel1/bin/../lib/gcc/arm-none-eabi/14.2.1/../../../../arm-none-eabi/lib/thumb/v6-m/nofp/libg.a(libc_a-callocr.o) (_malloc_r)
/home/ian-perigo/.pico-sdk/toolchain/14_2_Rel1/bin/../lib/gcc/arm-none-eabi/14.2.1/../../../../arm-none-eabi/lib/thumb/v6-m/nofp/libg.a(libc_a-mlock.o)
                              /home/ian-perigo/.pico-sdk/toolchain/14_2_Rel1/bin/../lib/gcc/arm-none-eabi/14.2.1/../../../../arm-none-eabi/lib/thumb/v6-m/nofp/libg.a(libc_a-mallocr.o) (__malloc_lock)
/home/ian-perigo/.pico-sdk/toolchain/14_2_Rel1/bin/../lib/gcc/arm-none-eabi/14.2.1/../../../../arm-none-eabi/lib/thumb/v6-m/nofp/libg.a(libc_a-realloc.o)
                              CMakeFiles/Tarefa_1.dir/home/ian-perigo/.pico-sdk/sdk/2.1.1/src/rp2_common/pico_malloc/malloc.c.o (realloc)
/home/ian-perigo/.pico-sdk/toolchain/14_2_Rel1/bin/../lib/gcc/arm-none-eabi/14.2.1/../../../../arm-none-eabi/lib/thumb/v6-m/nofp/libg.a(libc_a-reallocr.o)
                              /home/ian-perigo/.pico-sdk/toolchain/14_2_Rel1/bin/../lib/gcc/arm-none-eabi/14.2.1/../../../../arm-none-eabi/lib/thumb/v6-m/nofp/libg.a(libc_a-realloc.o) (_realloc_r)
/home/ian-perigo/.pico-sdk/toolchain/14_2_Rel1/bin/../lib/gcc/arm-none-eabi/14.2.1/../../../../arm-none-eabi/lib/thumb/v6-m/nofp/libg.a(libc_a-strtol.o)
                              /home/ian-perigo/.pico-sdk/toolchain/14_2_Rel1/bin/../lib/gcc/arm-none-eabi/14.2.1/../../../../arm-none-eabi/lib/thumb/v6-m/nofp/libg.a(libc_a-atoi.o) (_strtol_r)
/home/ian-perigo/.pico-sdk/toolchain/14_2_Rel1/bin/../lib/gcc/arm-none-eabi/14.2.1/../../../../arm-none-eabi/lib/thumb/v6-m/nofp/libg.a(libc_a-ctype_.o)
                              CMakeFiles/Tarefa_1.dir/home/ian-perigo/.pico-sdk/sdk/2.1.1/lib/lwip/src/core/dns.c.o (_ctype_)
/home/ian-perigo/.pico-sdk/toolchain/14_2_Rel1/bin/../lib/gcc/arm-none-eabi/14.2.1/../../../../arm-none-eabi/lib/thumb/v6-m/nofp/libg.a(libc_a-memcmp.o)
                              CMakeFiles/Tarefa_1.dir/home/ian-perigo/.pico-sdk/sdk/2.1.1/src/rp2_common/pico_atomic/atomic.c.o (memcmp)
/home/ian-perigo/.pico-sdk/toolchain/14_2_Rel1/bin/../lib/gcc/arm-none-eabi/14.2.1/../../../../arm-none-eabi/lib/thumb/v6-m/nofp/libg.a(libc_a-memmove.o)
                              CMakeFiles/Tarefa_1.dir/home/ian-perigo/.pico-sdk/sdk/2.1.1/lib/lwip/src/core/def.c.o (memmove)
/home/ian-perigo/.pico-sdk/toolchain/14_2_Rel1/bin/../lib/gcc/arm-none-eabi/14.2.1/../../../../arm-none-eabi/lib/thumb/v6-m/nofp/libg.a(libc_a-strncmp.o)
                              CMakeFiles/Tarefa_1.dir/home/ian-perigo/.pico-sdk/sdk/2.1.1/lib/lwip/src/core/def.c.o (strncmp)
/home/ian-perigo/.pico-sdk/toolchain/14_2_Rel1/bin/../lib/gcc/arm-none-eabi/14.2.1/../../../../arm-none-eabi/lib/thumb/v6-m/nofp/libg.a(libc_a-lcltime_r.o)
                              CMakeFiles/Tarefa_1.dir/Conections/mqtt_conn.c.o (localtime_r)
/home/ian-perigo/.pico-sdk/toolchain/14_2_Rel1/bin/../lib/gcc/arm-none-eabi/14.2.1/../../../../arm-none-eabi/lib/thumb/v6-m/nofp/libg.a(libc_a-mktime.o)
                              CMakeFiles/Tarefa_1.dir/home/ian-perigo/.pico-sdk/sdk/2.1.1/src/common/pico_util/datetime.c.o (mktime)
[...]
Memory Configuration

Name             Origin             Length             Attributes
FLASH            0x10000000         0x00200000         xr
RAM              0x20000000         0x00040000         xrw
SCRATCH_X        0x20040000         0x00001000         xrw
SCRATCH_Y        0x20041000         0x00001000         xrw
*default*        0x00000000         0xffffffff

Linker script and memory map

LOAD /home/ian-perigo/.pico-sdk/toolchain/14_2_Rel1/bin/../lib/gcc/arm-none-eabi/14.2.1/thumb/v6-m/nofp/crti.o
LOAD /home/ian-perigo/.pico-sdk/toolchain/14_2_Rel1/bin/../lib/gcc/arm-none-eabi/14.2.1/thumb/v6-m/nofp/crtbegin.o
LOAD /home/ian-perigo/.pico-sdk/toolchain/14_2_Rel1/bin/../lib/gcc/arm-none-eabi/14.2.1/../../../../arm-none-eabi/lib/thumb/v6-m/nofp/crt0.o

.flash_begin    0x10000000        0x0
                0x10000000                        __flash_binary_start = .

.boot2          0x10000000      0x100
                0x10000000                        __boot2_start__ = .
 *(.boot2)
 .boot2         0x10000000      0x100 pico-sdk/src/rp2040/boot_stage2/CMakeFiles/bs2_default_library.dir/./bs2_default_padded_checksummed.S.o
                0x10000100                        __boot2_end__ = .
                0x00000001                        ASSERT (((__boot2_end__ - __boot2_start__) == 0x100), ERROR: Pico second stage bootloader must be 256 bytes in size)

.text           0x10000100    0x225f0
                0x10000100                        __logical_binary_start = .
 *(.vectors)
 .vectors       0x10000100       0xd4 CMakeFiles/Tarefa_1.dir/home/ian-perigo/.pico-sdk/sdk/2.1.1/src/rp2_common/pico_crt0/crt0.S.o
                0x10000100                __vectors
                0x10000100                __VECTOR_TABLE
                0x100001c0                isr_invalid
                0x100001c0                __default_isrs_start
                0x100001c2                isr_nmi
                0x100001c4                isr_hardfault
                0x100001c6                isr_svcall
                0x100001c8                isr_pendsv
                0x100001ca                isr_systick
                0x100001cc                isr_irq30
                0x100001cc                __unhandled_user_irq
                0x100001cc                isr_irq13
                0x100001cc                isr_irq27
                0x100001cc                isr_irq31
                0x100001cc                isr_irq5
                0x100001cc                isr_irq11
                0x100001cc                isr_irq23
                0x100001cc                isr_irq18
                0x100001cc                isr_irq28
                0x100001cc                isr_irq19
                0x100001cc                isr_irq0
                0x100001cc                isr_irq6
                0x100001cc                isr_irq22
                0x100001cc                isr_irq17
                0x100001cc                isr_irq14
                0x100001cc                isr_irq2
                0x100001cc                isr_irq10
                0x100001cc                isr_irq8
                0x100001cc                isr_irq24
                0x100001cc                isr_irq1
                0x100001cc                isr_irq7
                0x100001cc                isr_irq21
                0x100001cc                isr_irq20
                0x100001cc                isr_irq15
                0x100001cc                isr_irq25
                0x100001cc                isr_irq4
                0x100001cc                isr_irq16
                0x100001cc                isr_irq29
                0x100001cc                isr_irq26
                0x100001cc                __default_isrs_end
                0x100001cc                isr_irq3
                0x100001cc                isr_irq12
                0x100001cc                isr_irq9
                0x100001d2                unhandled_user_irq_num_in_r0
 *(.binary_info_header)
 .binary_info_header
                0x100001d4       0x14 CMakeFiles/Tarefa_1.dir/home/ian-perigo/.pico-sdk/sdk/2.1.1/src/rp2_common/pico_crt0/crt0.S.o
                0x100001e8                        __binary_info_header_end = .
 *(.embedded_block)
                0x100001e8                        __embedded_block_end = .
 *(.reset)
 .reset         0x100001e8       0x9c CMakeFiles/Tarefa_1.dir/home/ian-perigo/.pico-sdk/sdk/2.1.1/src/rp2_common/pico_crt0/crt0.S.o
                0x100001e8                _entry_point
 *(.init)
 .init          0x10000284        0x4 /home/ian-perigo/.pico-sdk/toolchain/14_2_Rel1/bin/../lib/gcc/arm-none-eabi/14.2.1/thumb/v6-m/nofp/crti.o
                0x10000284                _init
 *(EXCLUDE_FILE(*libm.a: *libc.a:*lib_a-mem*.o *libgcc.a:) .text*)
 .text.register_tm_clones
                0x10000288       0x28 /home/ian-perigo/.pico-sdk/toolchain/14_2_Rel1/bin/../lib/gcc/arm-none-eabi/14.2.1/thumb/v6-m/nofp/crtbegin.o
 .text.frame_dummy
                0x100002b0       0x24 /home/ian-perigo/.pico-sdk/toolchain/14_2_Rel1/bin/../lib/gcc/arm-none-eabi/14.2.1/thumb/v6-m/nofp/crtbegin.o
 .text.startup.main
                0x100002d4      0x128 CMakeFiles/Tarefa_1.dir/Tarefa_1.c.o
                0x100002d4                main
 .text.mqtt_connection_cb
                0x100003fc       0x20 CMakeFiles/Tarefa_1.dir/Conections/mqtt_conn.c.o
 .text.mqtt_pub_request_cb
                0x1000041c       0x20 CMakeFiles/Tarefa_1.dir/Conections/mqtt_conn.c.o
 .text.vMqttTask
                0x1000043c      0x314 CMakeFiles/Tarefa_1.dir/Conections/mqtt_conn.c.o
                0x1000043c                vMqttTask
 .text.vWifiTask
                0x10000750      0x110 CMakeFiles/Tarefa_1.dir/Conections/wifi_conn.c.o
                0x10000750                vWifiTask
 .text.mpu6050_setup_i2c
                0x10000860       0x38 CMakeFiles/Tarefa_1.dir/MPU6050/mpu6050_i2c.c.o
                0x10000860                mpu6050_setup_i2c
 .text.mpu6050_reset
                0x10000898       0x48 CMakeFiles/Tarefa_1.dir/MPU6050/mpu6050_i2c.c.o
                0x10000898                mpu6050_reset
 .text.vMPUTask
                0x100008e0      0x1ac CMakeFiles/Tarefa_1.dir/MPU6050/mpu6050_i2c.c.o
                0x100008e0                vMPUTask
 .text.gpio_set_function
                0x10000a8c       0x34 CMakeFiles/Tarefa_1.dir/home/ian-perigo/.pico-sdk/sdk/2.1.1/src/rp2_common/hardware_gpio/gpio.c.o
                0x10000a8c                gpio_set_function
 .text.gpio_set_pulls
                0x10000ac0       0x28 CMakeFiles/Tarefa_1.dir/home/ian-perigo/.pico-sdk/sdk/2.1.1/src/rp2_common/hardware_gpio/gpio.c.o
                0x10000ac0                gpio_set_pulls
 .text.gpio_set_input_hysteresis_enabled
                0x10000ae8       0x28 CMakeFiles/Tarefa_1.dir/home/ian-perigo/.pico-sdk/sdk/2.1.1/src/rp2_common/hardware_gpio/gpio.c.o
                0x10000ae8                gpio_set_input_hysteresis_enabled
 .text.gpio_set_irq_enabled
                0x10000b10       0x58 CMakeFiles/Tarefa_1.dir/home/ian-perigo/.pico-sdk/sdk/2.1.1/src/rp2_common/hardware_gpio/gpio.c.o
                0x10000b10                gpio_set_irq_enabled
 .text.gpio_add_raw_irq_handler_with_order_priority_masked
                0x10000b68       0x44 CMakeFiles/Tarefa_1.dir/home/ian-perigo/.pico-sdk/sdk/2.1.1/src/rp2_common/hardware_gpio/gpio.c.o
                0x10000b68                gpio_add_raw_irq_handler_with_order_priority_masked
 .text.gpio_remove_raw_irq_handler_masked
                0x10000bac       0x20 CMakeFiles/Tarefa_1.dir/home/ian-perigo/.pico-sdk/sdk/2.1.1/src/rp2_common/hardware_gpio/gpio.c.o
                0x10000bac                gpio_remove_raw_irq_handler_masked
 .text.gpio_init
                0x10000bcc       0x40 CMakeFiles/Tarefa_1.dir/home/ian-perigo/.pico-sdk/sdk/2.1.1/src/rp2_common/hardware_gpio/gpio.c.o
                0x10000bcc                gpio_init
 .text.rp2040_chip_version
                0x10000c0c        0xc CMakeFiles/Tarefa_1.dir/home/ian-perigo/.pico-sdk/sdk/2.1.1/src/rp2040/pico_platform/platform.c.o
                0x10000c0c                rp2040_chip_version
 .text.panic    0x10000c18       0x30 CMakeFiles/Tarefa_1.dir/home/ian-perigo/.pico-sdk/sdk/2.1.1/src/rp2_common/pico_platform_panic/panic.c.o
                0x10000c18                panic
 .text.panic_unsupported
                0x10000c48        0xc CMakeFiles/Tarefa_1.dir/home/ian-perigo/.pico-sdk/sdk/2.1.1/src/rp2_common/pico_platform_panic/panic.c.o
                0x10000c48                panic_unsupported
 .text.hw_claim_lock
                0x10000c54       0x18 CMakeFiles/Tarefa_1.dir/home/ian-perigo/.pico-sdk/sdk/2.1.1/src/common/hardware_claim/claim.c.o
                0x10000c54                hw_claim_lock
 .text.hw_claim_unlock
                0x10000c6c       0x14 CMakeFiles/Tarefa_1.dir/home/ian-perigo/.pico-sdk/sdk/2.1.1/src/common/hardware_claim/claim.c.o
                0x10000c6c                hw_claim_unlock
 .text.hw_claim_or_assert
                0x10000c80       0x44 CMakeFiles/Tarefa_1.dir/home/ian-perigo/.pico-sdk/sdk/2.1.1/src/common/hardware_claim/claim.c.o
                0x10000c80                hw_claim_or_assert
 .text.hw_claim_unused_from_range
                0x10000cc4       0x88 CMakeFiles/Tarefa_1.dir/home/ian-perigo/.pico-sdk/sdk/2.1.1/src/common/hardware_claim/claim.c.o
                0x10000cc4                hw_claim_unused_from_range
 .text.hw_claim_clear
                0x10000d4c       0x38 CMakeFiles/Tarefa_1.dir/home/ian-perigo/.pico-sdk/sdk/2.1.1/src/common/hardware_claim/claim.c.o
                0x10000d4c                hw_claim_clear
 .text.next_striped_spin_lock_num
                0x10000d84       0x18 CMakeFiles/Tarefa_1.dir/home/ian-perigo/.pico-sdk/sdk/2.1.1/src/rp2_common/hardware_sync/sync.c.o
                0x10000d84                next_striped_spin_lock_num
 .text.spin_lock_claim
                0x10000d9c       0x18 CMakeFiles/Tarefa_1.dir/home/ian-perigo/.pico-sdk/sdk/2.1.1/src/rp2_common/hardware_sync/sync.c.o
                0x10000d9c                spin_lock_claim
 .text.spin_lock_claim_unused
                0x10000db4       0x24 CMakeFiles/Tarefa_1.dir/home/ian-perigo/.pico-sdk/sdk/2.1.1/src/rp2_common/hardware_sync/sync.c.o
                0x10000db4                spin_lock_claim_unused
 .text.spin_locks_reset
                0x10000dd8       0x1c CMakeFiles/Tarefa_1.dir/home/ian-perigo/.pico-sdk/sdk/2.1.1/src/rp2_common/hardware_sync_spin_lock/sync_spin_lock.c.o
                0x10000dd8                spin_locks_reset
 .text.runtime_init_per_core_irq_priorities
                0x10000df4       0x24 CMakeFiles/Tarefa_1.dir/home/ian-perigo/.pico-sdk/sdk/2.1.1/src/rp2_common/hardware_irq/irq.c.o
                0x10000df4                runtime_init_per_core_irq_priorities
 .text.irq_set_enabled
                0x10000e18       0x24 CMakeFiles/Tarefa_1.dir/home/ian-perigo/.pico-sdk/sdk/2.1.1/src/rp2_common/hardware_irq/irq.c.o
                0x10000e18                irq_set_enabled
 .text.irq_is_enabled
                0x10000e3c       0x18 CMakeFiles/Tarefa_1.dir/home/ian-perigo/.pico-sdk/sdk/2.1.1/src/rp2_common/hardware_irq/irq.c.o
                0x10000e3c                irq_is_enabled
 .text.irq_set_pending
                0x10000e54       0x10 CMakeFiles/Tarefa_1.dir/home/ian-perigo/.pico-sdk/sdk/2.1.1/src/rp2_common/hardware_irq/irq.c.o
                0x10000e54                irq_set_pending
 .text.irq_has_shared_handler
                0x10000e64       0x24 CMakeFiles/Tarefa_1.dir/home/ian-perigo/.pico-sdk/sdk/2.1.1/src/rp2_common/hardware_irq/irq.c.o
                0x10000e64                irq_has_shared_handler
 .text.irq_set_exclusive_handler
                0x10000e88       0x54 CMakeFiles/Tarefa_1.dir/home/ian-perigo/.pico-sdk/sdk/2.1.1/src/rp2_common/hardware_irq/irq.c.o
                0x10000e88                irq_set_exclusive_handler
 .text.irq_add_shared_handler
                0x10000edc      0x1f4 CMakeFiles/Tarefa_1.dir/home/ian-perigo/.pico-sdk/sdk/2.1.1/src/rp2_common/hardware_irq/irq.c.o
                0x10000edc                irq_add_shared_handler
 .text.irq_remove_handler
                0x100010d0      0x1d4 CMakeFiles/Tarefa_1.dir/home/ian-perigo/.pico-sdk/sdk/2.1.1/src/rp2_common/hardware_irq/irq.c.o
                0x100010d0                irq_remove_handler
 .text.irq_set_priority
                0x100012a4       0x28 CMakeFiles/Tarefa_1.dir/home/ian-perigo/.pico-sdk/sdk/2.1.1/src/rp2_common/hardware_irq/irq.c.o
                0x100012a4                irq_set_priority
 .text.irq_add_tail_to_free_list
                0x100012cc       0xb4 CMakeFiles/Tarefa_1.dir/home/ian-perigo/.pico-sdk/sdk/2.1.1/src/rp2_common/hardware_irq/irq.c.o
                0x100012cc                irq_add_tail_to_free_list
 .text.user_irq_unclaim
                0x10001380       0x14 CMakeFiles/Tarefa_1.dir/home/ian-perigo/.pico-sdk/sdk/2.1.1/src/rp2_common/hardware_irq/irq.c.o
                0x10001380                user_irq_unclaim
 .text.user_irq_claim_unused
                0x10001394       0x2c CMakeFiles/Tarefa_1.dir/home/ian-perigo/.pico-sdk/sdk/2.1.1/src/rp2_common/hardware_irq/irq.c.o
                0x10001394                user_irq_claim_unused
 .text.sem_init
                0x100013c0       0x20 CMakeFiles/Tarefa_1.dir/home/ian-perigo/.pico-sdk/sdk/2.1.1/src/common/pico_sync/sem.c.o
                0x100013c0                sem_init
 .text.lock_init
                0x100013e0       0x10 CMakeFiles/Tarefa_1.dir/home/ian-perigo/.pico-sdk/sdk/2.1.1/src/common/pico_sync/lock_core.c.o
                0x100013e0                lock_init
 .text.runtime_init_mutex
                0x100013f0       0x54 CMakeFiles/Tarefa_1.dir/home/ian-perigo/.pico-sdk/sdk/2.1.1/src/common/pico_sync/mutex.c.o
                0x100013f0                runtime_init_mutex
 .text.mutex_init
                0x10001444       0x1c CMakeFiles/Tarefa_1.dir/home/ian-perigo/.pico-sdk/sdk/2.1.1/src/common/pico_sync/mutex.c.o
                0x10001444                mutex_init
 .text.recursive_mutex_init
                0x10001460       0x20 CMakeFiles/Tarefa_1.dir/home/ian-perigo/.pico-sdk/sdk/2.1.1/src/common/pico_sync/mutex.c.o
                0x10001460                recursive_mutex_init
 .text.critical_section_init
                0x10001480       0x1c CMakeFiles/Tarefa_1.dir/home/ian-perigo/.pico-sdk/sdk/2.1.1/src/common/pico_sync/critical_section.c.o
                0x10001480                critical_section_init
 .text.critical_section_init_with_lock_num
                0x1000149c       0x14 CMakeFiles/Tarefa_1.dir/home/ian-perigo/.pico-sdk/sdk/2.1.1/src/common/pico_sync/critical_section.c.o
                0x1000149c                critical_section_init_with_lock_num
 .text.alarm_pool_irq_handler
                0x100014b0      0x300 CMakeFiles/Tarefa_1.dir/home/ian-perigo/.pico-sdk/sdk/2.1.1/src/common/pico_time/time.c.o
 .text.sleep_until_callback
                0x100017b0       0x24 CMakeFiles/Tarefa_1.dir/home/ian-perigo/.pico-sdk/sdk/2.1.1/src/common/pico_time/time.c.o
 .text.runtime_init_default_alarm_pool
                0x100017d4       0xdc CMakeFiles/Tarefa_1.dir/home/ian-perigo/.pico-sdk/sdk/2.1.1/src/common/pico_time/time.c.o
                0x100017d4                runtime_init_default_alarm_pool
 .text.alarm_pool_get_default
                0x100018b0        0x8 CMakeFiles/Tarefa_1.dir/home/ian-perigo/.pico-sdk/sdk/2.1.1/src/common/pico_time/time.c.o
                0x100018b0                alarm_pool_get_default
 .text.alarm_pool_create_on_timer_with_unused_hardware_alarm
                0x100018b8       0xa8 CMakeFiles/Tarefa_1.dir/home/ian-perigo/.pico-sdk/sdk/2.1.1/src/common/pico_time/time.c.o
                0x100018b8                alarm_pool_create_on_timer_with_unused_hardware_alarm
 .text.alarm_pool_destroy
                0x10001960       0x5c CMakeFiles/Tarefa_1.dir/home/ian-perigo/.pico-sdk/sdk/2.1.1/src/common/pico_time/time.c.o
                0x10001960                alarm_pool_destroy
 .text.alarm_pool_add_alarm_at
                0x100019bc       0xd0 CMakeFiles/Tarefa_1.dir/home/ian-perigo/.pico-sdk/sdk/2.1.1/src/common/pico_time/time.c.o
                0x100019bc                alarm_pool_add_alarm_at
 .text.alarm_pool_add_alarm_at_force_in_context
                0x10001a8c       0xb0 CMakeFiles/Tarefa_1.dir/home/ian-perigo/.pico-sdk/sdk/2.1.1/src/common/pico_time/time.c.o
                0x10001a8c                alarm_pool_add_alarm_at_force_in_context
 .text.alarm_pool_cancel_alarm
                0x10001b3c       0x74 CMakeFiles/Tarefa_1.dir/home/ian-perigo/.pico-sdk/sdk/2.1.1/src/common/pico_time/time.c.o
                0x10001b3c                alarm_pool_cancel_alarm
 .text.alarm_pool_core_num
                0x10001bb0        0x4 CMakeFiles/Tarefa_1.dir/home/ian-perigo/.pico-sdk/sdk/2.1.1/src/common/pico_time/time.c.o
                0x10001bb0                alarm_pool_core_num
 .text.sleep_until
                0x10001bb4       0xcc CMakeFiles/Tarefa_1.dir/home/ian-perigo/.pico-sdk/sdk/2.1.1/src/common/pico_time/time.c.o
                0x10001bb4                sleep_until
 .text.sleep_ms
                0x10001c80       0xf8 CMakeFiles/Tarefa_1.dir/home/ian-perigo/.pico-sdk/sdk/2.1.1/src/common/pico_time/time.c.o
                0x10001c80                sleep_ms
 .text.best_effort_wfe_or_timeout
                0x10001d78      0x10c CMakeFiles/Tarefa_1.dir/home/ian-perigo/.pico-sdk/sdk/2.1.1/src/common/pico_time/time.c.o
                0x10001d78                best_effort_wfe_or_timeout
 .text.alarm_pool_get_default_timer
                0x10001e84        0x8 CMakeFiles/Tarefa_1.dir/home/ian-perigo/.pico-sdk/sdk/2.1.1/src/common/pico_time/time.c.o
                0x10001e84                alarm_pool_get_default_timer
 .text.timer_hardware_alarm_claim
                0x10001e8c       0x14 CMakeFiles/Tarefa_1.dir/home/ian-perigo/.pico-sdk/sdk/2.1.1/src/rp2_common/hardware_timer/timer.c.o
                0x10001e8c                timer_hardware_alarm_claim
 .text.hardware_alarm_unclaim
                0x10001ea0       0x14 CMakeFiles/Tarefa_1.dir/home/ian-perigo/.pico-sdk/sdk/2.1.1/src/rp2_common/hardware_timer/timer.c.o
                0x10001ea0                hardware_alarm_unclaim
 .text.timer_hardware_alarm_claim_unused
                0x10001eb4       0x20 CMakeFiles/Tarefa_1.dir/home/ian-perigo/.pico-sdk/sdk/2.1.1/src/rp2_common/hardware_timer/timer.c.o
                0x10001eb4                timer_hardware_alarm_claim_unused
 .text.timer_time_us_64
                0x10001ed4       0x10 CMakeFiles/Tarefa_1.dir/home/ian-perigo/.pico-sdk/sdk/2.1.1/src/rp2_common/hardware_timer/timer.c.o
                0x10001ed4                timer_time_us_64
 .text.time_us_64
                0x10001ee4       0x14 CMakeFiles/Tarefa_1.dir/home/ian-perigo/.pico-sdk/sdk/2.1.1/src/rp2_common/hardware_timer/timer.c.o
                0x10001ee4                time_us_64
 .text.busy_wait_until
                0x10001ef8       0x20 CMakeFiles/Tarefa_1.dir/home/ian-perigo/.pico-sdk/sdk/2.1.1/src/rp2_common/hardware_timer/timer.c.o
                0x10001ef8                busy_wait_until
 .text.clock_configure_int_divider
                0x10001f18       0xf4 CMakeFiles/Tarefa_1.dir/home/ian-perigo/.pico-sdk/sdk/2.1.1/src/rp2_common/hardware_clocks/clocks.c.o
                0x10001f18                clock_configure_int_divider
 .text.clock_configure_undivided
                0x1000200c       0xe8 CMakeFiles/Tarefa_1.dir/home/ian-perigo/.pico-sdk/sdk/2.1.1/src/rp2_common/hardware_clocks/clocks.c.o
                0x1000200c                clock_configure_undivided
 .text.clock_get_hz
                0x100020f4        0xc CMakeFiles/Tarefa_1.dir/home/ian-perigo/.pico-sdk/sdk/2.1.1/src/rp2_common/hardware_clocks/clocks.c.o
                0x100020f4                clock_get_hz
 .text.pll_init
                0x10002100       0xa4 CMakeFiles/Tarefa_1.dir/home/ian-perigo/.pico-sdk/sdk/2.1.1/src/rp2_common/hardware_pll/pll.c.o
                0x10002100                pll_init
 .text.watchdog_reboot
                0x100021a4       0x9c CMakeFiles/Tarefa_1.dir/home/ian-perigo/.pico-sdk/sdk/2.1.1/src/rp2_common/hardware_watchdog/watchdog.c.o
                0x100021a4                watchdog_reboot
 .text.tick_start
                0x10002240       0x10 CMakeFiles/Tarefa_1.dir/home/ian-perigo/.pico-sdk/sdk/2.1.1/src/rp2_common/hardware_ticks/ticks.c.o
                0x10002240                tick_start
 .text.rom_func_lookup
                0x10002250       0x10 CMakeFiles/Tarefa_1.dir/home/ian-perigo/.pico-sdk/sdk/2.1.1/src/rp2_common/pico_bootrom/bootrom.c.o
                0x10002250                rom_func_lookup
 .text.rom_data_lookup
                0x10002260       0x10 CMakeFiles/Tarefa_1.dir/home/ian-perigo/.pico-sdk/sdk/2.1.1/src/rp2_common/pico_bootrom/bootrom.c.o
                0x10002260                rom_data_lookup
 .text.rom_funcs_lookup
                0x10002270       0x44 CMakeFiles/Tarefa_1.dir/home/ian-perigo/.pico-sdk/sdk/2.1.1/src/rp2_common/pico_bootrom/bootrom.c.o
                0x10002270                rom_funcs_lookup
 .text.rom_reset_usb_boot_extra
                0x100022b4       0x24 CMakeFiles/Tarefa_1.dir/home/ian-perigo/.pico-sdk/sdk/2.1.1/src/rp2_common/pico_bootrom/bootrom.c.o
                0x100022b4                rom_reset_usb_boot_extra
 .text.xosc_init
                0x100022d8       0x28 CMakeFiles/Tarefa_1.dir/home/ian-perigo/.pico-sdk/sdk/2.1.1/src/rp2_common/hardware_xosc/xosc.c.o
                0x100022d8                xosc_init
 .text.first_per_core_initializer
                0x10002300        0x4 CMakeFiles/Tarefa_1.dir/home/ian-perigo/.pico-sdk/sdk/2.1.1/src/rp2_common/pico_runtime/runtime.c.o
 .text.hard_assertion_failure
                0x10002304        0xc CMakeFiles/Tarefa_1.dir/home/ian-perigo/.pico-sdk/sdk/2.1.1/src/rp2_common/pico_runtime/runtime.c.o
                0x10002304                hard_assertion_failure
 .text.runtime_run_initializers
                0x10002310       0x28 CMakeFiles/Tarefa_1.dir/home/ian-perigo/.pico-sdk/sdk/2.1.1/src/rp2_common/pico_runtime/runtime.c.o
                0x10002310                runtime_run_initializers
 .text.runtime_run_per_core_initializers
                0x10002338       0x28 CMakeFiles/Tarefa_1.dir/home/ian-perigo/.pico-sdk/sdk/2.1.1/src/rp2_common/pico_runtime/runtime.c.o
                0x10002338                runtime_run_per_core_initializers
 .text.runtime_init_early_resets
                0x10002360       0x2c CMakeFiles/Tarefa_1.dir/home/ian-perigo/.pico-sdk/sdk/2.1.1/src/rp2_common/pico_runtime_init/runtime_init.c.o
                0x10002360                runtime_init_early_resets
 .text.runtime_init_usb_power_down
                0x1000238c       0x1c CMakeFiles/Tarefa_1.dir/home/ian-perigo/.pico-sdk/sdk/2.1.1/src/rp2_common/pico_runtime_init/runtime_init.c.o
                0x1000238c                runtime_init_usb_power_down
 .text.runtime_init_post_clock_resets
                0x100023a8       0x20 CMakeFiles/Tarefa_1.dir/home/ian-perigo/.pico-sdk/sdk/2.1.1/src/rp2_common/pico_runtime_init/runtime_init.c.o
                0x100023a8                runtime_init_post_clock_resets
 .text.runtime_init_rp2040_gpio_ie_disable
                0x100023c8       0x14 CMakeFiles/Tarefa_1.dir/home/ian-perigo/.pico-sdk/sdk/2.1.1/src/rp2_common/pico_runtime_init/runtime_init.c.o
                0x100023c8                runtime_init_rp2040_gpio_ie_disable
 .text.runtime_init_spin_locks_reset
                0x100023dc        0x8 CMakeFiles/Tarefa_1.dir/home/ian-perigo/.pico-sdk/sdk/2.1.1/src/rp2_common/pico_runtime_init/runtime_init.c.o
                0x100023dc                runtime_init_spin_locks_reset
 .text.runtime_init_install_ram_vector_table
                0x100023e4       0x1c CMakeFiles/Tarefa_1.dir/home/ian-perigo/.pico-sdk/sdk/2.1.1/src/rp2_common/pico_runtime_init/runtime_init.c.o
                0x100023e4                runtime_init_install_ram_vector_table
 .text.runtime_init_clocks
                0x10002400       0xd8 CMakeFiles/Tarefa_1.dir/home/ian-perigo/.pico-sdk/sdk/2.1.1/src/rp2_common/pico_runtime_init/runtime_init_clocks.c.o
                0x10002400                runtime_init_clocks
 .text          0x100024d8       0x10 CMakeFiles/Tarefa_1.dir/home/ian-perigo/.pico-sdk/sdk/2.1.1/src/rp2_common/pico_bit_ops/bit_ops_aeabi.S.o
 .text.ctzsi    0x100024e8        0xc CMakeFiles/Tarefa_1.dir/home/ian-perigo/.pico-sdk/sdk/2.1.1/src/rp2_common/pico_bit_ops/bit_ops_aeabi.S.o
                0x100024e8                __wrap___ctzsi2
 .text.__wrap___aeabi_idiv
                0x100024f4       0x50 CMakeFiles/Tarefa_1.dir/home/ian-perigo/.pico-sdk/sdk/2.1.1/src/rp2_common/pico_divider/divider_hardware.S.o
                0x100024f4                __wrap___aeabi_idivmod
                0x100024f4                divmod_s32s32
                0x100024f4                div_s32s32
                0x100024f4                __wrap___aeabi_idiv
                0x100024fc                divmod_s32s32_unsafe
                0x10002528                divmod_s32s32_savestate
 .text.__wrap___aeabi_uidiv
                0x10002544       0x4c CMakeFiles/Tarefa_1.dir/home/ian-perigo/.pico-sdk/sdk/2.1.1/src/rp2_common/pico_divider/divider_hardware.S.o
                0x10002544                __wrap___aeabi_uidiv
                0x10002544                __wrap___aeabi_uidivmod
                0x10002544                div_u32u32
                0x10002544                divmod_u32u32
                0x1000254c                divmod_u32u32_unsafe
                0x10002574                divmod_u32u32_savestate
 .text.__wrap___aeabi_ldiv
                0x10002590      0x424 CMakeFiles/Tarefa_1.dir/home/ian-perigo/.pico-sdk/sdk/2.1.1/src/rp2_common/pico_divider/divider_hardware.S.o
                0x10002590                div_s64s64
                0x10002590                divmod_s64s64
                0x10002590                __wrap___aeabi_ldivmod
                0x100025c0                div_u64u64
                0x100025c0                divmod_u64u64
                0x100025c0                __wrap___aeabi_uldivmod
                0x100025d0                divmod_u64u64_savestate
                0x100025f0                divmod_s64s64_unsafe
                0x10002678                divmod_u64u64_unsafe
 .text.__wrap___aeabi_darithmetic
                0x100029b4       0x60 CMakeFiles/Tarefa_1.dir/home/ian-perigo/.pico-sdk/sdk/2.1.1/src/rp2_common/pico_double/double_aeabi_rp2040.S.o
                0x100029b4                __wrap___aeabi_drsub
                0x100029ba                __wrap___aeabi_dsub
                0x100029c4                __wrap___aeabi_dadd
                0x100029ce                __wrap___aeabi_ddiv
                0x10002a02                __wrap___aeabi_dmul
 .text.__wrap___aeabi_cdcmple
                0x10002a14       0x6c CMakeFiles/Tarefa_1.dir/home/ian-perigo/.pico-sdk/sdk/2.1.1/src/rp2_common/pico_double/double_aeabi_rp2040.S.o
                0x10002a14                __wrap___aeabi_cdrcmple
                0x10002a24                __wrap___aeabi_cdcmple
                0x10002a24                __wrap___aeabi_cdcmpeq
 .text.__wrap___aeabi_dcmplt
                0x10002a80        0xc CMakeFiles/Tarefa_1.dir/home/ian-perigo/.pico-sdk/sdk/2.1.1/src/rp2_common/pico_double/double_aeabi_rp2040.S.o
                0x10002a80                __wrap___aeabi_dcmplt
 .text.__wrap___aeabi_dcmple
                0x10002a8c       0x10 CMakeFiles/Tarefa_1.dir/home/ian-perigo/.pico-sdk/sdk/2.1.1/src/rp2_common/pico_double/double_aeabi_rp2040.S.o
                0x10002a8c                __wrap___aeabi_dcmple
 .text.__wrap___aeabi_dcmpge
                0x10002a9c       0x10 CMakeFiles/Tarefa_1.dir/home/ian-perigo/.pico-sdk/sdk/2.1.1/src/rp2_common/pico_double/double_aeabi_rp2040.S.o
                0x10002a9c                __wrap___aeabi_dcmpge
 .text.__wrap___aeabi_dcmpgt
                0x10002aac        0xa CMakeFiles/Tarefa_1.dir/home/ian-perigo/.pico-sdk/sdk/2.1.1/src/rp2_common/pico_double/double_aeabi_rp2040.S.o
                0x10002aac                __wrap___aeabi_dcmpgt
 .text.__wrap___aeabi_dcmpun
                0x10002ab6       0x18 CMakeFiles/Tarefa_1.dir/home/ian-perigo/.pico-sdk/sdk/2.1.1/src/rp2_common/pico_double/double_aeabi_rp2040.S.o
                0x10002ab6                __wrap___aeabi_dcmpun
 *fill*         0x10002ace        0x2 
 .text.__wrap___aeabi_i2d
                0x10002ad0       0x38 CMakeFiles/Tarefa_1.dir/home/ian-perigo/.pico-sdk/sdk/2.1.1/src/rp2_common/pico_double/double_aeabi_rp2040.S.o
                0x10002ad0                __wrap___aeabi_ui2d
                0x10002ad0                uint2double
                0x10002ad8                __wrap___aeabi_i2d
                0x10002ad8                int2double
 .text.__wrap___aeabi_d2iz
                0x10002b08       0x48 CMakeFiles/Tarefa_1.dir/home/ian-perigo/.pico-sdk/sdk/2.1.1/src/rp2_common/pico_double/double_aeabi_rp2040.S.o
                0x10002b08                __wrap___aeabi_d2iz
                0x10002b08                double2int_z
 .text.__wrap___aeabi_d2uiz
                0x10002b50       0x10 CMakeFiles/Tarefa_1.dir/home/ian-perigo/.pico-sdk/sdk/2.1.1/src/rp2_common/pico_double/double_aeabi_rp2040.S.o
                0x10002b50                double2uint_z
                0x10002b50                double2uint
                0x10002b50                __wrap___aeabi_d2uiz
 .text.__wrap___aeabi_d2f
                0x10002b60       0x10 CMakeFiles/Tarefa_1.dir/home/ian-perigo/.pico-sdk/sdk/2.1.1/src/rp2_common/pico_double/double_aeabi_rp2040.S.o
                0x10002b60                __wrap___aeabi_d2f
 .text.missing_double_func_shim
                0x10002b70        0xc CMakeFiles/Tarefa_1.dir/home/ian-perigo/.pico-sdk/sdk/2.1.1/src/rp2_common/pico_double/double_init_rom_rp2040.c.o
 .text.__aeabi_double_init
                0x10002b7c       0xa0 CMakeFiles/Tarefa_1.dir/home/ian-perigo/.pico-sdk/sdk/2.1.1/src/rp2_common/pico_double/double_init_rom_rp2040.c.o
                0x10002b7c                __aeabi_double_init
 .text.double_table_shim_on_use_helper
                0x10002c1c       0x2c CMakeFiles/Tarefa_1.dir/home/ian-perigo/.pico-sdk/sdk/2.1.1/src/rp2_common/pico_double/double_v1_rom_shim_rp2040.S.o
                0x10002c1c                double_table_shim_on_use_helper
 .text.__aeabi_lmul
                0x10002c48       0x32 CMakeFiles/Tarefa_1.dir/home/ian-perigo/.pico-sdk/sdk/2.1.1/src/rp2_common/pico_int64_ops/pico_int64_ops_aeabi.S.o
                0x10002c48                __wrap___aeabi_lmul
 *fill*         0x10002c7a        0x2 
 .text.__wrap___aeabi_f2d
                0x10002c7c        0xc CMakeFiles/Tarefa_1.dir/home/ian-perigo/.pico-sdk/sdk/2.1.1/src/rp2_common/pico_float/float_aeabi_rp2040.S.o
                0x10002c7c                __wrap___aeabi_f2d
 .text.missing_float_func_shim
                0x10002c88        0xc CMakeFiles/Tarefa_1.dir/home/ian-perigo/.pico-sdk/sdk/2.1.1/src/rp2_common/pico_float/float_init_rom_rp2040.c.o
 .text.__aeabi_float_init
                0x10002c94       0x5c CMakeFiles/Tarefa_1.dir/home/ian-perigo/.pico-sdk/sdk/2.1.1/src/rp2_common/pico_float/float_init_rom_rp2040.c.o
                0x10002c94                __aeabi_float_init
 .text.__wrap_malloc
                0x10002cf0       0x3c CMakeFiles/Tarefa_1.dir/home/ian-perigo/.pico-sdk/sdk/2.1.1/src/rp2_common/pico_malloc/malloc.c.o
                0x10002cf0                __wrap_malloc
 .text.__wrap_calloc
                0x10002d2c       0x44 CMakeFiles/Tarefa_1.dir/home/ian-perigo/.pico-sdk/sdk/2.1.1/src/rp2_common/pico_malloc/malloc.c.o
                0x10002d2c                __wrap_calloc
 .text.__wrap_realloc
                0x10002d70       0x40 CMakeFiles/Tarefa_1.dir/home/ian-perigo/.pico-sdk/sdk/2.1.1/src/rp2_common/pico_malloc/malloc.c.o
                0x10002d70                __wrap_realloc
 .text.__wrap_free
                0x10002db0       0x20 CMakeFiles/Tarefa_1.dir/home/ian-perigo/.pico-sdk/sdk/2.1.1/src/rp2_common/pico_malloc/malloc.c.o
                0x10002db0                __wrap_free
 .text          0x10002dd0       0x10 CMakeFiles/Tarefa_1.dir/home/ian-perigo/.pico-sdk/sdk/2.1.1/src/rp2_common/pico_mem_ops/mem_ops_aeabi.S.o
                0x10002dd0                __aeabi_mem_init
 .text.memset   0x10002de0        0xc CMakeFiles/Tarefa_1.dir/home/ian-perigo/.pico-sdk/sdk/2.1.1/src/rp2_common/pico_mem_ops/mem_ops_aeabi.S.o
                0x10002de0                __wrap_memset
 .text.memcpy   0x10002dec        0xc CMakeFiles/Tarefa_1.dir/home/ian-perigo/.pico-sdk/sdk/2.1.1/src/rp2_common/pico_mem_ops/mem_ops_aeabi.S.o
                0x10002dec                __wrap___aeabi_memcpy
                0x10002dec                __wrap_memcpy
 .text._out_buffer
                0x10002df8        0x8 CMakeFiles/Tarefa_1.dir/home/ian-perigo/.pico-sdk/sdk/2.1.1/src/rp2_common/pico_printf/printf.c.o
 .text._out_null
                0x10002e00        0x4 CMakeFiles/Tarefa_1.dir/home/ian-perigo/.pico-sdk/sdk/2.1.1/src/rp2_common/pico_printf/printf.c.o
 .text._out_rev
                0x10002e04       0xac CMakeFiles/Tarefa_1.dir/home/ian-perigo/.pico-sdk/sdk/2.1.1/src/rp2_common/pico_printf/printf.c.o
 .text._ntoa_format
                0x10002eb0      0x1cc CMakeFiles/Tarefa_1.dir/home/ian-perigo/.pico-sdk/sdk/2.1.1/src/rp2_common/pico_printf/printf.c.o
 .text._out_char
                0x1000307c       0x10 CMakeFiles/Tarefa_1.dir/home/ian-perigo/.pico-sdk/sdk/2.1.1/src/rp2_common/pico_printf/printf.c.o
 .text._out_fct
                0x1000308c       0x10 CMakeFiles/Tarefa_1.dir/home/ian-perigo/.pico-sdk/sdk/2.1.1/src/rp2_common/pico_printf/printf.c.o
 .text._ftoa    0x1000309c      0x4a8 CMakeFiles/Tarefa_1.dir/home/ian-perigo/.pico-sdk/sdk/2.1.1/src/rp2_common/pico_printf/printf.c.o
 .text._etoa    0x10003544      0x57c CMakeFiles/Tarefa_1.dir/home/ian-perigo/.pico-sdk/sdk/2.1.1/src/rp2_common/pico_printf/printf.c.o
 .text._vsnprintf
                0x10003ac0      0xbe0 CMakeFiles/Tarefa_1.dir/home/ian-perigo/.pico-sdk/sdk/2.1.1/src/rp2_common/pico_printf/printf.c.o
 .text.__wrap_snprintf
                0x100046a0       0x28 CMakeFiles/Tarefa_1.dir/home/ian-perigo/.pico-sdk/sdk/2.1.1/src/rp2_common/pico_printf/printf.c.o
                0x100046a0                __wrap_snprintf
 .text.vfctprintf
                0x100046c8       0x24 CMakeFiles/Tarefa_1.dir/home/ian-perigo/.pico-sdk/sdk/2.1.1/src/rp2_common/pico_printf/printf.c.o
                0x100046c8                vfctprintf
 .text.weak_raw_vprintf
                0x100046ec       0x30 CMakeFiles/Tarefa_1.dir/home/ian-perigo/.pico-sdk/sdk/2.1.1/src/rp2_common/pico_printf/printf.c.o
                0x100046ec                weak_raw_vprintf
 .text._exit    0x1000471c        0x4 CMakeFiles/Tarefa_1.dir/home/ian-perigo/.pico-sdk/sdk/2.1.1/src/rp2_common/pico_clib_interface/newlib_interface.c.o
                0x1000471c                _exit
 .text._sbrk    0x10004720       0x34 CMakeFiles/Tarefa_1.dir/home/ian-perigo/.pico-sdk/sdk/2.1.1/src/rp2_common/pico_clib_interface/newlib_interface.c.o
                0x10004720                _sbrk
 .text._gettimeofday
                0x10004754       0x30 CMakeFiles/Tarefa_1.dir/home/ian-perigo/.pico-sdk/sdk/2.1.1/src/rp2_common/pico_clib_interface/newlib_interface.c.o
                0x10004754                _gettimeofday
 .text.exit     0x10004784        0x8 CMakeFiles/Tarefa_1.dir/home/ian-perigo/.pico-sdk/sdk/2.1.1/src/rp2_common/pico_clib_interface/newlib_interface.c.o
                0x10004784                exit
 .text.runtime_init
                0x1000478c       0x2c CMakeFiles/Tarefa_1.dir/home/ian-perigo/.pico-sdk/sdk/2.1.1/src/rp2_common/pico_clib_interface/newlib_interface.c.o
                0x1000478c                runtime_init
 .text.stdio_out_chars_no_crlf
                0x100047b8       0x10 CMakeFiles/Tarefa_1.dir/home/ian-perigo/.pico-sdk/sdk/2.1.1/src/rp2_common/pico_stdio/stdio.c.o
 .text.stdio_out_chars_crlf
                0x100047c8       0xb0 CMakeFiles/Tarefa_1.dir/home/ian-perigo/.pico-sdk/sdk/2.1.1/src/rp2_common/pico_stdio/stdio.c.o
 .text.stdio_buffered_printer
                0x10004878       0x64 CMakeFiles/Tarefa_1.dir/home/ian-perigo/.pico-sdk/sdk/2.1.1/src/rp2_common/pico_stdio/stdio.c.o
 .text.stdio_put_string
                0x100048dc       0xfc CMakeFiles/Tarefa_1.dir/home/ian-perigo/.pico-sdk/sdk/2.1.1/src/rp2_common/pico_stdio/stdio.c.o
                0x100048dc                stdio_put_string
 .text.stdio_set_driver_enabled
                0x100049d8       0x30 CMakeFiles/Tarefa_1.dir/home/ian-perigo/.pico-sdk/sdk/2.1.1/src/rp2_common/pico_stdio/stdio.c.o
                0x100049d8                stdio_set_driver_enabled
 .text.stdio_init_all
                0x10004a08        0x8 CMakeFiles/Tarefa_1.dir/home/ian-perigo/.pico-sdk/sdk/2.1.1/src/rp2_common/pico_stdio/stdio.c.o
                0x10004a08                stdio_init_all
 .text.__wrap_putchar
                0x10004a10       0x94 CMakeFiles/Tarefa_1.dir/home/ian-perigo/.pico-sdk/sdk/2.1.1/src/rp2_common/pico_stdio/stdio.c.o
                0x10004a10                stdio_putchar
                0x10004a10                __wrap_putchar
 .text.__wrap_puts
                0x10004aa4       0x3c CMakeFiles/Tarefa_1.dir/home/ian-perigo/.pico-sdk/sdk/2.1.1/src/rp2_common/pico_stdio/stdio.c.o
                0x10004aa4                __wrap_puts
                0x10004aa4                stdio_puts
 .text.__wrap_vprintf
                0x10004ae0       0xcc CMakeFiles/Tarefa_1.dir/home/ian-perigo/.pico-sdk/sdk/2.1.1/src/rp2_common/pico_stdio/stdio.c.o
                0x10004ae0                __wrap_vprintf
                0x10004ae0                stdio_vprintf
 .text.__wrap_printf
                0x10004bac       0x18 CMakeFiles/Tarefa_1.dir/home/ian-perigo/.pico-sdk/sdk/2.1.1/src/rp2_common/pico_stdio/stdio.c.o
                0x10004bac                stdio_printf
                0x10004bac                __wrap_printf
 .text.resetd_init
                0x10004bc4        0x4 CMakeFiles/Tarefa_1.dir/home/ian-perigo/.pico-sdk/sdk/2.1.1/src/rp2_common/pico_stdio_usb/reset_interface.c.o
 .text.resetd_reset
                0x10004bc8        0xc CMakeFiles/Tarefa_1.dir/home/ian-perigo/.pico-sdk/sdk/2.1.1/src/rp2_common/pico_stdio_usb/reset_interface.c.o
 .text.resetd_open
                0x10004bd4       0x28 CMakeFiles/Tarefa_1.dir/home/ian-perigo/.pico-sdk/sdk/2.1.1/src/rp2_common/pico_stdio_usb/reset_interface.c.o
 .text.resetd_xfer_cb
                0x10004bfc        0x4 CMakeFiles/Tarefa_1.dir/home/ian-perigo/.pico-sdk/sdk/2.1.1/src/rp2_common/pico_stdio_usb/reset_interface.c.o
 .text.resetd_control_xfer_cb
                0x10004c00       0x54 CMakeFiles/Tarefa_1.dir/home/ian-perigo/.pico-sdk/sdk/2.1.1/src/rp2_common/pico_stdio_usb/reset_interface.c.o
 .text.tud_descriptor_bos_cb
                0x10004c54        0x8 CMakeFiles/Tarefa_1.dir/home/ian-perigo/.pico-sdk/sdk/2.1.1/src/rp2_common/pico_stdio_usb/reset_interface.c.o
                0x10004c54                tud_descriptor_bos_cb
 .text.tud_vendor_control_xfer_cb
                0x10004c5c       0x34 CMakeFiles/Tarefa_1.dir/home/ian-perigo/.pico-sdk/sdk/2.1.1/src/rp2_common/pico_stdio_usb/reset_interface.c.o
                0x10004c5c                tud_vendor_control_xfer_cb
 .text.usbd_app_driver_get_cb
                0x10004c90        0xc CMakeFiles/Tarefa_1.dir/home/ian-perigo/.pico-sdk/sdk/2.1.1/src/rp2_common/pico_stdio_usb/reset_interface.c.o
                0x10004c90                usbd_app_driver_get_cb
 .text.tud_cdc_line_coding_cb
                0x10004c9c       0x2c CMakeFiles/Tarefa_1.dir/home/ian-perigo/.pico-sdk/sdk/2.1.1/src/rp2_common/pico_stdio_usb/reset_interface.c.o
                0x10004c9c                tud_cdc_line_coding_cb
 .text.stdio_usb_set_chars_available_callback
                0x10004cc8       0x14 CMakeFiles/Tarefa_1.dir/home/ian-perigo/.pico-sdk/sdk/2.1.1/src/rp2_common/pico_stdio_usb/stdio_usb.c.o
                0x10004cc8                stdio_usb_set_chars_available_callback
 .text.usb_irq  0x10004cdc       0x10 CMakeFiles/Tarefa_1.dir/home/ian-perigo/.pico-sdk/sdk/2.1.1/src/rp2_common/pico_stdio_usb/stdio_usb.c.o
 .text.timer_task
                0x10004cec       0x64 CMakeFiles/Tarefa_1.dir/home/ian-perigo/.pico-sdk/sdk/2.1.1/src/rp2_common/pico_stdio_usb/stdio_usb.c.o
 .text.stdio_usb_in_chars
                0x10004d50       0x8c CMakeFiles/Tarefa_1.dir/home/ian-perigo/.pico-sdk/sdk/2.1.1/src/rp2_common/pico_stdio_usb/stdio_usb.c.o
                0x10004d50                stdio_usb_in_chars
 .text.stdio_usb_out_flush
                0x10004ddc       0x4c CMakeFiles/Tarefa_1.dir/home/ian-perigo/.pico-sdk/sdk/2.1.1/src/rp2_common/pico_stdio_usb/stdio_usb.c.o
 .text.stdio_usb_out_chars
                0x10004e28      0x100 CMakeFiles/Tarefa_1.dir/home/ian-perigo/.pico-sdk/sdk/2.1.1/src/rp2_common/pico_stdio_usb/stdio_usb.c.o
 .text.low_priority_worker_irq
                0x10004f28       0xc8 CMakeFiles/Tarefa_1.dir/home/ian-perigo/.pico-sdk/sdk/2.1.1/src/rp2_common/pico_stdio_usb/stdio_usb.c.o
 .text.stdio_usb_init
                0x10004ff0       0xe8 CMakeFiles/Tarefa_1.dir/home/ian-perigo/.pico-sdk/sdk/2.1.1/src/rp2_common/pico_stdio_usb/stdio_usb.c.o
                0x10004ff0                stdio_usb_init
 .text.tud_descriptor_device_cb
                0x100050d8        0x8 CMakeFiles/Tarefa_1.dir/home/ian-perigo/.pico-sdk/sdk/2.1.1/src/rp2_common/pico_stdio_usb/stdio_usb_descriptors.c.o
                0x100050d8                tud_descriptor_device_cb
 .text.tud_descriptor_configuration_cb
                0x100050e0        0x8 CMakeFiles/Tarefa_1.dir/home/ian-perigo/.pico-sdk/sdk/2.1.1/src/rp2_common/pico_stdio_usb/stdio_usb_descriptors.c.o
                0x100050e0                tud_descriptor_configuration_cb
 .text.tud_descriptor_string_cb
                0x100050e8       0x78 CMakeFiles/Tarefa_1.dir/home/ian-perigo/.pico-sdk/sdk/2.1.1/src/rp2_common/pico_stdio_usb/stdio_usb_descriptors.c.o
                0x100050e8                tud_descriptor_string_cb
 .text.startup._retrieve_unique_id_on_boot
                0x10005160       0x10 CMakeFiles/Tarefa_1.dir/home/ian-perigo/.pico-sdk/sdk/2.1.1/src/rp2_common/pico_unique_id/unique_id.c.o
 .text.pico_get_unique_board_id
                0x10005170       0x10 CMakeFiles/Tarefa_1.dir/home/ian-perigo/.pico-sdk/sdk/2.1.1/src/rp2_common/pico_unique_id/unique_id.c.o
                0x10005170                pico_get_unique_board_id
 .text.pico_get_unique_board_id_string
                0x10005180      0x1a8 CMakeFiles/Tarefa_1.dir/home/ian-perigo/.pico-sdk/sdk/2.1.1/src/rp2_common/pico_unique_id/unique_id.c.o
                0x10005180                pico_get_unique_board_id_string
 .text.flash_get_unique_id
                0x10005328       0x3c CMakeFiles/Tarefa_1.dir/home/ian-perigo/.pico-sdk/sdk/2.1.1/src/rp2_common/hardware_flash/flash.c.o
                0x10005328                flash_get_unique_id
 .text.dcd_init
                0x10005364       0x90 CMakeFiles/Tarefa_1.dir/home/ian-perigo/.pico-sdk/sdk/2.1.1/lib/tinyusb/src/portable/raspberrypi/rp2040/dcd_rp2040.c.o
                0x10005364                dcd_init
 .text.dcd_int_enable
                0x100053f4        0xc CMakeFiles/Tarefa_1.dir/home/ian-perigo/.pico-sdk/sdk/2.1.1/lib/tinyusb/src/portable/raspberrypi/rp2040/dcd_rp2040.c.o
                0x100053f4                dcd_int_enable
 .text.dcd_set_address
                0x10005400       0x14 CMakeFiles/Tarefa_1.dir/home/ian-perigo/.pico-sdk/sdk/2.1.1/lib/tinyusb/src/portable/raspberrypi/rp2040/dcd_rp2040.c.o
                0x10005400                dcd_set_address
 .text.dcd_sof_enable
                0x10005414       0x1c CMakeFiles/Tarefa_1.dir/home/ian-perigo/.pico-sdk/sdk/2.1.1/lib/tinyusb/src/portable/raspberrypi/rp2040/dcd_rp2040.c.o
                0x10005414                dcd_sof_enable
 .text.dcd_edpt0_status_complete
                0x10005430       0x1c CMakeFiles/Tarefa_1.dir/home/ian-perigo/.pico-sdk/sdk/2.1.1/lib/tinyusb/src/portable/raspberrypi/rp2040/dcd_rp2040.c.o
                0x10005430                dcd_edpt0_status_complete
 .text.dcd_edpt_open
                0x1000544c      0x114 CMakeFiles/Tarefa_1.dir/home/ian-perigo/.pico-sdk/sdk/2.1.1/lib/tinyusb/src/portable/raspberrypi/rp2040/dcd_rp2040.c.o
                0x1000544c                dcd_edpt_open
 .text.dcd_edpt_close_all
                0x10005560        0x8 CMakeFiles/Tarefa_1.dir/home/ian-perigo/.pico-sdk/sdk/2.1.1/lib/tinyusb/src/portable/raspberrypi/rp2040/dcd_rp2040.c.o
                0x10005560                dcd_edpt_close_all
 .text.dcd_edpt_xfer
                0x10005568       0x24 CMakeFiles/Tarefa_1.dir/home/ian-perigo/.pico-sdk/sdk/2.1.1/lib/tinyusb/src/portable/raspberrypi/rp2040/dcd_rp2040.c.o
                0x10005568                dcd_edpt_xfer
 .text.dcd_edpt_stall
                0x1000558c       0x3c CMakeFiles/Tarefa_1.dir/home/ian-perigo/.pico-sdk/sdk/2.1.1/lib/tinyusb/src/portable/raspberrypi/rp2040/dcd_rp2040.c.o
                0x1000558c                dcd_edpt_stall
 .text.dcd_edpt_clear_stall
                0x100055c8       0x30 CMakeFiles/Tarefa_1.dir/home/ian-perigo/.pico-sdk/sdk/2.1.1/lib/tinyusb/src/portable/raspberrypi/rp2040/dcd_rp2040.c.o
                0x100055c8                dcd_edpt_clear_stall
 .text.rp2040_usb_init
                0x100055f8       0x40 CMakeFiles/Tarefa_1.dir/home/ian-perigo/.pico-sdk/sdk/2.1.1/lib/tinyusb/src/portable/raspberrypi/rp2040/rp2040_usb.c.o
                0x100055f8                rp2040_usb_init
 .text.hw_endpoint_xfer_start
                0x10005638       0x40 CMakeFiles/Tarefa_1.dir/home/ian-perigo/.pico-sdk/sdk/2.1.1/lib/tinyusb/src/portable/raspberrypi/rp2040/rp2040_usb.c.o
                0x10005638                hw_endpoint_xfer_start
 .text.tud_event_hook_cb
                0x10005678        0x4 CMakeFiles/Tarefa_1.dir/home/ian-perigo/.pico-sdk/sdk/2.1.1/lib/tinyusb/src/device/usbd.c.o
                0x10005678                tud_event_hook_cb
 .text.tud_sof_cb
                0x1000567c        0x4 CMakeFiles/Tarefa_1.dir/home/ian-perigo/.pico-sdk/sdk/2.1.1/lib/tinyusb/src/device/usbd.c.o
                0x1000567c                tud_sof_cb
 .text.tud_descriptor_device_qualifier_cb
                0x10005680        0x4 CMakeFiles/Tarefa_1.dir/home/ian-perigo/.pico-sdk/sdk/2.1.1/lib/tinyusb/src/device/usbd.c.o
                0x10005680                tud_descriptor_device_qualifier_cb
 .text.tud_descriptor_other_speed_configuration_cb
                0x10005684        0x4 CMakeFiles/Tarefa_1.dir/home/ian-perigo/.pico-sdk/sdk/2.1.1/lib/tinyusb/src/device/usbd.c.o
                0x10005684                tud_descriptor_other_speed_configuration_cb
 .text.tud_mount_cb
                0x10005688        0x4 CMakeFiles/Tarefa_1.dir/home/ian-perigo/.pico-sdk/sdk/2.1.1/lib/tinyusb/src/device/usbd.c.o
                0x10005688                tud_mount_cb
 .text.tud_umount_cb
                0x1000568c        0x4 CMakeFiles/Tarefa_1.dir/home/ian-perigo/.pico-sdk/sdk/2.1.1/lib/tinyusb/src/device/usbd.c.o
                0x1000568c                tud_umount_cb
 .text.tud_suspend_cb
                0x10005690        0x4 CMakeFiles/Tarefa_1.dir/home/ian-perigo/.pico-sdk/sdk/2.1.1/lib/tinyusb/src/device/usbd.c.o
                0x10005690                tud_suspend_cb
 .text.tud_resume_cb
                0x10005694        0x4 CMakeFiles/Tarefa_1.dir/home/ian-perigo/.pico-sdk/sdk/2.1.1/lib/tinyusb/src/device/usbd.c.o
                0x10005694                tud_resume_cb
 .text.tud_mounted
                0x10005698       0x10 CMakeFiles/Tarefa_1.dir/home/ian-perigo/.pico-sdk/sdk/2.1.1/lib/tinyusb/src/device/usbd.c.o
                0x10005698                tud_mounted
 .text.tud_suspended
                0x100056a8       0x10 CMakeFiles/Tarefa_1.dir/home/ian-perigo/.pico-sdk/sdk/2.1.1/lib/tinyusb/src/device/usbd.c.o
                0x100056a8                tud_suspended
 .text.tud_rhport_init
                0x100056b8       0xf4 CMakeFiles/Tarefa_1.dir/home/ian-perigo/.pico-sdk/sdk/2.1.1/lib/tinyusb/src/device/usbd.c.o
                0x100056b8                tud_rhport_init
 .text.tud_task_ext
                0x100057ac      0x800 CMakeFiles/Tarefa_1.dir/home/ian-perigo/.pico-sdk/sdk/2.1.1/lib/tinyusb/src/device/usbd.c.o
                0x100057ac                tud_task_ext
 .text.usbd_open_edpt_pair
                0x10005fac       0x9c CMakeFiles/Tarefa_1.dir/home/ian-perigo/.pico-sdk/sdk/2.1.1/lib/tinyusb/src/device/usbd.c.o
                0x10005fac                usbd_open_edpt_pair
 .text.usbd_edpt_open
                0x10006048       0x34 CMakeFiles/Tarefa_1.dir/home/ian-perigo/.pico-sdk/sdk/2.1.1/lib/tinyusb/src/device/usbd.c.o
                0x10006048                usbd_edpt_open
 .text.usbd_edpt_claim
                0x1000607c       0x28 CMakeFiles/Tarefa_1.dir/home/ian-perigo/.pico-sdk/sdk/2.1.1/lib/tinyusb/src/device/usbd.c.o
                0x1000607c                usbd_edpt_claim
 .text.usbd_edpt_release
                0x100060a4       0x28 CMakeFiles/Tarefa_1.dir/home/ian-perigo/.pico-sdk/sdk/2.1.1/lib/tinyusb/src/device/usbd.c.o
                0x100060a4                usbd_edpt_release
 .text.usbd_edpt_xfer
                0x100060cc       0x4c CMakeFiles/Tarefa_1.dir/home/ian-perigo/.pico-sdk/sdk/2.1.1/lib/tinyusb/src/device/usbd.c.o
                0x100060cc                usbd_edpt_xfer
 .text.tud_control_status
                0x10006118       0x2c CMakeFiles/Tarefa_1.dir/home/ian-perigo/.pico-sdk/sdk/2.1.1/lib/tinyusb/src/device/usbd_control.c.o
                0x10006118                tud_control_status
 .text.tud_control_xfer
                0x10006144       0xa8 CMakeFiles/Tarefa_1.dir/home/ian-perigo/.pico-sdk/sdk/2.1.1/lib/tinyusb/src/device/usbd_control.c.o
                0x10006144                tud_control_xfer
 .text.usbd_control_reset
                0x100061ec       0x14 CMakeFiles/Tarefa_1.dir/home/ian-perigo/.pico-sdk/sdk/2.1.1/lib/tinyusb/src/device/usbd_control.c.o
                0x100061ec                usbd_control_reset
 .text.usbd_control_set_complete_callback
                0x10006200        0xc CMakeFiles/Tarefa_1.dir/home/ian-perigo/.pico-sdk/sdk/2.1.1/lib/tinyusb/src/device/usbd_control.c.o
                0x10006200                usbd_control_set_complete_callback
 .text.usbd_control_set_request
                0x1000620c       0x1c CMakeFiles/Tarefa_1.dir/home/ian-perigo/.pico-sdk/sdk/2.1.1/lib/tinyusb/src/device/usbd_control.c.o
                0x1000620c                usbd_control_set_request
 .text.usbd_control_xfer_cb
                0x10006228       0xec CMakeFiles/Tarefa_1.dir/home/ian-perigo/.pico-sdk/sdk/2.1.1/lib/tinyusb/src/device/usbd_control.c.o
                0x10006228                usbd_control_xfer_cb
 .text._prep_out_transaction.isra.0
                0x10006314       0x6c CMakeFiles/Tarefa_1.dir/home/ian-perigo/.pico-sdk/sdk/2.1.1/lib/tinyusb/src/class/cdc/cdc_device.c.o
 .text.tud_cdc_n_connected
                0x10006380       0x2c CMakeFiles/Tarefa_1.dir/home/ian-perigo/.pico-sdk/sdk/2.1.1/lib/tinyusb/src/class/cdc/cdc_device.c.o
                0x10006380                tud_cdc_n_connected
 .text.tud_cdc_n_available
                0x100063ac       0x14 CMakeFiles/Tarefa_1.dir/home/ian-perigo/.pico-sdk/sdk/2.1.1/lib/tinyusb/src/class/cdc/cdc_device.c.o
                0x100063ac                tud_cdc_n_available
 .text.tud_cdc_n_read
                0x100063c0       0x88 CMakeFiles/Tarefa_1.dir/home/ian-perigo/.pico-sdk/sdk/2.1.1/lib/tinyusb/src/class/cdc/cdc_device.c.o
                0x100063c0                tud_cdc_n_read
 .text.tud_cdc_n_write_flush
                0x10006448       0x74 CMakeFiles/Tarefa_1.dir/home/ian-perigo/.pico-sdk/sdk/2.1.1/lib/tinyusb/src/class/cdc/cdc_device.c.o
                0x10006448                tud_cdc_n_write_flush
 .text.tud_cdc_n_write
                0x100064bc       0x40 CMakeFiles/Tarefa_1.dir/home/ian-perigo/.pico-sdk/sdk/2.1.1/lib/tinyusb/src/class/cdc/cdc_device.c.o
                0x100064bc                tud_cdc_n_write
 .text.tud_cdc_n_write_available
                0x100064fc       0x14 CMakeFiles/Tarefa_1.dir/home/ian-perigo/.pico-sdk/sdk/2.1.1/lib/tinyusb/src/class/cdc/cdc_device.c.o
                0x100064fc                tud_cdc_n_write_available
 .text.cdcd_init
                0x10006510       0x70 CMakeFiles/Tarefa_1.dir/home/ian-perigo/.pico-sdk/sdk/2.1.1/lib/tinyusb/src/class/cdc/cdc_device.c.o
                0x10006510                cdcd_init
 .text.cdcd_deinit
                0x10006580       0x30 CMakeFiles/Tarefa_1.dir/home/ian-perigo/.pico-sdk/sdk/2.1.1/lib/tinyusb/src/class/cdc/cdc_device.c.o
                0x10006580                cdcd_deinit
 .text.cdcd_reset
                0x100065b0       0x4c CMakeFiles/Tarefa_1.dir/home/ian-perigo/.pico-sdk/sdk/2.1.1/lib/tinyusb/src/class/cdc/cdc_device.c.o
                0x100065b0                cdcd_reset
 .text.cdcd_open
                0x100065fc       0xa4 CMakeFiles/Tarefa_1.dir/home/ian-perigo/.pico-sdk/sdk/2.1.1/lib/tinyusb/src/class/cdc/cdc_device.c.o
                0x100065fc                cdcd_open
 .text.cdcd_control_xfer_cb
                0x100066a0       0xe8 CMakeFiles/Tarefa_1.dir/home/ian-perigo/.pico-sdk/sdk/2.1.1/lib/tinyusb/src/class/cdc/cdc_device.c.o
                0x100066a0                cdcd_control_xfer_cb
 .text.cdcd_xfer_cb
                0x10006788      0x100 CMakeFiles/Tarefa_1.dir/home/ian-perigo/.pico-sdk/sdk/2.1.1/lib/tinyusb/src/class/cdc/cdc_device.c.o
                0x10006788                cdcd_xfer_cb
 .text.vendord_init
                0x10006888       0x5c CMakeFiles/Tarefa_1.dir/home/ian-perigo/.pico-sdk/sdk/2.1.1/lib/tinyusb/src/class/vendor/vendor_device.c.o
                0x10006888                vendord_init
 .text.vendord_deinit
                0x100068e4       0x1c CMakeFiles/Tarefa_1.dir/home/ian-perigo/.pico-sdk/sdk/2.1.1/lib/tinyusb/src/class/vendor/vendor_device.c.o
                0x100068e4                vendord_deinit
 .text.vendord_reset
                0x10006900       0x28 CMakeFiles/Tarefa_1.dir/home/ian-perigo/.pico-sdk/sdk/2.1.1/lib/tinyusb/src/class/vendor/vendor_device.c.o
                0x10006900                vendord_reset
 .text.vendord_open
                0x10006928      0x120 CMakeFiles/Tarefa_1.dir/home/ian-perigo/.pico-sdk/sdk/2.1.1/lib/tinyusb/src/class/vendor/vendor_device.c.o
                0x10006928                vendord_open
 .text.vendord_xfer_cb
                0x10006a48       0x9c CMakeFiles/Tarefa_1.dir/home/ian-perigo/.pico-sdk/sdk/2.1.1/lib/tinyusb/src/class/vendor/vendor_device.c.o
                0x10006a48                vendord_xfer_cb
 .text.tusb_rhport_init
                0x10006ae4       0x4c CMakeFiles/Tarefa_1.dir/home/ian-perigo/.pico-sdk/sdk/2.1.1/lib/tinyusb/src/tusb.c.o
                0x10006ae4                tusb_rhport_init
 .text.tu_edpt_claim
                0x10006b30       0x50 CMakeFiles/Tarefa_1.dir/home/ian-perigo/.pico-sdk/sdk/2.1.1/lib/tinyusb/src/tusb.c.o
                0x10006b30                tu_edpt_claim
 .text.tu_edpt_release
                0x10006b80       0x38 CMakeFiles/Tarefa_1.dir/home/ian-perigo/.pico-sdk/sdk/2.1.1/lib/tinyusb/src/tusb.c.o
                0x10006b80                tu_edpt_release
 .text.tu_edpt_validate
                0x10006bb8       0x7c CMakeFiles/Tarefa_1.dir/home/ian-perigo/.pico-sdk/sdk/2.1.1/lib/tinyusb/src/tusb.c.o
                0x10006bb8                tu_edpt_validate
 .text.tu_edpt_bind_driver
                0x10006c34       0x34 CMakeFiles/Tarefa_1.dir/home/ian-perigo/.pico-sdk/sdk/2.1.1/lib/tinyusb/src/tusb.c.o
                0x10006c34                tu_edpt_bind_driver
 .text.tu_edpt_stream_init
                0x10006c68       0x6c CMakeFiles/Tarefa_1.dir/home/ian-perigo/.pico-sdk/sdk/2.1.1/lib/tinyusb/src/tusb.c.o
                0x10006c68                tu_edpt_stream_init
 .text.tu_edpt_stream_deinit
                0x10006cd4        0x4 CMakeFiles/Tarefa_1.dir/home/ian-perigo/.pico-sdk/sdk/2.1.1/lib/tinyusb/src/tusb.c.o
                0x10006cd4                tu_edpt_stream_deinit
 .text.tu_edpt_stream_write_zlp_if_needed
                0x10006cd8       0x68 CMakeFiles/Tarefa_1.dir/home/ian-perigo/.pico-sdk/sdk/2.1.1/lib/tinyusb/src/tusb.c.o
                0x10006cd8                tu_edpt_stream_write_zlp_if_needed
 .text.tu_edpt_stream_write_xfer
                0x10006d40       0x68 CMakeFiles/Tarefa_1.dir/home/ian-perigo/.pico-sdk/sdk/2.1.1/lib/tinyusb/src/tusb.c.o
                0x10006d40                tu_edpt_stream_write_xfer
 .text.tu_edpt_stream_read_xfer
                0x10006da8       0xd8 CMakeFiles/Tarefa_1.dir/home/ian-perigo/.pico-sdk/sdk/2.1.1/lib/tinyusb/src/tusb.c.o
                0x10006da8                tu_edpt_stream_read_xfer
 .text.tu_fifo_config
                0x10006e80       0x6c CMakeFiles/Tarefa_1.dir/home/ian-perigo/.pico-sdk/sdk/2.1.1/lib/tinyusb/src/common/tusb_fifo.c.o
                0x10006e80                tu_fifo_config
 .text.tu_fifo_count
                0x10006eec       0x2c CMakeFiles/Tarefa_1.dir/home/ian-perigo/.pico-sdk/sdk/2.1.1/lib/tinyusb/src/common/tusb_fifo.c.o
                0x10006eec                tu_fifo_count
 .text.tu_fifo_empty
                0x10006f18       0x10 CMakeFiles/Tarefa_1.dir/home/ian-perigo/.pico-sdk/sdk/2.1.1/lib/tinyusb/src/common/tusb_fifo.c.o
                0x10006f18                tu_fifo_empty
 .text.tu_fifo_remaining
                0x10006f28       0x2c CMakeFiles/Tarefa_1.dir/home/ian-perigo/.pico-sdk/sdk/2.1.1/lib/tinyusb/src/common/tusb_fifo.c.o
                0x10006f28                tu_fifo_remaining
 .text.tu_fifo_read
                0x10006f54       0x9c CMakeFiles/Tarefa_1.dir/home/ian-perigo/.pico-sdk/sdk/2.1.1/lib/tinyusb/src/common/tusb_fifo.c.o
                0x10006f54                tu_fifo_read
 .text.tu_fifo_read_n
                0x10006ff0       0xe8 CMakeFiles/Tarefa_1.dir/home/ian-perigo/.pico-sdk/sdk/2.1.1/lib/tinyusb/src/common/tusb_fifo.c.o
                0x10006ff0                tu_fifo_read_n
 .text.tu_fifo_write
                0x100070d8       0xa4 CMakeFiles/Tarefa_1.dir/home/ian-perigo/.pico-sdk/sdk/2.1.1/lib/tinyusb/src/common/tusb_fifo.c.o
                0x100070d8                tu_fifo_write
 .text.tu_fifo_write_n
                0x1000717c      0x178 CMakeFiles/Tarefa_1.dir/home/ian-perigo/.pico-sdk/sdk/2.1.1/lib/tinyusb/src/common/tusb_fifo.c.o
                0x1000717c                tu_fifo_write_n
 .text.tu_fifo_clear
                0x100072f4       0x40 CMakeFiles/Tarefa_1.dir/home/ian-perigo/.pico-sdk/sdk/2.1.1/lib/tinyusb/src/common/tusb_fifo.c.o
                0x100072f4                tu_fifo_clear
 .text.tu_fifo_set_overwritable
                0x10007334       0x48 CMakeFiles/Tarefa_1.dir/home/ian-perigo/.pico-sdk/sdk/2.1.1/lib/tinyusb/src/common/tusb_fifo.c.o
                0x10007334                tu_fifo_set_overwritable
 .text.vPortSVCHandler
                0x1000737c        0x4 CMakeFiles/Tarefa_1.dir/home/ian-perigo/Rasp/Build/FreeRTOS-LTS/FreeRTOS/FreeRTOS-Kernel/portable/ThirdParty/GCC/RP2040/port.c.o
                0x1000737c                vPortSVCHandler
 .text.vPortStartFirstTask
                0x10007380       0x38 CMakeFiles/Tarefa_1.dir/home/ian-perigo/Rasp/Build/FreeRTOS-LTS/FreeRTOS/FreeRTOS-Kernel/portable/ThirdParty/GCC/RP2040/port.c.o
 .text.prvFIFOInterruptHandler
                0x100073b8       0x2c CMakeFiles/Tarefa_1.dir/home/ian-perigo/Rasp/Build/FreeRTOS-LTS/FreeRTOS/FreeRTOS-Kernel/portable/ThirdParty/GCC/RP2040/port.c.o
 *fill*         0x100073e4        0xc 
 .text.xPortPendSVHandler
                0x100073f0       0x78 CMakeFiles/Tarefa_1.dir/home/ian-perigo/Rasp/Build/FreeRTOS-LTS/FreeRTOS/FreeRTOS-Kernel/portable/ThirdParty/GCC/RP2040/port.c.o
                0x100073f0                xPortPendSVHandler
 .text.xPortSysTickHandler
                0x10007468       0x24 CMakeFiles/Tarefa_1.dir/home/ian-perigo/Rasp/Build/FreeRTOS-LTS/FreeRTOS/FreeRTOS-Kernel/portable/ThirdParty/GCC/RP2040/port.c.o
                0x10007468                xPortSysTickHandler
 .text.prvTaskExitError
                0x1000748c        0x8 CMakeFiles/Tarefa_1.dir/home/ian-perigo/Rasp/Build/FreeRTOS-LTS/FreeRTOS/FreeRTOS-Kernel/portable/ThirdParty/GCC/RP2040/port.c.o
 .text.pxPortInitialiseStack
                0x10007494       0x20 CMakeFiles/Tarefa_1.dir/home/ian-perigo/Rasp/Build/FreeRTOS-LTS/FreeRTOS/FreeRTOS-Kernel/portable/ThirdParty/GCC/RP2040/port.c.o
                0x10007494                pxPortInitialiseStack
 .text.vPortYield
                0x100074b4       0x18 CMakeFiles/Tarefa_1.dir/home/ian-perigo/Rasp/Build/FreeRTOS-LTS/FreeRTOS/FreeRTOS-Kernel/portable/ThirdParty/GCC/RP2040/port.c.o
                0x100074b4                vPortYield
 .text.vPortEnableInterrupts
                0x100074cc       0x30 CMakeFiles/Tarefa_1.dir/home/ian-perigo/Rasp/Build/FreeRTOS-LTS/FreeRTOS/FreeRTOS-Kernel/portable/ThirdParty/GCC/RP2040/port.c.o
                0x100074cc                vPortEnableInterrupts
 .text.ulSetInterruptMaskFromISR
                0x100074fc        0x8 CMakeFiles/Tarefa_1.dir/home/ian-perigo/Rasp/Build/FreeRTOS-LTS/FreeRTOS/FreeRTOS-Kernel/portable/ThirdParty/GCC/RP2040/port.c.o
                0x100074fc                ulSetInterruptMaskFromISR
 .text.vClearInterruptMaskFromISR
                0x10007504        0x8 CMakeFiles/Tarefa_1.dir/home/ian-perigo/Rasp/Build/FreeRTOS-LTS/FreeRTOS/FreeRTOS-Kernel/portable/ThirdParty/GCC/RP2040/port.c.o
                0x10007504                vClearInterruptMaskFromISR
 .text.vYieldCore
                0x1000750c        0xc CMakeFiles/Tarefa_1.dir/home/ian-perigo/Rasp/Build/FreeRTOS-LTS/FreeRTOS/FreeRTOS-Kernel/portable/ThirdParty/GCC/RP2040/port.c.o
                0x1000750c                vYieldCore
 .text.vPortSetupTimerInterrupt
                0x10007518       0x34 CMakeFiles/Tarefa_1.dir/home/ian-perigo/Rasp/Build/FreeRTOS-LTS/FreeRTOS/FreeRTOS-Kernel/portable/ThirdParty/GCC/RP2040/port.c.o
                0x10007518                vPortSetupTimerInterrupt
 .text.xPortStartSchedulerOnCore.isra.0
                0x1000754c       0xa4 CMakeFiles/Tarefa_1.dir/home/ian-perigo/Rasp/Build/FreeRTOS-LTS/FreeRTOS/FreeRTOS-Kernel/portable/ThirdParty/GCC/RP2040/port.c.o
 .text.prvDisableInterruptsAndPortStartSchedulerOnCore
                0x100075f0        0x8 CMakeFiles/Tarefa_1.dir/home/ian-perigo/Rasp/Build/FreeRTOS-LTS/FreeRTOS/FreeRTOS-Kernel/portable/ThirdParty/GCC/RP2040/port.c.o
 .text.xPortStartScheduler
                0x100075f8       0x28 CMakeFiles/Tarefa_1.dir/home/ian-perigo/Rasp/Build/FreeRTOS-LTS/FreeRTOS/FreeRTOS-Kernel/portable/ThirdParty/GCC/RP2040/port.c.o
                0x100075f8                xPortStartScheduler
 .text.ulPortLockGetCurrentOwnerId
                0x10007620       0x30 CMakeFiles/Tarefa_1.dir/home/ian-perigo/Rasp/Build/FreeRTOS-LTS/FreeRTOS/FreeRTOS-Kernel/portable/ThirdParty/GCC/RP2040/port.c.o
                0x10007620                ulPortLockGetCurrentOwnerId
 .text.vPortLockInternalSpinUnlockWithWait
                0x10007650       0x68 CMakeFiles/Tarefa_1.dir/home/ian-perigo/Rasp/Build/FreeRTOS-LTS/FreeRTOS/FreeRTOS-Kernel/portable/ThirdParty/GCC/RP2040/port.c.o
                0x10007650                vPortLockInternalSpinUnlockWithWait
 .text.vPortLockInternalSpinUnlockWithNotify
                0x100076b8       0x80 CMakeFiles/Tarefa_1.dir/home/ian-perigo/Rasp/Build/FreeRTOS-LTS/FreeRTOS/FreeRTOS-Kernel/portable/ThirdParty/GCC/RP2040/port.c.o
                0x100076b8                vPortLockInternalSpinUnlockWithNotify
 .text.xPortLockInternalSpinUnlockWithBestEffortWaitOrTimeout
                0x10007738       0xe8 CMakeFiles/Tarefa_1.dir/home/ian-perigo/Rasp/Build/FreeRTOS-LTS/FreeRTOS/FreeRTOS-Kernel/portable/ThirdParty/GCC/RP2040/port.c.o
                0x10007738                xPortLockInternalSpinUnlockWithBestEffortWaitOrTimeout
 .text.startup.prvRuntimeInitializer
                0x10007820       0x10 CMakeFiles/Tarefa_1.dir/home/ian-perigo/Rasp/Build/FreeRTOS-LTS/FreeRTOS/FreeRTOS-Kernel/portable/ThirdParty/GCC/RP2040/port.c.o
 .text.vEventGroupSetBitsCallback
                0x10007830       0x90 CMakeFiles/Tarefa_1.dir/home/ian-perigo/Rasp/Build/FreeRTOS-LTS/FreeRTOS/FreeRTOS-Kernel/event_groups.c.o
                0x10007830                vEventGroupSetBitsCallback
 .text.xEventGroupCreate
                0x100078c0       0x18 CMakeFiles/Tarefa_1.dir/home/ian-perigo/Rasp/Build/FreeRTOS-LTS/FreeRTOS/FreeRTOS-Kernel/event_groups.c.o
                0x100078c0                xEventGroupCreate
 .text.xEventGroupWaitBits
                0x100078d8       0xb8 CMakeFiles/Tarefa_1.dir/home/ian-perigo/Rasp/Build/FreeRTOS-LTS/FreeRTOS/FreeRTOS-Kernel/event_groups.c.o
                0x100078d8                xEventGroupWaitBits
 .text.xEventGroupClearBits
                0x10007990       0x1c CMakeFiles/Tarefa_1.dir/home/ian-perigo/Rasp/Build/FreeRTOS-LTS/FreeRTOS/FreeRTOS-Kernel/event_groups.c.o
                0x10007990                xEventGroupClearBits
 .text.xEventGroupSetBits
                0x100079ac       0x94 CMakeFiles/Tarefa_1.dir/home/ian-perigo/Rasp/Build/FreeRTOS-LTS/FreeRTOS/FreeRTOS-Kernel/event_groups.c.o
                0x100079ac                xEventGroupSetBits
 .text.xEventGroupSetBitsFromISR
                0x10007a40       0x18 CMakeFiles/Tarefa_1.dir/home/ian-perigo/Rasp/Build/FreeRTOS-LTS/FreeRTOS/FreeRTOS-Kernel/event_groups.c.o
                0x10007a40                xEventGroupSetBitsFromISR
 .text.vListInitialise
                0x10007a58       0x18 CMakeFiles/Tarefa_1.dir/home/ian-perigo/Rasp/Build/FreeRTOS-LTS/FreeRTOS/FreeRTOS-Kernel/list.c.o
                0x10007a58                vListInitialise
 .text.vListInitialiseItem
                0x10007a70        0x8 CMakeFiles/Tarefa_1.dir/home/ian-perigo/Rasp/Build/FreeRTOS-LTS/FreeRTOS/FreeRTOS-Kernel/list.c.o
                0x10007a70                vListInitialiseItem
 .text.vListInsertEnd
                0x10007a78       0x18 CMakeFiles/Tarefa_1.dir/home/ian-perigo/Rasp/Build/FreeRTOS-LTS/FreeRTOS/FreeRTOS-Kernel/list.c.o
                0x10007a78                vListInsertEnd
 .text.vListInsert
                0x10007a90       0x30 CMakeFiles/Tarefa_1.dir/home/ian-perigo/Rasp/Build/FreeRTOS-LTS/FreeRTOS/FreeRTOS-Kernel/list.c.o
                0x10007a90                vListInsert
 .text.uxListRemove
                0x10007ac0       0x20 CMakeFiles/Tarefa_1.dir/home/ian-perigo/Rasp/Build/FreeRTOS-LTS/FreeRTOS/FreeRTOS-Kernel/list.c.o
                0x10007ac0                uxListRemove
 .text.prvUnlockQueue
                0x10007ae0      0x17c CMakeFiles/Tarefa_1.dir/home/ian-perigo/Rasp/Build/FreeRTOS-LTS/FreeRTOS/FreeRTOS-Kernel/queue.c.o
 .text.prvNotifyQueueSetContainer
                0x10007c5c       0x90 CMakeFiles/Tarefa_1.dir/home/ian-perigo/Rasp/Build/FreeRTOS-LTS/FreeRTOS/FreeRTOS-Kernel/queue.c.o
 .text.xQueueGenericCreate
                0x10007cec       0xa4 CMakeFiles/Tarefa_1.dir/home/ian-perigo/Rasp/Build/FreeRTOS-LTS/FreeRTOS/FreeRTOS-Kernel/queue.c.o
                0x10007cec                xQueueGenericCreate
 .text.xQueueGenericSend
                0x10007d90      0x1d4 CMakeFiles/Tarefa_1.dir/home/ian-perigo/Rasp/Build/FreeRTOS-LTS/FreeRTOS/FreeRTOS-Kernel/queue.c.o
                0x10007d90                xQueueGenericSend
 .text.xQueueGenericSendFromISR
                0x10007f64      0x150 CMakeFiles/Tarefa_1.dir/home/ian-perigo/Rasp/Build/FreeRTOS-LTS/FreeRTOS/FreeRTOS-Kernel/queue.c.o
                0x10007f64                xQueueGenericSendFromISR
 .text.xQueueReceive
                0x100080b4      0x11c CMakeFiles/Tarefa_1.dir/home/ian-perigo/Rasp/Build/FreeRTOS-LTS/FreeRTOS/FreeRTOS-Kernel/queue.c.o
                0x100080b4                xQueueReceive
 .text.vQueueAddToRegistry
                0x100081d0      0x118 CMakeFiles/Tarefa_1.dir/home/ian-perigo/Rasp/Build/FreeRTOS-LTS/FreeRTOS/FreeRTOS-Kernel/queue.c.o
                0x100081d0                vQueueAddToRegistry
 .text.vQueueWaitForMessageRestricted
                0x100082e8       0x48 CMakeFiles/Tarefa_1.dir/home/ian-perigo/Rasp/Build/FreeRTOS-LTS/FreeRTOS/FreeRTOS-Kernel/queue.c.o
                0x100082e8                vQueueWaitForMessageRestricted
 .text.prvPassiveIdleTask
                0x10008330       0x20 CMakeFiles/Tarefa_1.dir/home/ian-perigo/Rasp/Build/FreeRTOS-LTS/FreeRTOS/FreeRTOS-Kernel/tasks.c.o
 .text.prvYieldForTask
                0x10008350       0xe0 CMakeFiles/Tarefa_1.dir/home/ian-perigo/Rasp/Build/FreeRTOS-LTS/FreeRTOS/FreeRTOS-Kernel/tasks.c.o
 .text.prvAddCurrentTaskToDelayedList
                0x10008430      0x144 CMakeFiles/Tarefa_1.dir/home/ian-perigo/Rasp/Build/FreeRTOS-LTS/FreeRTOS/FreeRTOS-Kernel/tasks.c.o
 .text.prvCreateTask
                0x10008574      0x158 CMakeFiles/Tarefa_1.dir/home/ian-perigo/Rasp/Build/FreeRTOS-LTS/FreeRTOS/FreeRTOS-Kernel/tasks.c.o
 .text.prvCheckForRunStateChange
                0x100086cc      0x14c CMakeFiles/Tarefa_1.dir/home/ian-perigo/Rasp/Build/FreeRTOS-LTS/FreeRTOS/FreeRTOS-Kernel/tasks.c.o
 .text.vTaskSuspendAll.part.0
                0x10008818       0xd0 CMakeFiles/Tarefa_1.dir/home/ian-perigo/Rasp/Build/FreeRTOS-LTS/FreeRTOS/FreeRTOS-Kernel/tasks.c.o
 .text.vTaskExitCritical.part.0
                0x100088e8       0x94 CMakeFiles/Tarefa_1.dir/home/ian-perigo/Rasp/Build/FreeRTOS-LTS/FreeRTOS/FreeRTOS-Kernel/tasks.c.o
 .text.prvCheckTasksWaitingTermination
                0x1000897c      0x158 CMakeFiles/Tarefa_1.dir/home/ian-perigo/Rasp/Build/FreeRTOS-LTS/FreeRTOS/FreeRTOS-Kernel/tasks.c.o
 .text.prvIdleTask
                0x10008ad4       0x1c CMakeFiles/Tarefa_1.dir/home/ian-perigo/Rasp/Build/FreeRTOS-LTS/FreeRTOS/FreeRTOS-Kernel/tasks.c.o
 .text.vTaskCoreAffinitySet
                0x10008af0      0x17c CMakeFiles/Tarefa_1.dir/home/ian-perigo/Rasp/Build/FreeRTOS-LTS/FreeRTOS/FreeRTOS-Kernel/tasks.c.o
                0x10008af0                vTaskCoreAffinitySet
 .text.vTaskSuspendAll
                0x10008c6c       0xd0 CMakeFiles/Tarefa_1.dir/home/ian-perigo/Rasp/Build/FreeRTOS-LTS/FreeRTOS/FreeRTOS-Kernel/tasks.c.o
                0x10008c6c                vTaskSuspendAll
 .text.xTaskGetTickCount
                0x10008d3c        0xc CMakeFiles/Tarefa_1.dir/home/ian-perigo/Rasp/Build/FreeRTOS-LTS/FreeRTOS/FreeRTOS-Kernel/tasks.c.o
                0x10008d3c                xTaskGetTickCount
 .text.uxTaskGetNumberOfTasks
                0x10008d48        0xc CMakeFiles/Tarefa_1.dir/home/ian-perigo/Rasp/Build/FreeRTOS-LTS/FreeRTOS/FreeRTOS-Kernel/tasks.c.o
                0x10008d48                uxTaskGetNumberOfTasks
 .text.xTaskIncrementTick
                0x10008d54      0x24c CMakeFiles/Tarefa_1.dir/home/ian-perigo/Rasp/Build/FreeRTOS-LTS/FreeRTOS/FreeRTOS-Kernel/tasks.c.o
                0x10008d54                xTaskIncrementTick
 .text.vTaskSwitchContext
                0x10008fa0      0x358 CMakeFiles/Tarefa_1.dir/home/ian-perigo/Rasp/Build/FreeRTOS-LTS/FreeRTOS/FreeRTOS-Kernel/tasks.c.o
                0x10008fa0                vTaskSwitchContext
 .text.vTaskPlaceOnEventList
                0x100092f8      0x148 CMakeFiles/Tarefa_1.dir/home/ian-perigo/Rasp/Build/FreeRTOS-LTS/FreeRTOS/FreeRTOS-Kernel/tasks.c.o
                0x100092f8                vTaskPlaceOnEventList
 .text.vTaskPlaceOnUnorderedEventList
                0x10009440       0x9c CMakeFiles/Tarefa_1.dir/home/ian-perigo/Rasp/Build/FreeRTOS-LTS/FreeRTOS/FreeRTOS-Kernel/tasks.c.o
                0x10009440                vTaskPlaceOnUnorderedEventList
 .text.vTaskPlaceOnEventListRestricted
                0x100094dc       0x8c CMakeFiles/Tarefa_1.dir/home/ian-perigo/Rasp/Build/FreeRTOS-LTS/FreeRTOS/FreeRTOS-Kernel/tasks.c.o
                0x100094dc                vTaskPlaceOnEventListRestricted
 .text.xTaskRemoveFromEventList
                0x10009568       0xcc CMakeFiles/Tarefa_1.dir/home/ian-perigo/Rasp/Build/FreeRTOS-LTS/FreeRTOS/FreeRTOS-Kernel/tasks.c.o
                0x10009568                xTaskRemoveFromEventList
 .text.vTaskInternalSetTimeOutState
                0x10009634       0x18 CMakeFiles/Tarefa_1.dir/home/ian-perigo/Rasp/Build/FreeRTOS-LTS/FreeRTOS/FreeRTOS-Kernel/tasks.c.o
                0x10009634                vTaskInternalSetTimeOutState
 .text.xTaskCheckForTimeOut
                0x1000964c      0x188 CMakeFiles/Tarefa_1.dir/home/ian-perigo/Rasp/Build/FreeRTOS-LTS/FreeRTOS/FreeRTOS-Kernel/tasks.c.o
                0x1000964c                xTaskCheckForTimeOut
 .text.vTaskMissedYield
                0x100097d4       0x14 CMakeFiles/Tarefa_1.dir/home/ian-perigo/Rasp/Build/FreeRTOS-LTS/FreeRTOS/FreeRTOS-Kernel/tasks.c.o
                0x100097d4                vTaskMissedYield
 .text.xTaskGetCurrentTaskHandle
                0x100097e8       0x1c CMakeFiles/Tarefa_1.dir/home/ian-perigo/Rasp/Build/FreeRTOS-LTS/FreeRTOS/FreeRTOS-Kernel/tasks.c.o
                0x100097e8                xTaskGetCurrentTaskHandle
 .text.xTaskPriorityDisinherit
                0x10009804       0xb8 CMakeFiles/Tarefa_1.dir/home/ian-perigo/Rasp/Build/FreeRTOS-LTS/FreeRTOS/FreeRTOS-Kernel/tasks.c.o
                0x10009804                xTaskPriorityDisinherit
 .text.vTaskYieldWithinAPI
                0x100098bc       0x28 CMakeFiles/Tarefa_1.dir/home/ian-perigo/Rasp/Build/FreeRTOS-LTS/FreeRTOS/FreeRTOS-Kernel/tasks.c.o
                0x100098bc                vTaskYieldWithinAPI
 .text.vTaskEnterCritical
                0x100098e4       0xd4 CMakeFiles/Tarefa_1.dir/home/ian-perigo/Rasp/Build/FreeRTOS-LTS/FreeRTOS/FreeRTOS-Kernel/tasks.c.o
                0x100098e4                vTaskEnterCritical
 .text.prvAddNewTaskToReadyList
                0x100099b8       0xf0 CMakeFiles/Tarefa_1.dir/home/ian-perigo/Rasp/Build/FreeRTOS-LTS/FreeRTOS/FreeRTOS-Kernel/tasks.c.o
 .text.xTaskCreate
                0x10009aa8       0x2c CMakeFiles/Tarefa_1.dir/home/ian-perigo/Rasp/Build/FreeRTOS-LTS/FreeRTOS/FreeRTOS-Kernel/tasks.c.o
                0x10009aa8                xTaskCreate
 .text.xTaskCreateAffinitySet
                0x10009ad4       0x28 CMakeFiles/Tarefa_1.dir/home/ian-perigo/Rasp/Build/FreeRTOS-LTS/FreeRTOS/FreeRTOS-Kernel/tasks.c.o
                0x10009ad4                xTaskCreateAffinitySet
 .text.vTaskStartScheduler
                0x10009afc       0xbc CMakeFiles/Tarefa_1.dir/home/ian-perigo/Rasp/Build/FreeRTOS-LTS/FreeRTOS/FreeRTOS-Kernel/tasks.c.o
                0x10009afc                vTaskStartScheduler
 .text.xTaskResumeAll.part.0
                0x10009bb8      0x170 CMakeFiles/Tarefa_1.dir/home/ian-perigo/Rasp/Build/FreeRTOS-LTS/FreeRTOS/FreeRTOS-Kernel/tasks.c.o
 .text.xTaskResumeAll
                0x10009d28       0x18 CMakeFiles/Tarefa_1.dir/home/ian-perigo/Rasp/Build/FreeRTOS-LTS/FreeRTOS/FreeRTOS-Kernel/tasks.c.o
                0x10009d28                xTaskResumeAll
 .text.vTaskDelay
                0x10009d40       0x64 CMakeFiles/Tarefa_1.dir/home/ian-perigo/Rasp/Build/FreeRTOS-LTS/FreeRTOS/FreeRTOS-Kernel/tasks.c.o
                0x10009d40                vTaskDelay
 .text.vTaskRemoveFromUnorderedEventList
                0x10009da4       0x98 CMakeFiles/Tarefa_1.dir/home/ian-perigo/Rasp/Build/FreeRTOS-LTS/FreeRTOS/FreeRTOS-Kernel/tasks.c.o
                0x10009da4                vTaskRemoveFromUnorderedEventList
 .text.vTaskEnterCriticalFromISR
                0x10009e3c       0x7c CMakeFiles/Tarefa_1.dir/home/ian-perigo/Rasp/Build/FreeRTOS-LTS/FreeRTOS/FreeRTOS-Kernel/tasks.c.o
                0x10009e3c                vTaskEnterCriticalFromISR
 .text.vTaskExitCritical
                0x10009eb8       0xa0 CMakeFiles/Tarefa_1.dir/home/ian-perigo/Rasp/Build/FreeRTOS-LTS/FreeRTOS/FreeRTOS-Kernel/tasks.c.o
                0x10009eb8                vTaskExitCritical
 .text.vTaskExitCriticalFromISR
                0x10009f58       0x64 CMakeFiles/Tarefa_1.dir/home/ian-perigo/Rasp/Build/FreeRTOS-LTS/FreeRTOS/FreeRTOS-Kernel/tasks.c.o
                0x10009f58                vTaskExitCriticalFromISR
 .text.uxTaskResetEventItemValue
                0x10009fbc       0x48 CMakeFiles/Tarefa_1.dir/home/ian-perigo/Rasp/Build/FreeRTOS-LTS/FreeRTOS/FreeRTOS-Kernel/tasks.c.o
                0x10009fbc                uxTaskResetEventItemValue
 .text.prvTimerTask
                0x1000a004      0x38c CMakeFiles/Tarefa_1.dir/home/ian-perigo/Rasp/Build/FreeRTOS-LTS/FreeRTOS/FreeRTOS-Kernel/timers.c.o
 .text.xTimerCreateTimerTask
                0x1000a390       0x90 CMakeFiles/Tarefa_1.dir/home/ian-perigo/Rasp/Build/FreeRTOS-LTS/FreeRTOS/FreeRTOS-Kernel/timers.c.o
                0x1000a390                xTimerCreateTimerTask
 .text.xTimerPendFunctionCallFromISR
                0x1000a420       0x2c CMakeFiles/Tarefa_1.dir/home/ian-perigo/Rasp/Build/FreeRTOS-LTS/FreeRTOS/FreeRTOS-Kernel/timers.c.o
                0x1000a420                xTimerPendFunctionCallFromISR
 .text.exception_set_exclusive_handler
                0x1000a44c       0x48 CMakeFiles/Tarefa_1.dir/home/ian-perigo/.pico-sdk/sdk/2.1.1/src/rp2_common/hardware_exception/exception.c.o
                0x1000a44c                exception_set_exclusive_handler
 .text.core1_trampoline
                0x1000a494        0x4 CMakeFiles/Tarefa_1.dir/home/ian-perigo/.pico-sdk/sdk/2.1.1/src/rp2_common/pico_multicore/multicore.c.o
 .text.core1_wrapper
                0x1000a498        0xc CMakeFiles/Tarefa_1.dir/home/ian-perigo/.pico-sdk/sdk/2.1.1/src/rp2_common/pico_multicore/multicore.c.o
                0x1000a498                core1_wrapper
 .text.multicore_launch_core1_raw
                0x1000a4a4       0x8c CMakeFiles/Tarefa_1.dir/home/ian-perigo/.pico-sdk/sdk/2.1.1/src/rp2_common/pico_multicore/multicore.c.o
                0x1000a4a4                multicore_launch_core1_raw
 .text.multicore_launch_core1
                0x1000a530       0x58 CMakeFiles/Tarefa_1.dir/home/ian-perigo/.pico-sdk/sdk/2.1.1/src/rp2_common/pico_multicore/multicore.c.o
                0x1000a530                multicore_launch_core1
 .text.pvPortMalloc
                0x1000a588      0x124 CMakeFiles/Tarefa_1.dir/home/ian-perigo/Rasp/Build/FreeRTOS-LTS/FreeRTOS/FreeRTOS-Kernel/portable/MemMang/heap_4.c.o
                0x1000a588                pvPortMalloc
 .text.vPortFree
                0x1000a6ac       0x98 CMakeFiles/Tarefa_1.dir/home/ian-perigo/Rasp/Build/FreeRTOS-LTS/FreeRTOS/FreeRTOS-Kernel/portable/MemMang/heap_4.c.o
                0x1000a6ac                vPortFree
 .text.i2c_read_blocking_internal.constprop.0
                0x1000a744       0x98 CMakeFiles/Tarefa_1.dir/home/ian-perigo/.pico-sdk/sdk/2.1.1/src/rp2_common/hardware_i2c/i2c.c.o
 .text.i2c_write_blocking_internal.constprop.0
                0x1000a7dc       0xf8 CMakeFiles/Tarefa_1.dir/home/ian-perigo/.pico-sdk/sdk/2.1.1/src/rp2_common/hardware_i2c/i2c.c.o
 .text.i2c_set_baudrate
                0x1000a8d4       0xc0 CMakeFiles/Tarefa_1.dir/home/ian-perigo/.pico-sdk/sdk/2.1.1/src/rp2_common/hardware_i2c/i2c.c.o
                0x1000a8d4                i2c_set_baudrate
 .text.i2c_init
                0x1000a994       0x50 CMakeFiles/Tarefa_1.dir/home/ian-perigo/.pico-sdk/sdk/2.1.1/src/rp2_common/hardware_i2c/i2c.c.o
                0x1000a994                i2c_init
 .text.i2c_write_blocking
                0x1000a9e4       0x14 CMakeFiles/Tarefa_1.dir/home/ian-perigo/.pico-sdk/sdk/2.1.1/src/rp2_common/hardware_i2c/i2c.c.o
                0x1000a9e4                i2c_write_blocking
 .text.i2c_read_blocking
                0x1000a9f8       0x14 CMakeFiles/Tarefa_1.dir/home/ian-perigo/.pico-sdk/sdk/2.1.1/src/rp2_common/hardware_i2c/i2c.c.o
                0x1000a9f8                i2c_read_blocking
 .text.lwip_timeout_reached
                0x1000aa0c        0x8 CMakeFiles/Tarefa_1.dir/home/ian-perigo/.pico-sdk/sdk/2.1.1/src/rp2_common/pico_lwip/lwip_nosys.c.o
 .text.update_next_timeout
                0x1000aa14       0x5c CMakeFiles/Tarefa_1.dir/home/ian-perigo/.pico-sdk/sdk/2.1.1/src/rp2_common/pico_lwip/lwip_nosys.c.o
 .text.lwip_nosys_init
                0x1000aa70       0x30 CMakeFiles/Tarefa_1.dir/home/ian-perigo/.pico-sdk/sdk/2.1.1/src/rp2_common/pico_lwip/lwip_nosys.c.o
                0x1000aa70                lwip_nosys_init
 .text.lwip_nosys_deinit
                0x1000aaa0       0x20 CMakeFiles/Tarefa_1.dir/home/ian-perigo/.pico-sdk/sdk/2.1.1/src/rp2_common/pico_lwip/lwip_nosys.c.o
                0x1000aaa0                lwip_nosys_deinit
 .text.sys_arch_protect
                0x1000aac0        0x4 CMakeFiles/Tarefa_1.dir/home/ian-perigo/.pico-sdk/sdk/2.1.1/src/rp2_common/pico_lwip/lwip_nosys.c.o
                0x1000aac0                sys_arch_protect
 .text.sys_arch_unprotect
                0x1000aac4        0x4 CMakeFiles/Tarefa_1.dir/home/ian-perigo/.pico-sdk/sdk/2.1.1/src/rp2_common/pico_lwip/lwip_nosys.c.o
                0x1000aac4                sys_arch_unprotect
 .text.sys_now  0x1000aac8       0x20 CMakeFiles/Tarefa_1.dir/home/ian-perigo/.pico-sdk/sdk/2.1.1/src/rp2_common/pico_lwip/lwip_nosys.c.o
                0x1000aac8                sys_now
 .text.async_context_base_add_at_time_worker
                0x1000aae8       0x28 CMakeFiles/Tarefa_1.dir/home/ian-perigo/.pico-sdk/sdk/2.1.1/src/rp2_common/pico_async_context/async_context_base.c.o
                0x1000aae8                async_context_base_add_at_time_worker
 .text.async_context_base_remove_at_time_worker
                0x1000ab10       0x24 CMakeFiles/Tarefa_1.dir/home/ian-perigo/.pico-sdk/sdk/2.1.1/src/rp2_common/pico_async_context/async_context_base.c.o
                0x1000ab10                async_context_base_remove_at_time_worker
 .text.async_context_base_add_when_pending_worker
                0x1000ab34       0x24 CMakeFiles/Tarefa_1.dir/home/ian-perigo/.pico-sdk/sdk/2.1.1/src/rp2_common/pico_async_context/async_context_base.c.o
                0x1000ab34                async_context_base_add_when_pending_worker
 .text.async_context_base_remove_when_pending_worker
                0x1000ab58       0x24 CMakeFiles/Tarefa_1.dir/home/ian-perigo/.pico-sdk/sdk/2.1.1/src/rp2_common/pico_async_context/async_context_base.c.o
                0x1000ab58                async_context_base_remove_when_pending_worker
 .text.async_context_base_execute_once
                0x1000ab7c      0x108 CMakeFiles/Tarefa_1.dir/home/ian-perigo/.pico-sdk/sdk/2.1.1/src/rp2_common/pico_async_context/async_context_base.c.o
                0x1000ab7c                async_context_base_execute_once
 .text.async_context_base_needs_servicing
                0x1000ac84       0x54 CMakeFiles/Tarefa_1.dir/home/ian-perigo/.pico-sdk/sdk/2.1.1/src/rp2_common/pico_async_context/async_context_base.c.o
                0x1000ac84                async_context_base_needs_servicing
 .text.splitmix64
                0x1000acd8       0x58 CMakeFiles/Tarefa_1.dir/home/ian-perigo/.pico-sdk/sdk/2.1.1/src/rp2_common/pico_rand/rand.c.o
 .text.xoroshiro128ss
                0x1000ad30       0x90 CMakeFiles/Tarefa_1.dir/home/ian-perigo/.pico-sdk/sdk/2.1.1/src/rp2_common/pico_rand/rand.c.o
 .text.get_rand_64
                0x1000adc0      0x47c CMakeFiles/Tarefa_1.dir/home/ian-perigo/.pico-sdk/sdk/2.1.1/src/rp2_common/pico_rand/rand.c.o
                0x1000adc0                get_rand_64
 .text.get_rand_32
                0x1000b23c        0x8 CMakeFiles/Tarefa_1.dir/home/ian-perigo/.pico-sdk/sdk/2.1.1/src/rp2_common/pico_rand/rand.c.o
                0x1000b23c                get_rand_32
 .text.lwip_init
                0x1000b244       0x24 CMakeFiles/Tarefa_1.dir/home/ian-perigo/.pico-sdk/sdk/2.1.1/lib/lwip/src/core/init.c.o
                0x1000b244                lwip_init
 .text.lwip_htons
                0x1000b268        0x8 CMakeFiles/Tarefa_1.dir/home/ian-perigo/.pico-sdk/sdk/2.1.1/lib/lwip/src/core/def.c.o
                0x1000b268                lwip_htons
 .text.lwip_htonl
                0x1000b270        0x4 CMakeFiles/Tarefa_1.dir/home/ian-perigo/.pico-sdk/sdk/2.1.1/lib/lwip/src/core/def.c.o
                0x1000b270                lwip_htonl
 .text.dns_call_found
                0x1000b274      0x184 CMakeFiles/Tarefa_1.dir/home/ian-perigo/.pico-sdk/sdk/2.1.1/lib/lwip/src/core/dns.c.o
 .text.dns_send.isra.0
                0x1000b3f8      0x174 CMakeFiles/Tarefa_1.dir/home/ian-perigo/.pico-sdk/sdk/2.1.1/lib/lwip/src/core/dns.c.o
 .text.dns_init
                0x1000b56c        0x4 CMakeFiles/Tarefa_1.dir/home/ian-perigo/.pico-sdk/sdk/2.1.1/lib/lwip/src/core/dns.c.o
                0x1000b56c                dns_init
 .text.dns_setserver
                0x1000b570       0x24 CMakeFiles/Tarefa_1.dir/home/ian-perigo/.pico-sdk/sdk/2.1.1/lib/lwip/src/core/dns.c.o
                0x1000b570                dns_setserver
 .text.dns_tmr  0x1000b594      0x130 CMakeFiles/Tarefa_1.dir/home/ian-perigo/.pico-sdk/sdk/2.1.1/lib/lwip/src/core/dns.c.o
                0x1000b594                dns_tmr
 .text.lwip_standard_chksum
                0x1000b6c4       0xf4 CMakeFiles/Tarefa_1.dir/home/ian-perigo/.pico-sdk/sdk/2.1.1/lib/lwip/src/core/inet_chksum.c.o
                0x1000b6c4                lwip_standard_chksum
 .text.inet_chksum_pseudo
                0x1000b7b8       0xbc CMakeFiles/Tarefa_1.dir/home/ian-perigo/.pico-sdk/sdk/2.1.1/lib/lwip/src/core/inet_chksum.c.o
                0x1000b7b8                inet_chksum_pseudo
 .text.ip_chksum_pseudo
                0x1000b874       0x10 CMakeFiles/Tarefa_1.dir/home/ian-perigo/.pico-sdk/sdk/2.1.1/lib/lwip/src/core/inet_chksum.c.o
                0x1000b874                ip_chksum_pseudo
 .text.inet_chksum
                0x1000b884        0xc CMakeFiles/Tarefa_1.dir/home/ian-perigo/.pico-sdk/sdk/2.1.1/lib/lwip/src/core/inet_chksum.c.o
                0x1000b884                inet_chksum
 .text.inet_chksum_pbuf
                0x1000b890       0x78 CMakeFiles/Tarefa_1.dir/home/ian-perigo/.pico-sdk/sdk/2.1.1/lib/lwip/src/core/inet_chksum.c.o
                0x1000b890                inet_chksum_pbuf
 .text.mem_init
                0x1000b908       0x3c CMakeFiles/Tarefa_1.dir/home/ian-perigo/.pico-sdk/sdk/2.1.1/lib/lwip/src/core/mem.c.o
                0x1000b908                mem_init
 .text.mem_free
                0x1000b944      0x13c CMakeFiles/Tarefa_1.dir/home/ian-perigo/.pico-sdk/sdk/2.1.1/lib/lwip/src/core/mem.c.o
                0x1000b944                mem_free
 .text.mem_trim
                0x1000ba80      0x104 CMakeFiles/Tarefa_1.dir/home/ian-perigo/.pico-sdk/sdk/2.1.1/lib/lwip/src/core/mem.c.o
                0x1000ba80                mem_trim
 .text.mem_malloc
                0x1000bb84      0x130 CMakeFiles/Tarefa_1.dir/home/ian-perigo/.pico-sdk/sdk/2.1.1/lib/lwip/src/core/mem.c.o
                0x1000bb84                mem_malloc
 .text.mem_calloc
                0x1000bcb4       0x28 CMakeFiles/Tarefa_1.dir/home/ian-perigo/.pico-sdk/sdk/2.1.1/lib/lwip/src/core/mem.c.o
                0x1000bcb4                mem_calloc
 .text.memp_init
                0x1000bcdc       0x6c CMakeFiles/Tarefa_1.dir/home/ian-perigo/.pico-sdk/sdk/2.1.1/lib/lwip/src/core/memp.c.o
                0x1000bcdc                memp_init
 .text.memp_malloc
                0x1000bd48       0x40 CMakeFiles/Tarefa_1.dir/home/ian-perigo/.pico-sdk/sdk/2.1.1/lib/lwip/src/core/memp.c.o
                0x1000bd48                memp_malloc
 .text.memp_free
                0x1000bd88       0x38 CMakeFiles/Tarefa_1.dir/home/ian-perigo/.pico-sdk/sdk/2.1.1/lib/lwip/src/core/memp.c.o
                0x1000bd88                memp_free
 .text.netif_null_output_ip4
                0x1000bdc0        0x8 CMakeFiles/Tarefa_1.dir/home/ian-perigo/.pico-sdk/sdk/2.1.1/lib/lwip/src/core/netif.c.o
 .text.netif_do_set_ipaddr.isra.0
                0x1000bdc8       0x70 CMakeFiles/Tarefa_1.dir/home/ian-perigo/.pico-sdk/sdk/2.1.1/lib/lwip/src/core/netif.c.o
 .text.netif_init
                0x1000be38        0x4 CMakeFiles/Tarefa_1.dir/home/ian-perigo/.pico-sdk/sdk/2.1.1/lib/lwip/src/core/netif.c.o
                0x1000be38                netif_init
 .text.netif_add
                0x1000be3c      0x174 CMakeFiles/Tarefa_1.dir/home/ian-perigo/.pico-sdk/sdk/2.1.1/lib/lwip/src/core/netif.c.o
                0x1000be3c                netif_add
 .text.netif_set_addr
                0x1000bfb0       0xb8 CMakeFiles/Tarefa_1.dir/home/ian-perigo/.pico-sdk/sdk/2.1.1/lib/lwip/src/core/netif.c.o
                0x1000bfb0                netif_set_addr
 .text.netif_remove
                0x1000c068       0x94 CMakeFiles/Tarefa_1.dir/home/ian-perigo/.pico-sdk/sdk/2.1.1/lib/lwip/src/core/netif.c.o
                0x1000c068                netif_remove
 .text.netif_set_default
                0x1000c0fc        0xc CMakeFiles/Tarefa_1.dir/home/ian-perigo/.pico-sdk/sdk/2.1.1/lib/lwip/src/core/netif.c.o
                0x1000c0fc                netif_set_default
 .text.netif_set_up
                0x1000c108       0x40 CMakeFiles/Tarefa_1.dir/home/ian-perigo/.pico-sdk/sdk/2.1.1/lib/lwip/src/core/netif.c.o
                0x1000c108                netif_set_up
 .text.netif_set_link_up
                0x1000c148       0x44 CMakeFiles/Tarefa_1.dir/home/ian-perigo/.pico-sdk/sdk/2.1.1/lib/lwip/src/core/netif.c.o
                0x1000c148                netif_set_link_up
 .text.netif_set_link_down
                0x1000c18c       0x20 CMakeFiles/Tarefa_1.dir/home/ian-perigo/.pico-sdk/sdk/2.1.1/lib/lwip/src/core/netif.c.o
                0x1000c18c                netif_set_link_down
 .text.netif_get_by_index
                0x1000c1ac       0x2c CMakeFiles/Tarefa_1.dir/home/ian-perigo/.pico-sdk/sdk/2.1.1/lib/lwip/src/core/netif.c.o
                0x1000c1ac                netif_get_by_index
 .text.pbuf_free.part.0
                0x1000c1d8       0x7c CMakeFiles/Tarefa_1.dir/home/ian-perigo/.pico-sdk/sdk/2.1.1/lib/lwip/src/core/pbuf.c.o
 .text.pbuf_free_ooseq
                0x1000c254       0x34 CMakeFiles/Tarefa_1.dir/home/ian-perigo/.pico-sdk/sdk/2.1.1/lib/lwip/src/core/pbuf.c.o
                0x1000c254                pbuf_free_ooseq
 .text.pbuf_alloc
                0x1000c288      0x134 CMakeFiles/Tarefa_1.dir/home/ian-perigo/.pico-sdk/sdk/2.1.1/lib/lwip/src/core/pbuf.c.o
                0x1000c288                pbuf_alloc
 .text.pbuf_realloc
                0x1000c3bc       0x84 CMakeFiles/Tarefa_1.dir/home/ian-perigo/.pico-sdk/sdk/2.1.1/lib/lwip/src/core/pbuf.c.o
                0x1000c3bc                pbuf_realloc
 .text.pbuf_add_header
                0x1000c440       0x54 CMakeFiles/Tarefa_1.dir/home/ian-perigo/.pico-sdk/sdk/2.1.1/lib/lwip/src/core/pbuf.c.o
                0x1000c440                pbuf_add_header
 .text.pbuf_remove_header
                0x1000c494       0x3c CMakeFiles/Tarefa_1.dir/home/ian-perigo/.pico-sdk/sdk/2.1.1/lib/lwip/src/core/pbuf.c.o
                0x1000c494                pbuf_remove_header
 .text.pbuf_header_force
                0x1000c4d0       0x68 CMakeFiles/Tarefa_1.dir/home/ian-perigo/.pico-sdk/sdk/2.1.1/lib/lwip/src/core/pbuf.c.o
                0x1000c4d0                pbuf_header_force
 .text.pbuf_free
                0x1000c538       0x18 CMakeFiles/Tarefa_1.dir/home/ian-perigo/.pico-sdk/sdk/2.1.1/lib/lwip/src/core/pbuf.c.o
                0x1000c538                pbuf_free
 .text.pbuf_clen
                0x1000c550       0x14 CMakeFiles/Tarefa_1.dir/home/ian-perigo/.pico-sdk/sdk/2.1.1/lib/lwip/src/core/pbuf.c.o
                0x1000c550                pbuf_clen
 .text.pbuf_ref
                0x1000c564       0x28 CMakeFiles/Tarefa_1.dir/home/ian-perigo/.pico-sdk/sdk/2.1.1/lib/lwip/src/core/pbuf.c.o
                0x1000c564                pbuf_ref
 .text.pbuf_cat
                0x1000c58c       0x44 CMakeFiles/Tarefa_1.dir/home/ian-perigo/.pico-sdk/sdk/2.1.1/lib/lwip/src/core/pbuf.c.o
                0x1000c58c                pbuf_cat
 .text.pbuf_chain
                0x1000c5d0       0x64 CMakeFiles/Tarefa_1.dir/home/ian-perigo/.pico-sdk/sdk/2.1.1/lib/lwip/src/core/pbuf.c.o
                0x1000c5d0                pbuf_chain
 .text.pbuf_copy_partial_pbuf
                0x1000c634      0x158 CMakeFiles/Tarefa_1.dir/home/ian-perigo/.pico-sdk/sdk/2.1.1/lib/lwip/src/core/pbuf.c.o
                0x1000c634                pbuf_copy_partial_pbuf
 .text.pbuf_copy
                0x1000c78c       0x18 CMakeFiles/Tarefa_1.dir/home/ian-perigo/.pico-sdk/sdk/2.1.1/lib/lwip/src/core/pbuf.c.o
                0x1000c78c                pbuf_copy
 .text.pbuf_copy_partial
                0x1000c7a4       0x70 CMakeFiles/Tarefa_1.dir/home/ian-perigo/.pico-sdk/sdk/2.1.1/lib/lwip/src/core/pbuf.c.o
                0x1000c7a4                pbuf_copy_partial
 .text.pbuf_get_contiguous
                0x1000c814       0xa4 CMakeFiles/Tarefa_1.dir/home/ian-perigo/.pico-sdk/sdk/2.1.1/lib/lwip/src/core/pbuf.c.o
                0x1000c814                pbuf_get_contiguous
 .text.pbuf_take
                0x1000c8b8       0x78 CMakeFiles/Tarefa_1.dir/home/ian-perigo/.pico-sdk/sdk/2.1.1/lib/lwip/src/core/pbuf.c.o
                0x1000c8b8                pbuf_take
 .text.pbuf_take_at
                0x1000c930       0xc0 CMakeFiles/Tarefa_1.dir/home/ian-perigo/.pico-sdk/sdk/2.1.1/lib/lwip/src/core/pbuf.c.o
                0x1000c930                pbuf_take_at
 .text.pbuf_clone
                0x1000c9f0       0x30 CMakeFiles/Tarefa_1.dir/home/ian-perigo/.pico-sdk/sdk/2.1.1/lib/lwip/src/core/pbuf.c.o
                0x1000c9f0                pbuf_clone
 .text.pbuf_get_at
                0x1000ca20       0x20 CMakeFiles/Tarefa_1.dir/home/ian-perigo/.pico-sdk/sdk/2.1.1/lib/lwip/src/core/pbuf.c.o
                0x1000ca20                pbuf_get_at
 .text.pbuf_put_at
                0x1000ca40       0x1c CMakeFiles/Tarefa_1.dir/home/ian-perigo/.pico-sdk/sdk/2.1.1/lib/lwip/src/core/pbuf.c.o
                0x1000ca40                pbuf_put_at
 .text.raw_input
                0x1000ca5c      0x164 CMakeFiles/Tarefa_1.dir/home/ian-perigo/.pico-sdk/sdk/2.1.1/lib/lwip/src/core/raw.c.o
                0x1000ca5c                raw_input
 .text.raw_netif_ip_addr_changed