Archive member included to satisfy reference by file (symbol)

C:/Users/SINE/.pico-sdk/toolchain/14_2_Rel1/bin/../lib/gcc/arm-none-eabi/14.2.1/thumb/v6-m/nofp\libgcc.a(_dvmd_tls.o)
                              CMakeFiles/Tarefa_1.dir/C_/Users/SINE/.pico-sdk/sdk/2.1.1/src/rp2_common/pico_divider/divider_hardware.S.obj (__aeabi_idiv0)
C:/Users/SINE/.pico-sdk/toolchain/14_2_Rel1/bin/../lib/gcc/arm-none-eabi/14.2.1/thumb/v6-m/nofp\libg.a(libc_a-atoi.o)
                              CMakeFiles/Tarefa_1.dir/C_/Users/SINE/.pico-sdk/sdk/2.1.1/lib/lwip/src/core/netif.c.obj (atoi)
C:/Users/SINE/.pico-sdk/toolchain/14_2_Rel1/bin/../lib/gcc/arm-none-eabi/14.2.1/thumb/v6-m/nofp\libg.a(libc_a-calloc.o)
                              CMakeFiles/Tarefa_1.dir/C_/Users/SINE/.pico-sdk/sdk/2.1.1/src/rp2_common/pico_malloc/malloc.c.obj (calloc)
C:/Users/SINE/.pico-sdk/toolchain/14_2_Rel1/bin/../lib/gcc/arm-none-eabi/14.2.1/thumb/v6-m/nofp\libg.a(libc_a-callocr.o)
                              C:/Users/SINE/.pico-sdk/toolchain/14_2_Rel1/bin/../lib/gcc/arm-none-eabi/14.2.1/thumb/v6-m/nofp\libg.a(libc_a-calloc.o) (_calloc_r)
C:/Users/SINE/.pico-sdk/toolchain/14_2_Rel1/bin/../lib/gcc/arm-none-eabi/14.2.1/thumb/v6-m/nofp\libg.a(libc_a-malloc.o)
                              CMakeFiles/Tarefa_1.dir/C_/Users/SINE/.pico-sdk/sdk/2.1.1/src/rp2_common/pico_malloc/malloc.c.obj (malloc)
C:/Users/SINE/.pico-sdk/toolchain/14_2_Rel1/bin/../lib/gcc/arm-none-eabi/14.2.1/thumb/v6-m/nofp\libg.a(libc_a-mallocr.o)
                              C:/Users/SINE/.pico-sdk/toolchain/14_2_Rel1/bin/../lib/gcc/arm-none-eabi/14.2.1/thumb/v6-m/nofp\libg.a(libc_a-callocr.o) (_malloc_r)
C:/Users/SINE/.pico-sdk/toolchain/14_2_Rel1/bin/../lib/gcc/arm-none-eabi/14.2.1/thumb/v6-m/nofp\libg.a(libc_a-mlock.o)
                              C:/Users/SINE/.pico-sdk/toolchain/14_2_Rel1/bin/../lib/gcc/arm-none-eabi/14.2.1/thumb/v6-m/nofp\libg.a(libc_a-mallocr.o) (__malloc_lock)
C:/Users/SINE/.pico-sdk/toolchain/14_2_Rel1/bin/../lib/gcc/arm-none-eabi/14.2.1/thumb/v6-m/nofp\libg.a(libc_a-realloc.o)
                              CMakeFiles/Tarefa_1.dir/C_/Users/SINE/.pico-sdk/sdk/2.1.1/src/rp2_common/pico_malloc/malloc.c.obj (realloc)
C:/Users/SINE/.pico-sdk/toolchain/14_2_Rel1/bin/../lib/gcc/arm-none-eabi/14.2.1/thumb/v6-m/nofp\libg.a(libc_a-reallocr.o)
                              C:/Users/SINE/.pico-sdk/toolchain/14_2_Rel1/bin/../lib/gcc/arm-none-eabi/14.2.1/thumb/v6-m/nofp\libg.a(libc_a-realloc.o) (_realloc_r)
C:/Users/SINE/.pico-sdk/toolchain/14_2_Rel1/bin/../lib/gcc/arm-none-eabi/14.2.1/thumb/v6-m/nofp\libg.a(libc_a-strtol.o)
                              C:/Users/SINE/.pico-sdk/toolchain/14_2_Rel1/bin/../lib/gcc/arm-none-eabi/14.2.1/thumb/v6-m/nofp\libg.a(libc_a-atoi.o) (_strtol_r)
C:/Users/SINE/.pico-sdk/toolchain/14_2_Rel1/bin/../lib/gcc/arm-none-eabi/14.2.1/thumb/v6-m/nofp\libg.a(libc_a-ctype_.o)
                              CMakeFiles/Tarefa_1.dir/C_/Users/SINE/.pico-sdk/sdk/2.1.1/lib/lwip/src/core/dns.c.obj (_ctype_)
C:/Users/SINE/.pico-sdk/toolchain/14_2_Rel1/bin/../lib/gcc/arm-none-eabi/14.2.1/thumb/v6-m/nofp\libg.a(libc_a-memcmp.o)
                              CMakeFiles/Tarefa_1.dir/C_/Users/SINE/.pico-sdk/sdk/2.1.1/src/rp2_common/pico_atomic/atomic.c.obj (memcmp)
C:/Users/SINE/.pico-sdk/toolchain/14_2_Rel1/bin/../lib/gcc/arm-none-eabi/14.2.1/thumb/v6-m/nofp\libg.a(libc_a-memmove.o)
                              CMakeFiles/Tarefa_1.dir/C_/Users/SINE/.pico-sdk/sdk/2.1.1/lib/lwip/src/core/def.c.obj (memmove)
C:/Users/SINE/.pico-sdk/toolchain/14_2_Rel1/bin/../lib/gcc/arm-none-eabi/14.2.1/thumb/v6-m/nofp\libg.a(libc_a-strncmp.o)
                              CMakeFiles/Tarefa_1.dir/C_/Users/SINE/.pico-sdk/sdk/2.1.1/lib/lwip/src/core/def.c.obj (strncmp)
C:/Users/SINE/.pico-sdk/toolchain/14_2_Rel1/bin/../lib/gcc/arm-none-eabi/14.2.1/thumb/v6-m/nofp\libg.a(libc_a-lcltime_r.o)
                              CMakeFiles/Tarefa_1.dir/C_/Users/SINE/.pico-sdk/sdk/2.1.1/src/common/pico_util/datetime.c.obj (localtime_r)
C:/Users/SINE/.pico-sdk/toolchain/14_2_Rel1/bin/../lib/gcc/arm-none-eabi/14.2.1/thumb/v6-m/nofp\libg.a(libc_a-mktime.o)
                              CMakeFiles/Tarefa_1.dir/C_/Users/SINE/.pico-sdk/sdk/2.1.1/src/common/pico_util/datetime.c.obj (mktime)
C:/Users/SINE/.pico-sdk/toolchain/14_2_Rel1/bin/../lib/gcc/arm-none-eabi/14.2.1/thumb/v6-m/nofp\libg.a(libc_a-month_lengths.o)
                              C:/Users/SINE/.pico-sdk/toolchain/14_2_Rel1/bin/../lib/gcc/arm-none-eabi/14.2.1/thumb/v6-m/nofp\libg.a(libc_a-lcltime_r.o) (__month_lengths)
C:/Users/SINE/.pico-sdk/toolchain/14_2_Rel1/bin/../lib/gcc/arm-none-eabi/14.2.1/thumb/v6-m/nofp\libg.a(libc_a-tzcalc_limits.o)
                              C:/Users/SINE/.pico-sdk/toolchain/14_2_Rel1/bin/../lib/gcc/arm-none-eabi/14.2.1/thumb/v6-m/nofp\libg.a(libc_a-lcltime_r.o) (__tzcalc_limits)
C:/Users/SINE/.pico-sdk/toolchain/14_2_Rel1/bin/../lib/gcc/arm-none-eabi/14.2.1/thumb/v6-m/nofp\libg.a(libc_a-tzlock.o)
[...]
Memory Configuration

Name             Origin             Length             Attributes
FLASH            0x10000000         0x00200000         xr
RAM              0x20000000         0x00040000         xrw
SCRATCH_X        0x20040000         0x00001000         xrw
SCRATCH_Y        0x20041000         0x00001000         xrw
*default*        0x00000000         0xffffffff

Linker script and memory map

LOAD C:/Users/SINE/.pico-sdk/toolchain/14_2_Rel1/bin/../lib/gcc/arm-none-eabi/14.2.1/thumb/v6-m/nofp/crti.o
LOAD C:/Users/SINE/.pico-sdk/toolchain/14_2_Rel1/bin/../lib/gcc/arm-none-eabi/14.2.1/thumb/v6-m/nofp/crtbegin.o
LOAD C:/Users/SINE/.pico-sdk/toolchain/14_2_Rel1/bin/../lib/gcc/arm-none-eabi/14.2.1/thumb/v6-m/nofp/crt0.o

.flash_begin    0x10000000        0x0
                0x10000000                        __flash_binary_start = .

.boot2          0x10000000      0x100
                0x10000000                        __boot2_start__ = .
 *(.boot2)
 .boot2         0x10000000      0x100 pico-sdk/src/rp2040/boot_stage2/CMakeFiles/bs2_default_library.dir/./bs2_default_padded_checksummed.S.obj
                0x10000100                        __boot2_end__ = .
                0x00000001                        ASSERT (((__boot2_end__ - __boot2_start__) == 0x100), ERROR: Pico second stage bootloader must be 256 bytes in size)

.text           0x10000100    0x1c3b8
                0x10000100                        __logical_binary_start = .
 *(.vectors)
 .vectors       0x10000100       0xd4 CMakeFiles/Tarefa_1.dir/C_/Users/SINE/.pico-sdk/sdk/2.1.1/src/rp2_common/pico_crt0/crt0.S.obj
                0x10000100                __VECTOR_TABLE
                0x10000100                __vectors
                0x100001c0                isr_invalid
                0x100001c0                __default_isrs_start
                0x100001c2                isr_nmi
                0x100001c4                isr_hardfault
                0x100001c6                isr_svcall
                0x100001c8                isr_pendsv
                0x100001ca                isr_systick
                0x100001cc                isr_irq23
                0x100001cc                isr_irq18
                0x100001cc                isr_irq11
                0x100001cc                isr_irq28
                0x100001cc                isr_irq19
                0x100001cc                isr_irq0
                0x100001cc                isr_irq6
                0x100001cc                isr_irq5
                0x100001cc                isr_irq12
                0x100001cc                isr_irq22
                0x100001cc                isr_irq31
                0x100001cc                isr_irq17
                0x100001cc                isr_irq27
                0x100001cc                isr_irq30
                0x100001cc                isr_irq2
                0x100001cc                isr_irq10
                0x100001cc                isr_irq8
                0x100001cc                isr_irq24
                0x100001cc                isr_irq1
                0x100001cc                isr_irq7
                0x100001cc                isr_irq21
                0x100001cc                isr_irq20
                0x100001cc                isr_irq15
                0x100001cc                isr_irq25
                0x100001cc                isr_irq13
                0x100001cc                __unhandled_user_irq
                0x100001cc                isr_irq4
                0x100001cc                isr_irq16
                0x100001cc                isr_irq29
                0x100001cc                isr_irq26
                0x100001cc                __default_isrs_end
                0x100001cc                isr_irq3
                0x100001cc                isr_irq14
                0x100001cc                isr_irq9
                0x100001d2                unhandled_user_irq_num_in_r0
 *(.binary_info_header)
 .binary_info_header
                0x100001d4       0x14 CMakeFiles/Tarefa_1.dir/C_/Users/SINE/.pico-sdk/sdk/2.1.1/src/rp2_common/pico_crt0/crt0.S.obj
                0x100001e8                        __binary_info_header_end = .
 *(.embedded_block)
                0x100001e8                        __embedded_block_end = .
 *(.reset)
 .reset         0x100001e8       0x9c CMakeFiles/Tarefa_1.dir/C_/Users/SINE/.pico-sdk/sdk/2.1.1/src/rp2_common/pico_crt0/crt0.S.obj
                0x100001e8                _entry_point
 *(.init)
 .init          0x10000284        0x4 C:/Users/SINE/.pico-sdk/toolchain/14_2_Rel1/bin/../lib/gcc/arm-none-eabi/14.2.1/thumb/v6-m/nofp/crti.o
                0x10000284                _init
 *(EXCLUDE_FILE(*libm.a: *libc.a:*lib_a-mem*.o *libgcc.a:) .text*)
 .text.register_tm_clones
                0x10000288       0x28 C:/Users/SINE/.pico-sdk/toolchain/14_2_Rel1/bin/../lib/gcc/arm-none-eabi/14.2.1/thumb/v6-m/nofp/crtbegin.o
 .text.frame_dummy
                0x100002b0       0x24 C:/Users/SINE/.pico-sdk/toolchain/14_2_Rel1/bin/../lib/gcc/arm-none-eabi/14.2.1/thumb/v6-m/nofp/crtbegin.o
 .text.startup.main
                0x100002d4       0xe8 CMakeFiles/Tarefa_1.dir/Tarefa_1.c.obj
                0x100002d4                main
 .text.joystick_init
                0x100003bc       0x58 CMakeFiles/Tarefa_1.dir/inc_joystick/joystick_lib.c.obj
                0x100003bc                joystick_init
 .text.vShowLastJoystickDirection
                0x10000414      0x188 CMakeFiles/Tarefa_1.dir/inc_joystick/joystick_lib.c.obj
                0x10000414                vShowLastJoystickDirection
 .text.ssd1306_init
                0x1000059c      0x144 CMakeFiles/Tarefa_1.dir/inc_OLED/ssd1306.c.obj
                0x1000059c                ssd1306_init
 .text.ssd1306_show
                0x100006e0       0xd0 CMakeFiles/Tarefa_1.dir/inc_OLED/ssd1306.c.obj
                0x100006e0                ssd1306_show
 .text.ssd1306_init_display
                0x100007b0       0x64 CMakeFiles/Tarefa_1.dir/inc_OLED/ssd1306.c.obj
                0x100007b0                ssd1306_init_display
 .text.show_direction_of_joystick
                0x10000814      0x2a8 CMakeFiles/Tarefa_1.dir/inc_OLED/ssd1306.c.obj
                0x10000814                show_direction_of_joystick
 .text.vTemperatureUpdate
                0x10000abc       0xc4 CMakeFiles/Tarefa_1.dir/Temperature/temp.c.obj
                0x10000abc                vTemperatureUpdate
 .text.mqtt_connection_cb
                0x10000b80       0x20 CMakeFiles/Tarefa_1.dir/Conections/mqtt_conn.c.obj
 .text.mqtt_pub_request_cb
                0x10000ba0       0x20 CMakeFiles/Tarefa_1.dir/Conections/mqtt_conn.c.obj
 .text.mqtt_setup
                0x10000bc0       0x78 CMakeFiles/Tarefa_1.dir/Conections/mqtt_conn.c.obj
                0x10000bc0                mqtt_setup
 .text.vMqttTask
                0x10000c38      0x258 CMakeFiles/Tarefa_1.dir/Conections/mqtt_conn.c.obj
                0x10000c38                vMqttTask
 .text.vWifiTask
                0x10000e90      0x108 CMakeFiles/Tarefa_1.dir/Conections/wifi_conn.c.obj
                0x10000e90                vWifiTask
 .text.gpio_set_function
                0x10000f98       0x34 CMakeFiles/Tarefa_1.dir/C_/Users/SINE/.pico-sdk/sdk/2.1.1/src/rp2_common/hardware_gpio/gpio.c.obj
                0x10000f98                gpio_set_function
 .text.gpio_set_pulls
                0x10000fcc       0x28 CMakeFiles/Tarefa_1.dir/C_/Users/SINE/.pico-sdk/sdk/2.1.1/src/rp2_common/hardware_gpio/gpio.c.obj
                0x10000fcc                gpio_set_pulls
 .text.gpio_set_input_hysteresis_enabled
                0x10000ff4       0x28 CMakeFiles/Tarefa_1.dir/C_/Users/SINE/.pico-sdk/sdk/2.1.1/src/rp2_common/hardware_gpio/gpio.c.obj
                0x10000ff4                gpio_set_input_hysteresis_enabled
 .text.gpio_set_irq_enabled
                0x1000101c       0x58 CMakeFiles/Tarefa_1.dir/C_/Users/SINE/.pico-sdk/sdk/2.1.1/src/rp2_common/hardware_gpio/gpio.c.obj
                0x1000101c                gpio_set_irq_enabled
 .text.gpio_add_raw_irq_handler_with_order_priority_masked
                0x10001074       0x44 CMakeFiles/Tarefa_1.dir/C_/Users/SINE/.pico-sdk/sdk/2.1.1/src/rp2_common/hardware_gpio/gpio.c.obj
                0x10001074                gpio_add_raw_irq_handler_with_order_priority_masked
 .text.gpio_remove_raw_irq_handler_masked
                0x100010b8       0x20 CMakeFiles/Tarefa_1.dir/C_/Users/SINE/.pico-sdk/sdk/2.1.1/src/rp2_common/hardware_gpio/gpio.c.obj
                0x100010b8                gpio_remove_raw_irq_handler_masked
 .text.gpio_set_input_enabled
                0x100010d8       0x28 CMakeFiles/Tarefa_1.dir/C_/Users/SINE/.pico-sdk/sdk/2.1.1/src/rp2_common/hardware_gpio/gpio.c.obj
                0x100010d8                gpio_set_input_enabled
 .text.gpio_init
                0x10001100       0x40 CMakeFiles/Tarefa_1.dir/C_/Users/SINE/.pico-sdk/sdk/2.1.1/src/rp2_common/hardware_gpio/gpio.c.obj
                0x10001100                gpio_init
 .text.rp2040_chip_version
                0x10001140        0xc CMakeFiles/Tarefa_1.dir/C_/Users/SINE/.pico-sdk/sdk/2.1.1/src/rp2040/pico_platform/platform.c.obj
                0x10001140                rp2040_chip_version
 .text.panic    0x1000114c       0x30 CMakeFiles/Tarefa_1.dir/C_/Users/SINE/.pico-sdk/sdk/2.1.1/src/rp2_common/pico_platform_panic/panic.c.obj
                0x1000114c                panic
 .text.panic_unsupported
                0x1000117c        0xc CMakeFiles/Tarefa_1.dir/C_/Users/SINE/.pico-sdk/sdk/2.1.1/src/rp2_common/pico_platform_panic/panic.c.obj
                0x1000117c                panic_unsupported
 .text.hw_claim_lock
                0x10001188       0x18 CMakeFiles/Tarefa_1.dir/C_/Users/SINE/.pico-sdk/sdk/2.1.1/src/common/hardware_claim/claim.c.obj
                0x10001188                hw_claim_lock
 .text.hw_claim_unlock
                0x100011a0       0x14 CMakeFiles/Tarefa_1.dir/C_/Users/SINE/.pico-sdk/sdk/2.1.1/src/common/hardware_claim/claim.c.obj
                0x100011a0                hw_claim_unlock
 .text.hw_claim_or_assert
                0x100011b4       0x44 CMakeFiles/Tarefa_1.dir/C_/Users/SINE/.pico-sdk/sdk/2.1.1/src/common/hardware_claim/claim.c.obj
                0x100011b4                hw_claim_or_assert
 .text.hw_claim_unused_from_range
                0x100011f8       0x88 CMakeFiles/Tarefa_1.dir/C_/Users/SINE/.pico-sdk/sdk/2.1.1/src/common/hardware_claim/claim.c.obj
                0x100011f8                hw_claim_unused_from_range
 .text.hw_claim_clear
                0x10001280       0x38 CMakeFiles/Tarefa_1.dir/C_/Users/SINE/.pico-sdk/sdk/2.1.1/src/common/hardware_claim/claim.c.obj
                0x10001280                hw_claim_clear
 .text.next_striped_spin_lock_num
                0x100012b8       0x18 CMakeFiles/Tarefa_1.dir/C_/Users/SINE/.pico-sdk/sdk/2.1.1/src/rp2_common/hardware_sync/sync.c.obj
                0x100012b8                next_striped_spin_lock_num
 .text.spin_lock_claim_unused
                0x100012d0       0x24 CMakeFiles/Tarefa_1.dir/C_/Users/SINE/.pico-sdk/sdk/2.1.1/src/rp2_common/hardware_sync/sync.c.obj
                0x100012d0                spin_lock_claim_unused
 .text.spin_locks_reset
                0x100012f4       0x1c CMakeFiles/Tarefa_1.dir/C_/Users/SINE/.pico-sdk/sdk/2.1.1/src/rp2_common/hardware_sync_spin_lock/sync_spin_lock.c.obj
                0x100012f4                spin_locks_reset
 .text.runtime_init_per_core_irq_priorities
                0x10001310       0x24 CMakeFiles/Tarefa_1.dir/C_/Users/SINE/.pico-sdk/sdk/2.1.1/src/rp2_common/hardware_irq/irq.c.obj
                0x10001310                runtime_init_per_core_irq_priorities
 .text.irq_set_enabled
                0x10001334       0x24 CMakeFiles/Tarefa_1.dir/C_/Users/SINE/.pico-sdk/sdk/2.1.1/src/rp2_common/hardware_irq/irq.c.obj
                0x10001334                irq_set_enabled
 .text.irq_is_enabled
                0x10001358       0x18 CMakeFiles/Tarefa_1.dir/C_/Users/SINE/.pico-sdk/sdk/2.1.1/src/rp2_common/hardware_irq/irq.c.obj
                0x10001358                irq_is_enabled
 .text.irq_set_pending
                0x10001370       0x10 CMakeFiles/Tarefa_1.dir/C_/Users/SINE/.pico-sdk/sdk/2.1.1/src/rp2_common/hardware_irq/irq.c.obj
                0x10001370                irq_set_pending
 .text.irq_has_shared_handler
                0x10001380       0x24 CMakeFiles/Tarefa_1.dir/C_/Users/SINE/.pico-sdk/sdk/2.1.1/src/rp2_common/hardware_irq/irq.c.obj
                0x10001380                irq_has_shared_handler
 .text.irq_set_exclusive_handler
                0x100013a4       0x54 CMakeFiles/Tarefa_1.dir/C_/Users/SINE/.pico-sdk/sdk/2.1.1/src/rp2_common/hardware_irq/irq.c.obj
                0x100013a4                irq_set_exclusive_handler
 .text.irq_add_shared_handler
                0x100013f8      0x1f4 CMakeFiles/Tarefa_1.dir/C_/Users/SINE/.pico-sdk/sdk/2.1.1/src/rp2_common/hardware_irq/irq.c.obj
                0x100013f8                irq_add_shared_handler
 .text.irq_remove_handler
                0x100015ec      0x1d4 CMakeFiles/Tarefa_1.dir/C_/Users/SINE/.pico-sdk/sdk/2.1.1/src/rp2_common/hardware_irq/irq.c.obj
                0x100015ec                irq_remove_handler
 .text.irq_set_priority
                0x100017c0       0x28 CMakeFiles/Tarefa_1.dir/C_/Users/SINE/.pico-sdk/sdk/2.1.1/src/rp2_common/hardware_irq/irq.c.obj
                0x100017c0                irq_set_priority
 .text.irq_add_tail_to_free_list
                0x100017e8       0xb4 CMakeFiles/Tarefa_1.dir/C_/Users/SINE/.pico-sdk/sdk/2.1.1/src/rp2_common/hardware_irq/irq.c.obj
                0x100017e8                irq_add_tail_to_free_list
 .text.user_irq_unclaim
                0x1000189c       0x14 CMakeFiles/Tarefa_1.dir/C_/Users/SINE/.pico-sdk/sdk/2.1.1/src/rp2_common/hardware_irq/irq.c.obj
                0x1000189c                user_irq_unclaim
 .text.user_irq_claim_unused
                0x100018b0       0x2c CMakeFiles/Tarefa_1.dir/C_/Users/SINE/.pico-sdk/sdk/2.1.1/src/rp2_common/hardware_irq/irq.c.obj
                0x100018b0                user_irq_claim_unused
 .text.sem_init
                0x100018dc       0x20 CMakeFiles/Tarefa_1.dir/C_/Users/SINE/.pico-sdk/sdk/2.1.1/src/common/pico_sync/sem.c.obj
                0x100018dc                sem_init
 .text.lock_init
                0x100018fc       0x10 CMakeFiles/Tarefa_1.dir/C_/Users/SINE/.pico-sdk/sdk/2.1.1/src/common/pico_sync/lock_core.c.obj
                0x100018fc                lock_init
 .text.runtime_init_mutex
                0x1000190c       0x54 CMakeFiles/Tarefa_1.dir/C_/Users/SINE/.pico-sdk/sdk/2.1.1/src/common/pico_sync/mutex.c.obj
                0x1000190c                runtime_init_mutex
 .text.mutex_init
                0x10001960       0x1c CMakeFiles/Tarefa_1.dir/C_/Users/SINE/.pico-sdk/sdk/2.1.1/src/common/pico_sync/mutex.c.obj
                0x10001960                mutex_init
 .text.recursive_mutex_init
                0x1000197c       0x20 CMakeFiles/Tarefa_1.dir/C_/Users/SINE/.pico-sdk/sdk/2.1.1/src/common/pico_sync/mutex.c.obj
                0x1000197c                recursive_mutex_init
 .text.critical_section_init
                0x1000199c       0x1c CMakeFiles/Tarefa_1.dir/C_/Users/SINE/.pico-sdk/sdk/2.1.1/src/common/pico_sync/critical_section.c.obj
                0x1000199c                critical_section_init
 .text.critical_section_init_with_lock_num
                0x100019b8       0x14 CMakeFiles/Tarefa_1.dir/C_/Users/SINE/.pico-sdk/sdk/2.1.1/src/common/pico_sync/critical_section.c.obj
                0x100019b8                critical_section_init_with_lock_num
 .text.alarm_pool_irq_handler
                0x100019cc      0x300 CMakeFiles/Tarefa_1.dir/C_/Users/SINE/.pico-sdk/sdk/2.1.1/src/common/pico_time/time.c.obj
 .text.sleep_until_callback
                0x10001ccc       0x24 CMakeFiles/Tarefa_1.dir/C_/Users/SINE/.pico-sdk/sdk/2.1.1/src/common/pico_time/time.c.obj
 .text.runtime_init_default_alarm_pool
                0x10001cf0       0xdc CMakeFiles/Tarefa_1.dir/C_/Users/SINE/.pico-sdk/sdk/2.1.1/src/common/pico_time/time.c.obj
                0x10001cf0                runtime_init_default_alarm_pool
 .text.alarm_pool_get_default
                0x10001dcc        0x8 CMakeFiles/Tarefa_1.dir/C_/Users/SINE/.pico-sdk/sdk/2.1.1/src/common/pico_time/time.c.obj
                0x10001dcc                alarm_pool_get_default
 .text.alarm_pool_create_on_timer_with_unused_hardware_alarm
                0x10001dd4       0xa8 CMakeFiles/Tarefa_1.dir/C_/Users/SINE/.pico-sdk/sdk/2.1.1/src/common/pico_time/time.c.obj
                0x10001dd4                alarm_pool_create_on_timer_with_unused_hardware_alarm
 .text.alarm_pool_destroy
                0x10001e7c       0x5c CMakeFiles/Tarefa_1.dir/C_/Users/SINE/.pico-sdk/sdk/2.1.1/src/common/pico_time/time.c.obj
                0x10001e7c                alarm_pool_destroy
 .text.alarm_pool_add_alarm_at
                0x10001ed8       0xd0 CMakeFiles/Tarefa_1.dir/C_/Users/SINE/.pico-sdk/sdk/2.1.1/src/common/pico_time/time.c.obj
                0x10001ed8                alarm_pool_add_alarm_at
 .text.alarm_pool_add_alarm_at_force_in_context
                0x10001fa8       0xb0 CMakeFiles/Tarefa_1.dir/C_/Users/SINE/.pico-sdk/sdk/2.1.1/src/common/pico_time/time.c.obj
                0x10001fa8                alarm_pool_add_alarm_at_force_in_context
 .text.alarm_pool_cancel_alarm
                0x10002058       0x74 CMakeFiles/Tarefa_1.dir/C_/Users/SINE/.pico-sdk/sdk/2.1.1/src/common/pico_time/time.c.obj
                0x10002058                alarm_pool_cancel_alarm
 .text.alarm_pool_core_num
                0x100020cc        0x4 CMakeFiles/Tarefa_1.dir/C_/Users/SINE/.pico-sdk/sdk/2.1.1/src/common/pico_time/time.c.obj
                0x100020cc                alarm_pool_core_num
 .text.sleep_until
                0x100020d0       0xcc CMakeFiles/Tarefa_1.dir/C_/Users/SINE/.pico-sdk/sdk/2.1.1/src/common/pico_time/time.c.obj
                0x100020d0                sleep_until
 .text.sleep_us
                0x1000219c       0xe8 CMakeFiles/Tarefa_1.dir/C_/Users/SINE/.pico-sdk/sdk/2.1.1/src/common/pico_time/time.c.obj
                0x1000219c                sleep_us
 .text.sleep_ms
                0x10002284       0xf8 CMakeFiles/Tarefa_1.dir/C_/Users/SINE/.pico-sdk/sdk/2.1.1/src/common/pico_time/time.c.obj
                0x10002284                sleep_ms
 .text.best_effort_wfe_or_timeout
                0x1000237c      0x10c CMakeFiles/Tarefa_1.dir/C_/Users/SINE/.pico-sdk/sdk/2.1.1/src/common/pico_time/time.c.obj
                0x1000237c                best_effort_wfe_or_timeout
 .text.alarm_pool_get_default_timer
                0x10002488        0x8 CMakeFiles/Tarefa_1.dir/C_/Users/SINE/.pico-sdk/sdk/2.1.1/src/common/pico_time/time.c.obj
                0x10002488                alarm_pool_get_default_timer
 .text.timer_hardware_alarm_claim
                0x10002490       0x14 CMakeFiles/Tarefa_1.dir/C_/Users/SINE/.pico-sdk/sdk/2.1.1/src/rp2_common/hardware_timer/timer.c.obj
                0x10002490                timer_hardware_alarm_claim
 .text.hardware_alarm_unclaim
                0x100024a4       0x14 CMakeFiles/Tarefa_1.dir/C_/Users/SINE/.pico-sdk/sdk/2.1.1/src/rp2_common/hardware_timer/timer.c.obj
                0x100024a4                hardware_alarm_unclaim
 .text.timer_hardware_alarm_claim_unused
                0x100024b8       0x20 CMakeFiles/Tarefa_1.dir/C_/Users/SINE/.pico-sdk/sdk/2.1.1/src/rp2_common/hardware_timer/timer.c.obj
                0x100024b8                timer_hardware_alarm_claim_unused
 .text.timer_time_us_64
                0x100024d8       0x10 CMakeFiles/Tarefa_1.dir/C_/Users/SINE/.pico-sdk/sdk/2.1.1/src/rp2_common/hardware_timer/timer.c.obj
                0x100024d8                timer_time_us_64
 .text.time_us_64
                0x100024e8       0x14 CMakeFiles/Tarefa_1.dir/C_/Users/SINE/.pico-sdk/sdk/2.1.1/src/rp2_common/hardware_timer/timer.c.obj
                0x100024e8                time_us_64
 .text.busy_wait_until
                0x100024fc       0x20 CMakeFiles/Tarefa_1.dir/C_/Users/SINE/.pico-sdk/sdk/2.1.1/src/rp2_common/hardware_timer/timer.c.obj
                0x100024fc                busy_wait_until
 .text.clock_configure_int_divider
                0x1000251c       0xf4 CMakeFiles/Tarefa_1.dir/C_/Users/SINE/.pico-sdk/sdk/2.1.1/src/rp2_common/hardware_clocks/clocks.c.obj
                0x1000251c                clock_configure_int_divider
 .text.clock_configure_undivided
                0x10002610       0xe8 CMakeFiles/Tarefa_1.dir/C_/Users/SINE/.pico-sdk/sdk/2.1.1/src/rp2_common/hardware_clocks/clocks.c.obj
                0x10002610                clock_configure_undivided
 .text.clock_get_hz
                0x100026f8        0xc CMakeFiles/Tarefa_1.dir/C_/Users/SINE/.pico-sdk/sdk/2.1.1/src/rp2_common/hardware_clocks/clocks.c.obj
                0x100026f8                clock_get_hz
 .text.pll_init
                0x10002704       0xa4 CMakeFiles/Tarefa_1.dir/C_/Users/SINE/.pico-sdk/sdk/2.1.1/src/rp2_common/hardware_pll/pll.c.obj
                0x10002704                pll_init
 .text.watchdog_reboot
                0x100027a8       0x9c CMakeFiles/Tarefa_1.dir/C_/Users/SINE/.pico-sdk/sdk/2.1.1/src/rp2_common/hardware_watchdog/watchdog.c.obj
                0x100027a8                watchdog_reboot
 .text.tick_start
                0x10002844       0x10 CMakeFiles/Tarefa_1.dir/C_/Users/SINE/.pico-sdk/sdk/2.1.1/src/rp2_common/hardware_ticks/ticks.c.obj
                0x10002844                tick_start
 .text.rom_func_lookup
                0x10002854       0x10 CMakeFiles/Tarefa_1.dir/C_/Users/SINE/.pico-sdk/sdk/2.1.1/src/rp2_common/pico_bootrom/bootrom.c.obj
                0x10002854                rom_func_lookup
 .text.rom_data_lookup
                0x10002864       0x10 CMakeFiles/Tarefa_1.dir/C_/Users/SINE/.pico-sdk/sdk/2.1.1/src/rp2_common/pico_bootrom/bootrom.c.obj
                0x10002864                rom_data_lookup
 .text.rom_funcs_lookup
                0x10002874       0x44 CMakeFiles/Tarefa_1.dir/C_/Users/SINE/.pico-sdk/sdk/2.1.1/src/rp2_common/pico_bootrom/bootrom.c.obj
                0x10002874                rom_funcs_lookup
 .text.rom_reset_usb_boot_extra
                0x100028b8       0x24 CMakeFiles/Tarefa_1.dir/C_/Users/SINE/.pico-sdk/sdk/2.1.1/src/rp2_common/pico_bootrom/bootrom.c.obj
                0x100028b8                rom_reset_usb_boot_extra
 .text.xosc_init
                0x100028dc       0x28 CMakeFiles/Tarefa_1.dir/C_/Users/SINE/.pico-sdk/sdk/2.1.1/src/rp2_common/hardware_xosc/xosc.c.obj
                0x100028dc                xosc_init
 .text.first_per_core_initializer
                0x10002904        0x4 CMakeFiles/Tarefa_1.dir/C_/Users/SINE/.pico-sdk/sdk/2.1.1/src/rp2_common/pico_runtime/runtime.c.obj
 .text.hard_assertion_failure
                0x10002908        0xc CMakeFiles/Tarefa_1.dir/C_/Users/SINE/.pico-sdk/sdk/2.1.1/src/rp2_common/pico_runtime/runtime.c.obj
                0x10002908                hard_assertion_failure
 .text.runtime_run_initializers
                0x10002914       0x28 CMakeFiles/Tarefa_1.dir/C_/Users/SINE/.pico-sdk/sdk/2.1.1/src/rp2_common/pico_runtime/runtime.c.obj
                0x10002914                runtime_run_initializers
 .text.runtime_init_early_resets
                0x1000293c       0x2c CMakeFiles/Tarefa_1.dir/C_/Users/SINE/.pico-sdk/sdk/2.1.1/src/rp2_common/pico_runtime_init/runtime_init.c.obj
                0x1000293c                runtime_init_early_resets
 .text.runtime_init_usb_power_down
                0x10002968       0x1c CMakeFiles/Tarefa_1.dir/C_/Users/SINE/.pico-sdk/sdk/2.1.1/src/rp2_common/pico_runtime_init/runtime_init.c.obj
                0x10002968                runtime_init_usb_power_down
 .text.runtime_init_post_clock_resets
                0x10002984       0x20 CMakeFiles/Tarefa_1.dir/C_/Users/SINE/.pico-sdk/sdk/2.1.1/src/rp2_common/pico_runtime_init/runtime_init.c.obj
                0x10002984                runtime_init_post_clock_resets
 .text.runtime_init_rp2040_gpio_ie_disable
                0x100029a4       0x14 CMakeFiles/Tarefa_1.dir/C_/Users/SINE/.pico-sdk/sdk/2.1.1/src/rp2_common/pico_runtime_init/runtime_init.c.obj
                0x100029a4                runtime_init_rp2040_gpio_ie_disable
 .text.runtime_init_spin_locks_reset
                0x100029b8        0x8 CMakeFiles/Tarefa_1.dir/C_/Users/SINE/.pico-sdk/sdk/2.1.1/src/rp2_common/pico_runtime_init/runtime_init.c.obj
                0x100029b8                runtime_init_spin_locks_reset
 .text.runtime_init_install_ram_vector_table
                0x100029c0       0x1c CMakeFiles/Tarefa_1.dir/C_/Users/SINE/.pico-sdk/sdk/2.1.1/src/rp2_common/pico_runtime_init/runtime_init.c.obj
                0x100029c0                runtime_init_install_ram_vector_table
 .text.runtime_init_clocks
                0x100029dc       0xd8 CMakeFiles/Tarefa_1.dir/C_/Users/SINE/.pico-sdk/sdk/2.1.1/src/rp2_common/pico_runtime_init/runtime_init_clocks.c.obj
                0x100029dc                runtime_init_clocks
 .text          0x10002ab4       0x10 CMakeFiles/Tarefa_1.dir/C_/Users/SINE/.pico-sdk/sdk/2.1.1/src/rp2_common/pico_bit_ops/bit_ops_aeabi.S.obj
 .text.ctzsi    0x10002ac4        0xc CMakeFiles/Tarefa_1.dir/C_/Users/SINE/.pico-sdk/sdk/2.1.1/src/rp2_common/pico_bit_ops/bit_ops_aeabi.S.obj
                0x10002ac4                __wrap___ctzsi2
 .text.__wrap___aeabi_idiv
                0x10002ad0       0x50 CMakeFiles/Tarefa_1.dir/C_/Users/SINE/.pico-sdk/sdk/2.1.1/src/rp2_common/pico_divider/divider_hardware.S.obj
                0x10002ad0                __wrap___aeabi_idivmod
                0x10002ad0                divmod_s32s32
                0x10002ad0                div_s32s32
                0x10002ad0                __wrap___aeabi_idiv
                0x10002ad8                divmod_s32s32_unsafe
                0x10002b04                divmod_s32s32_savestate
 .text.__wrap___aeabi_uidiv
                0x10002b20       0x4c CMakeFiles/Tarefa_1.dir/C_/Users/SINE/.pico-sdk/sdk/2.1.1/src/rp2_common/pico_divider/divider_hardware.S.obj
                0x10002b20                __wrap___aeabi_uidiv
                0x10002b20                __wrap___aeabi_uidivmod
                0x10002b20                div_u32u32
                0x10002b20                divmod_u32u32
                0x10002b28                divmod_u32u32_unsafe
                0x10002b50                divmod_u32u32_savestate
 .text.__wrap___aeabi_ldiv
                0x10002b6c      0x424 CMakeFiles/Tarefa_1.dir/C_/Users/SINE/.pico-sdk/sdk/2.1.1/src/rp2_common/pico_divider/divider_hardware.S.obj
                0x10002b6c                div_s64s64
                0x10002b6c                divmod_s64s64
                0x10002b6c                __wrap___aeabi_ldivmod
                0x10002b9c                divmod_u64u64
                0x10002b9c                div_u64u64
                0x10002b9c                __wrap___aeabi_uldivmod
                0x10002bac                divmod_u64u64_savestate
                0x10002bcc                divmod_s64s64_unsafe
                0x10002c54                divmod_u64u64_unsafe
 .text.__wrap___aeabi_darithmetic
                0x10002f90       0x60 CMakeFiles/Tarefa_1.dir/C_/Users/SINE/.pico-sdk/sdk/2.1.1/src/rp2_common/pico_double/double_aeabi_rp2040.S.obj
                0x10002f90                __wrap___aeabi_drsub
                0x10002f96                __wrap___aeabi_dsub
                0x10002fa0                __wrap___aeabi_dadd
                0x10002faa                __wrap___aeabi_ddiv
                0x10002fde                __wrap___aeabi_dmul
 .text.__wrap___aeabi_cdcmple
                0x10002ff0       0x6c CMakeFiles/Tarefa_1.dir/C_/Users/SINE/.pico-sdk/sdk/2.1.1/src/rp2_common/pico_double/double_aeabi_rp2040.S.obj
                0x10002ff0                __wrap___aeabi_cdrcmple
                0x10003000                __wrap___aeabi_cdcmpeq
                0x10003000                __wrap___aeabi_cdcmple
 .text.__wrap___aeabi_dcmplt
                0x1000305c        0xc CMakeFiles/Tarefa_1.dir/C_/Users/SINE/.pico-sdk/sdk/2.1.1/src/rp2_common/pico_double/double_aeabi_rp2040.S.obj
                0x1000305c                __wrap___aeabi_dcmplt
 .text.__wrap___aeabi_dcmple
                0x10003068       0x10 CMakeFiles/Tarefa_1.dir/C_/Users/SINE/.pico-sdk/sdk/2.1.1/src/rp2_common/pico_double/double_aeabi_rp2040.S.obj
                0x10003068                __wrap___aeabi_dcmple
 .text.__wrap___aeabi_dcmpge
                0x10003078       0x10 CMakeFiles/Tarefa_1.dir/C_/Users/SINE/.pico-sdk/sdk/2.1.1/src/rp2_common/pico_double/double_aeabi_rp2040.S.obj
                0x10003078                __wrap___aeabi_dcmpge
 .text.__wrap___aeabi_dcmpgt
                0x10003088        0xa CMakeFiles/Tarefa_1.dir/C_/Users/SINE/.pico-sdk/sdk/2.1.1/src/rp2_common/pico_double/double_aeabi_rp2040.S.obj
                0x10003088                __wrap___aeabi_dcmpgt
 .text.__wrap___aeabi_dcmpun
                0x10003092       0x18 CMakeFiles/Tarefa_1.dir/C_/Users/SINE/.pico-sdk/sdk/2.1.1/src/rp2_common/pico_double/double_aeabi_rp2040.S.obj
                0x10003092                __wrap___aeabi_dcmpun
 *fill*         0x100030aa        0x2 
 .text.__wrap___aeabi_i2d
                0x100030ac       0x38 CMakeFiles/Tarefa_1.dir/C_/Users/SINE/.pico-sdk/sdk/2.1.1/src/rp2_common/pico_double/double_aeabi_rp2040.S.obj
                0x100030ac                uint2double
                0x100030ac                __wrap___aeabi_ui2d
                0x100030b4                int2double
                0x100030b4                __wrap___aeabi_i2d
 .text.__wrap___aeabi_d2iz
                0x100030e4       0x48 CMakeFiles/Tarefa_1.dir/C_/Users/SINE/.pico-sdk/sdk/2.1.1/src/rp2_common/pico_double/double_aeabi_rp2040.S.obj
                0x100030e4                double2int_z
                0x100030e4                __wrap___aeabi_d2iz
 .text.__wrap___aeabi_d2uiz
                0x1000312c       0x10 CMakeFiles/Tarefa_1.dir/C_/Users/SINE/.pico-sdk/sdk/2.1.1/src/rp2_common/pico_double/double_aeabi_rp2040.S.obj
                0x1000312c                double2uint
                0x1000312c                __wrap___aeabi_d2uiz
                0x1000312c                double2uint_z
 .text.missing_double_func_shim
                0x1000313c        0xc CMakeFiles/Tarefa_1.dir/C_/Users/SINE/.pico-sdk/sdk/2.1.1/src/rp2_common/pico_double/double_init_rom_rp2040.c.obj
 .text.__aeabi_double_init
                0x10003148       0xa0 CMakeFiles/Tarefa_1.dir/C_/Users/SINE/.pico-sdk/sdk/2.1.1/src/rp2_common/pico_double/double_init_rom_rp2040.c.obj
                0x10003148                __aeabi_double_init
 .text.double_table_shim_on_use_helper
                0x100031e8       0x2c CMakeFiles/Tarefa_1.dir/C_/Users/SINE/.pico-sdk/sdk/2.1.1/src/rp2_common/pico_double/double_v1_rom_shim_rp2040.S.obj
                0x100031e8                double_table_shim_on_use_helper
 .text.__aeabi_lmul
                0x10003214       0x32 CMakeFiles/Tarefa_1.dir/C_/Users/SINE/.pico-sdk/sdk/2.1.1/src/rp2_common/pico_int64_ops/pico_int64_ops_aeabi.S.obj
                0x10003214                __wrap___aeabi_lmul
 *fill*         0x10003246        0x2 
 .text.__wrap___aeabi_farithmetic
                0x10003248       0x48 CMakeFiles/Tarefa_1.dir/C_/Users/SINE/.pico-sdk/sdk/2.1.1/src/rp2_common/pico_float/float_aeabi_rp2040.S.obj
                0x10003248                __wrap___aeabi_frsub
                0x1000324e                __wrap___aeabi_fsub
                0x10003254                __wrap___aeabi_fadd
                0x1000325a                __wrap___aeabi_fdiv
                0x10003282                __wrap___aeabi_fmul
 .text.__wrap___aeabi_i2f
                0x10003290       0x44 CMakeFiles/Tarefa_1.dir/C_/Users/SINE/.pico-sdk/sdk/2.1.1/src/rp2_common/pico_float/float_aeabi_rp2040.S.obj
                0x10003290                __wrap___aeabi_i2f
                0x10003290                int2float
 .text.__wrap___aeabi_f2iz
                0x100032d4       0x4e CMakeFiles/Tarefa_1.dir/C_/Users/SINE/.pico-sdk/sdk/2.1.1/src/rp2_common/pico_float/float_aeabi_rp2040.S.obj
                0x100032d4                float2int_z
                0x100032d4                __wrap___aeabi_f2iz
 *fill*         0x10003322        0x2 
 .text.float2int
                0x10003324        0xc CMakeFiles/Tarefa_1.dir/C_/Users/SINE/.pico-sdk/sdk/2.1.1/src/rp2_common/pico_float/float_aeabi_rp2040.S.obj
                0x10003324                float2int
 .text.__wrap___aeabi_f2uiz
                0x10003330        0xc CMakeFiles/Tarefa_1.dir/C_/Users/SINE/.pico-sdk/sdk/2.1.1/src/rp2_common/pico_float/float_aeabi_rp2040.S.obj
                0x10003330                float2uint_z
                0x10003330                __wrap___aeabi_f2uiz
                0x10003330                float2uint
 .text.missing_float_func_shim
                0x1000333c        0xc CMakeFiles/Tarefa_1.dir/C_/Users/SINE/.pico-sdk/sdk/2.1.1/src/rp2_common/pico_float/float_init_rom_rp2040.c.obj
 .text.__aeabi_float_init
                0x10003348       0x5c CMakeFiles/Tarefa_1.dir/C_/Users/SINE/.pico-sdk/sdk/2.1.1/src/rp2_common/pico_float/float_init_rom_rp2040.c.obj
                0x10003348                __aeabi_float_init
 .text.__wrap_malloc
                0x100033a4       0x3c CMakeFiles/Tarefa_1.dir/C_/Users/SINE/.pico-sdk/sdk/2.1.1/src/rp2_common/pico_malloc/malloc.c.obj
                0x100033a4                __wrap_malloc
 .text.__wrap_calloc
                0x100033e0       0x44 CMakeFiles/Tarefa_1.dir/C_/Users/SINE/.pico-sdk/sdk/2.1.1/src/rp2_common/pico_malloc/malloc.c.obj
                0x100033e0                __wrap_calloc
 .text.__wrap_free
                0x10003424       0x20 CMakeFiles/Tarefa_1.dir/C_/Users/SINE/.pico-sdk/sdk/2.1.1/src/rp2_common/pico_malloc/malloc.c.obj
                0x10003424                __wrap_free
 .text          0x10003444       0x10 CMakeFiles/Tarefa_1.dir/C_/Users/SINE/.pico-sdk/sdk/2.1.1/src/rp2_common/pico_mem_ops/mem_ops_aeabi.S.obj
                0x10003444                __aeabi_mem_init
 .text.memset   0x10003454        0xc CMakeFiles/Tarefa_1.dir/C_/Users/SINE/.pico-sdk/sdk/2.1.1/src/rp2_common/pico_mem_ops/mem_ops_aeabi.S.obj
                0x10003454                __wrap_memset
 .text.memcpy   0x10003460        0xc CMakeFiles/Tarefa_1.dir/C_/Users/SINE/.pico-sdk/sdk/2.1.1/src/rp2_common/pico_mem_ops/mem_ops_aeabi.S.obj
                0x10003460                __wrap_memcpy
                0x10003460                __wrap___aeabi_memcpy
 .text._out_buffer
                0x1000346c        0x8 CMakeFiles/Tarefa_1.dir/C_/Users/SINE/.pico-sdk/sdk/2.1.1/src/rp2_common/pico_printf/printf.c.obj
 .text._out_null
                0x10003474        0x4 CMakeFiles/Tarefa_1.dir/C_/Users/SINE/.pico-sdk/sdk/2.1.1/src/rp2_common/pico_printf/printf.c.obj
 .text._out_rev
                0x10003478       0xac CMakeFiles/Tarefa_1.dir/C_/Users/SINE/.pico-sdk/sdk/2.1.1/src/rp2_common/pico_printf/printf.c.obj
 .text._ntoa_format
                0x10003524      0x1cc CMakeFiles/Tarefa_1.dir/C_/Users/SINE/.pico-sdk/sdk/2.1.1/src/rp2_common/pico_printf/printf.c.obj
 .text._out_char
                0x100036f0       0x10 CMakeFiles/Tarefa_1.dir/C_/Users/SINE/.pico-sdk/sdk/2.1.1/src/rp2_common/pico_printf/printf.c.obj
 .text._out_fct
                0x10003700       0x10 CMakeFiles/Tarefa_1.dir/C_/Users/SINE/.pico-sdk/sdk/2.1.1/src/rp2_common/pico_printf/printf.c.obj
 .text._ftoa    0x10003710      0x4a8 CMakeFiles/Tarefa_1.dir/C_/Users/SINE/.pico-sdk/sdk/2.1.1/src/rp2_common/pico_printf/printf.c.obj
 .text._etoa    0x10003bb8      0x57c CMakeFiles/Tarefa_1.dir/C_/Users/SINE/.pico-sdk/sdk/2.1.1/src/rp2_common/pico_printf/printf.c.obj
 .text._vsnprintf
                0x10004134      0xbe0 CMakeFiles/Tarefa_1.dir/C_/Users/SINE/.pico-sdk/sdk/2.1.1/src/rp2_common/pico_printf/printf.c.obj
 .text.__wrap_snprintf
                0x10004d14       0x28 CMakeFiles/Tarefa_1.dir/C_/Users/SINE/.pico-sdk/sdk/2.1.1/src/rp2_common/pico_printf/printf.c.obj
                0x10004d14                __wrap_snprintf
 .text.vfctprintf
                0x10004d3c       0x24 CMakeFiles/Tarefa_1.dir/C_/Users/SINE/.pico-sdk/sdk/2.1.1/src/rp2_common/pico_printf/printf.c.obj
                0x10004d3c                vfctprintf
 .text.weak_raw_vprintf
                0x10004d60       0x30 CMakeFiles/Tarefa_1.dir/C_/Users/SINE/.pico-sdk/sdk/2.1.1/src/rp2_common/pico_printf/printf.c.obj
                0x10004d60                weak_raw_vprintf
 .text._exit    0x10004d90        0x4 CMakeFiles/Tarefa_1.dir/C_/Users/SINE/.pico-sdk/sdk/2.1.1/src/rp2_common/pico_clib_interface/newlib_interface.c.obj
                0x10004d90                _exit
 .text._sbrk    0x10004d94       0x34 CMakeFiles/Tarefa_1.dir/C_/Users/SINE/.pico-sdk/sdk/2.1.1/src/rp2_common/pico_clib_interface/newlib_interface.c.obj
                0x10004d94                _sbrk
 .text.exit     0x10004dc8        0x8 CMakeFiles/Tarefa_1.dir/C_/Users/SINE/.pico-sdk/sdk/2.1.1/src/rp2_common/pico_clib_interface/newlib_interface.c.obj
                0x10004dc8                exit
 .text.runtime_init
                0x10004dd0       0x2c CMakeFiles/Tarefa_1.dir/C_/Users/SINE/.pico-sdk/sdk/2.1.1/src/rp2_common/pico_clib_interface/newlib_interface.c.obj
                0x10004dd0                runtime_init
 .text.stdio_out_chars_no_crlf
                0x10004dfc       0x10 CMakeFiles/Tarefa_1.dir/C_/Users/SINE/.pico-sdk/sdk/2.1.1/src/rp2_common/pico_stdio/stdio.c.obj
 .text.stdio_out_chars_crlf
                0x10004e0c       0xb0 CMakeFiles/Tarefa_1.dir/C_/Users/SINE/.pico-sdk/sdk/2.1.1/src/rp2_common/pico_stdio/stdio.c.obj
 .text.stdio_buffered_printer
                0x10004ebc       0x64 CMakeFiles/Tarefa_1.dir/C_/Users/SINE/.pico-sdk/sdk/2.1.1/src/rp2_common/pico_stdio/stdio.c.obj
 .text.stdio_put_string
                0x10004f20       0xfc CMakeFiles/Tarefa_1.dir/C_/Users/SINE/.pico-sdk/sdk/2.1.1/src/rp2_common/pico_stdio/stdio.c.obj
                0x10004f20                stdio_put_string
 .text.stdio_set_driver_enabled
                0x1000501c       0x30 CMakeFiles/Tarefa_1.dir/C_/Users/SINE/.pico-sdk/sdk/2.1.1/src/rp2_common/pico_stdio/stdio.c.obj
                0x1000501c                stdio_set_driver_enabled
 .text.stdio_init_all
                0x1000504c        0x8 CMakeFiles/Tarefa_1.dir/C_/Users/SINE/.pico-sdk/sdk/2.1.1/src/rp2_common/pico_stdio/stdio.c.obj
                0x1000504c                stdio_init_all
 .text.__wrap_putchar
                0x10005054       0x94 CMakeFiles/Tarefa_1.dir/C_/Users/SINE/.pico-sdk/sdk/2.1.1/src/rp2_common/pico_stdio/stdio.c.obj
                0x10005054                __wrap_putchar
                0x10005054                stdio_putchar
 .text.__wrap_puts
                0x100050e8       0x3c CMakeFiles/Tarefa_1.dir/C_/Users/SINE/.pico-sdk/sdk/2.1.1/src/rp2_common/pico_stdio/stdio.c.obj
                0x100050e8                stdio_puts
                0x100050e8                __wrap_puts
 .text.__wrap_vprintf
                0x10005124       0xcc CMakeFiles/Tarefa_1.dir/C_/Users/SINE/.pico-sdk/sdk/2.1.1/src/rp2_common/pico_stdio/stdio.c.obj
                0x10005124                stdio_vprintf
                0x10005124                __wrap_vprintf
 .text.__wrap_printf
                0x100051f0       0x18 CMakeFiles/Tarefa_1.dir/C_/Users/SINE/.pico-sdk/sdk/2.1.1/src/rp2_common/pico_stdio/stdio.c.obj
                0x100051f0                __wrap_printf
                0x100051f0                stdio_printf
 .text.resetd_init
                0x10005208        0x4 CMakeFiles/Tarefa_1.dir/C_/Users/SINE/.pico-sdk/sdk/2.1.1/src/rp2_common/pico_stdio_usb/reset_interface.c.obj
 .text.resetd_reset
                0x1000520c        0xc CMakeFiles/Tarefa_1.dir/C_/Users/SINE/.pico-sdk/sdk/2.1.1/src/rp2_common/pico_stdio_usb/reset_interface.c.obj
 .text.resetd_open
                0x10005218       0x28 CMakeFiles/Tarefa_1.dir/C_/Users/SINE/.pico-sdk/sdk/2.1.1/src/rp2_common/pico_stdio_usb/reset_interface.c.obj
 .text.resetd_xfer_cb
                0x10005240        0x4 CMakeFiles/Tarefa_1.dir/C_/Users/SINE/.pico-sdk/sdk/2.1.1/src/rp2_common/pico_stdio_usb/reset_interface.c.obj
 .text.resetd_control_xfer_cb
                0x10005244       0x54 CMakeFiles/Tarefa_1.dir/C_/Users/SINE/.pico-sdk/sdk/2.1.1/src/rp2_common/pico_stdio_usb/reset_interface.c.obj
 .text.tud_descriptor_bos_cb
                0x10005298        0x8 CMakeFiles/Tarefa_1.dir/C_/Users/SINE/.pico-sdk/sdk/2.1.1/src/rp2_common/pico_stdio_usb/reset_interface.c.obj
                0x10005298                tud_descriptor_bos_cb
 .text.tud_vendor_control_xfer_cb
                0x100052a0       0x34 CMakeFiles/Tarefa_1.dir/C_/Users/SINE/.pico-sdk/sdk/2.1.1/src/rp2_common/pico_stdio_usb/reset_interface.c.obj
                0x100052a0                tud_vendor_control_xfer_cb
 .text.usbd_app_driver_get_cb
                0x100052d4        0xc CMakeFiles/Tarefa_1.dir/C_/Users/SINE/.pico-sdk/sdk/2.1.1/src/rp2_common/pico_stdio_usb/reset_interface.c.obj
                0x100052d4                usbd_app_driver_get_cb
 .text.tud_cdc_line_coding_cb
                0x100052e0       0x2c CMakeFiles/Tarefa_1.dir/C_/Users/SINE/.pico-sdk/sdk/2.1.1/src/rp2_common/pico_stdio_usb/reset_interface.c.obj
                0x100052e0                tud_cdc_line_coding_cb
 .text.stdio_usb_set_chars_available_callback
                0x1000530c       0x14 CMakeFiles/Tarefa_1.dir/C_/Users/SINE/.pico-sdk/sdk/2.1.1/src/rp2_common/pico_stdio_usb/stdio_usb.c.obj
                0x1000530c                stdio_usb_set_chars_available_callback
 .text.usb_irq  0x10005320       0x10 CMakeFiles/Tarefa_1.dir/C_/Users/SINE/.pico-sdk/sdk/2.1.1/src/rp2_common/pico_stdio_usb/stdio_usb.c.obj
 .text.timer_task
                0x10005330       0x64 CMakeFiles/Tarefa_1.dir/C_/Users/SINE/.pico-sdk/sdk/2.1.1/src/rp2_common/pico_stdio_usb/stdio_usb.c.obj
 .text.stdio_usb_in_chars
                0x10005394       0x8c CMakeFiles/Tarefa_1.dir/C_/Users/SINE/.pico-sdk/sdk/2.1.1/src/rp2_common/pico_stdio_usb/stdio_usb.c.obj
                0x10005394                stdio_usb_in_chars
 .text.stdio_usb_out_flush
                0x10005420       0x4c CMakeFiles/Tarefa_1.dir/C_/Users/SINE/.pico-sdk/sdk/2.1.1/src/rp2_common/pico_stdio_usb/stdio_usb.c.obj
 .text.stdio_usb_out_chars
                0x1000546c      0x100 CMakeFiles/Tarefa_1.dir/C_/Users/SINE/.pico-sdk/sdk/2.1.1/src/rp2_common/pico_stdio_usb/stdio_usb.c.obj
 .text.low_priority_worker_irq
                0x1000556c       0xc8 CMakeFiles/Tarefa_1.dir/C_/Users/SINE/.pico-sdk/sdk/2.1.1/src/rp2_common/pico_stdio_usb/stdio_usb.c.obj
 .text.stdio_usb_init
                0x10005634       0xe8 CMakeFiles/Tarefa_1.dir/C_/Users/SINE/.pico-sdk/sdk/2.1.1/src/rp2_common/pico_stdio_usb/stdio_usb.c.obj
                0x10005634                stdio_usb_init
 .text.stdio_usb_connected
                0x1000571c        0xc CMakeFiles/Tarefa_1.dir/C_/Users/SINE/.pico-sdk/sdk/2.1.1/src/rp2_common/pico_stdio_usb/stdio_usb.c.obj
                0x1000571c                stdio_usb_connected
 .text.tud_descriptor_device_cb
                0x10005728        0x8 CMakeFiles/Tarefa_1.dir/C_/Users/SINE/.pico-sdk/sdk/2.1.1/src/rp2_common/pico_stdio_usb/stdio_usb_descriptors.c.obj
                0x10005728                tud_descriptor_device_cb
 .text.tud_descriptor_configuration_cb
                0x10005730        0x8 CMakeFiles/Tarefa_1.dir/C_/Users/SINE/.pico-sdk/sdk/2.1.1/src/rp2_common/pico_stdio_usb/stdio_usb_descriptors.c.obj
                0x10005730                tud_descriptor_configuration_cb
 .text.tud_descriptor_string_cb
                0x10005738       0x78 CMakeFiles/Tarefa_1.dir/C_/Users/SINE/.pico-sdk/sdk/2.1.1/src/rp2_common/pico_stdio_usb/stdio_usb_descriptors.c.obj
                0x10005738                tud_descriptor_string_cb
 .text.startup._retrieve_unique_id_on_boot
                0x100057b0       0x10 CMakeFiles/Tarefa_1.dir/C_/Users/SINE/.pico-sdk/sdk/2.1.1/src/rp2_common/pico_unique_id/unique_id.c.obj
 .text.pico_get_unique_board_id
                0x100057c0       0x10 CMakeFiles/Tarefa_1.dir/C_/Users/SINE/.pico-sdk/sdk/2.1.1/src/rp2_common/pico_unique_id/unique_id.c.obj
                0x100057c0                pico_get_unique_board_id
 .text.pico_get_unique_board_id_string
                0x100057d0      0x1a8 CMakeFiles/Tarefa_1.dir/C_/Users/SINE/.pico-sdk/sdk/2.1.1/src/rp2_common/pico_unique_id/unique_id.c.obj
                0x100057d0                pico_get_unique_board_id_string
 .text.flash_get_unique_id
                0x10005978       0x3c CMakeFiles/Tarefa_1.dir/C_/Users/SINE/.pico-sdk/sdk/2.1.1/src/rp2_common/hardware_flash/flash.c.obj
                0x10005978                flash_get_unique_id
 .text.dcd_init
                0x100059b4       0x90 CMakeFiles/Tarefa_1.dir/C_/Users/SINE/.pico-sdk/sdk/2.1.1/lib/tinyusb/src/portable/raspberrypi/rp2040/dcd_rp2040.c.obj
                0x100059b4                dcd_init
 .text.dcd_int_enable
                0x10005a44        0xc CMakeFiles/Tarefa_1.dir/C_/Users/SINE/.pico-sdk/sdk/2.1.1/lib/tinyusb/src/portable/raspberrypi/rp2040/dcd_rp2040.c.obj
                0x10005a44                dcd_int_enable
 .text.dcd_set_address
                0x10005a50       0x14 CMakeFiles/Tarefa_1.dir/C_/Users/SINE/.pico-sdk/sdk/2.1.1/lib/tinyusb/src/portable/raspberrypi/rp2040/dcd_rp2040.c.obj
                0x10005a50                dcd_set_address
 .text.dcd_sof_enable
                0x10005a64       0x1c CMakeFiles/Tarefa_1.dir/C_/Users/SINE/.pico-sdk/sdk/2.1.1/lib/tinyusb/src/portable/raspberrypi/rp2040/dcd_rp2040.c.obj
                0x10005a64                dcd_sof_enable
 .text.dcd_edpt0_status_complete
                0x10005a80       0x1c CMakeFiles/Tarefa_1.dir/C_/Users/SINE/.pico-sdk/sdk/2.1.1/lib/tinyusb/src/portable/raspberrypi/rp2040/dcd_rp2040.c.obj
                0x10005a80                dcd_edpt0_status_complete
 .text.dcd_edpt_open
                0x10005a9c      0x114 CMakeFiles/Tarefa_1.dir/C_/Users/SINE/.pico-sdk/sdk/2.1.1/lib/tinyusb/src/portable/raspberrypi/rp2040/dcd_rp2040.c.obj
                0x10005a9c                dcd_edpt_open
 .text.dcd_edpt_close_all
                0x10005bb0        0x8 CMakeFiles/Tarefa_1.dir/C_/Users/SINE/.pico-sdk/sdk/2.1.1/lib/tinyusb/src/portable/raspberrypi/rp2040/dcd_rp2040.c.obj
                0x10005bb0                dcd_edpt_close_all
 .text.dcd_edpt_xfer
                0x10005bb8       0x24 CMakeFiles/Tarefa_1.dir/C_/Users/SINE/.pico-sdk/sdk/2.1.1/lib/tinyusb/src/portable/raspberrypi/rp2040/dcd_rp2040.c.obj
                0x10005bb8                dcd_edpt_xfer
 .text.dcd_edpt_stall
                0x10005bdc       0x3c CMakeFiles/Tarefa_1.dir/C_/Users/SINE/.pico-sdk/sdk/2.1.1/lib/tinyusb/src/portable/raspberrypi/rp2040/dcd_rp2040.c.obj
                0x10005bdc                dcd_edpt_stall
 .text.dcd_edpt_clear_stall
                0x10005c18       0x30 CMakeFiles/Tarefa_1.dir/C_/Users/SINE/.pico-sdk/sdk/2.1.1/lib/tinyusb/src/portable/raspberrypi/rp2040/dcd_rp2040.c.obj
                0x10005c18                dcd_edpt_clear_stall
 .text.rp2040_usb_init
                0x10005c48       0x40 CMakeFiles/Tarefa_1.dir/C_/Users/SINE/.pico-sdk/sdk/2.1.1/lib/tinyusb/src/portable/raspberrypi/rp2040/rp2040_usb.c.obj
                0x10005c48                rp2040_usb_init
 .text.hw_endpoint_xfer_start
                0x10005c88       0x40 CMakeFiles/Tarefa_1.dir/C_/Users/SINE/.pico-sdk/sdk/2.1.1/lib/tinyusb/src/portable/raspberrypi/rp2040/rp2040_usb.c.obj
                0x10005c88                hw_endpoint_xfer_start
 .text.tud_event_hook_cb
                0x10005cc8        0x4 CMakeFiles/Tarefa_1.dir/C_/Users/SINE/.pico-sdk/sdk/2.1.1/lib/tinyusb/src/device/usbd.c.obj
                0x10005cc8                tud_event_hook_cb
 .text.tud_sof_cb
                0x10005ccc        0x4 CMakeFiles/Tarefa_1.dir/C_/Users/SINE/.pico-sdk/sdk/2.1.1/lib/tinyusb/src/device/usbd.c.obj
                0x10005ccc                tud_sof_cb
 .text.tud_descriptor_device_qualifier_cb
                0x10005cd0        0x4 CMakeFiles/Tarefa_1.dir/C_/Users/SINE/.pico-sdk/sdk/2.1.1/lib/tinyusb/src/device/usbd.c.obj
                0x10005cd0                tud_descriptor_device_qualifier_cb
 .text.tud_descriptor_other_speed_configuration_cb
                0x10005cd4        0x4 CMakeFiles/Tarefa_1.dir/C_/Users/SINE/.pico-sdk/sdk/2.1.1/lib/tinyusb/src/device/usbd.c.obj
                0x10005cd4                tud_descriptor_other_speed_configuration_cb
 .text.tud_mount_cb
                0x10005cd8        0x4 CMakeFiles/Tarefa_1.dir/C_/Users/SINE/.pico-sdk/sdk/2.1.1/lib/tinyusb/src/device/usbd.c.obj
                0x10005cd8                tud_mount_cb
 .text.tud_umount_cb
                0x10005cdc        0x4 CMakeFiles/Tarefa_1.dir/C_/Users/SINE/.pico-sdk/sdk/2.1.1/lib/tinyusb/src/device/usbd.c.obj
                0x10005cdc                tud_umount_cb
 .text.tud_suspend_cb
                0x10005ce0        0x4 CMakeFiles/Tarefa_1.dir/C_/Users/SINE/.pico-sdk/sdk/2.1.1/lib/tinyusb/src/device/usbd.c.obj
                0x10005ce0                tud_suspend_cb
 .text.tud_resume_cb
                0x10005ce4        0x4 CMakeFiles/Tarefa_1.dir/C_/Users/SINE/.pico-sdk/sdk/2.1.1/lib/tinyusb/src/device/usbd.c.obj
                0x10005ce4                tud_resume_cb
 .text.tud_mounted
                0x10005ce8       0x10 CMakeFiles/Tarefa_1.dir/C_/Users/SINE/.pico-sdk/sdk/2.1.1/lib/tinyusb/src/device/usbd.c.obj
                0x10005ce8                tud_mounted
 .text.tud_suspended
                0x10005cf8       0x10 CMakeFiles/Tarefa_1.dir/C_/Users/SINE/.pico-sdk/sdk/2.1.1/lib/tinyusb/src/device/usbd.c.obj
                0x10005cf8                tud_suspended
 .text.tud_rhport_init
                0x10005d08       0xf4 CMakeFiles/Tarefa_1.dir/C_/Users/SINE/.pico-sdk/sdk/2.1.1/lib/tinyusb/src/device/usbd.c.obj
                0x10005d08                tud_rhport_init
 .text.tud_task_ext
                0x10005dfc      0x800 CMakeFiles/Tarefa_1.dir/C_/Users/SINE/.pico-sdk/sdk/2.1.1/lib/tinyusb/src/device/usbd.c.obj
                0x10005dfc                tud_task_ext
 .text.usbd_open_edpt_pair
                0x100065fc       0x9c CMakeFiles/Tarefa_1.dir/C_/Users/SINE/.pico-sdk/sdk/2.1.1/lib/tinyusb/src/device/usbd.c.obj
                0x100065fc                usbd_open_edpt_pair
 .text.usbd_edpt_open
                0x10006698       0x34 CMakeFiles/Tarefa_1.dir/C_/Users/SINE/.pico-sdk/sdk/2.1.1/lib/tinyusb/src/device/usbd.c.obj
                0x10006698                usbd_edpt_open
 .text.usbd_edpt_claim
                0x100066cc       0x28 CMakeFiles/Tarefa_1.dir/C_/Users/SINE/.pico-sdk/sdk/2.1.1/lib/tinyusb/src/device/usbd.c.obj
                0x100066cc                usbd_edpt_claim
 .text.usbd_edpt_release
                0x100066f4       0x28 CMakeFiles/Tarefa_1.dir/C_/Users/SINE/.pico-sdk/sdk/2.1.1/lib/tinyusb/src/device/usbd.c.obj
                0x100066f4                usbd_edpt_release
 .text.usbd_edpt_xfer
                0x1000671c       0x4c CMakeFiles/Tarefa_1.dir/C_/Users/SINE/.pico-sdk/sdk/2.1.1/lib/tinyusb/src/device/usbd.c.obj
                0x1000671c                usbd_edpt_xfer
 .text.tud_control_status
                0x10006768       0x2c CMakeFiles/Tarefa_1.dir/C_/Users/SINE/.pico-sdk/sdk/2.1.1/lib/tinyusb/src/device/usbd_control.c.obj
                0x10006768                tud_control_status
 .text.tud_control_xfer
                0x10006794       0xa8 CMakeFiles/Tarefa_1.dir/C_/Users/SINE/.pico-sdk/sdk/2.1.1/lib/tinyusb/src/device/usbd_control.c.obj
                0x10006794                tud_control_xfer
 .text.usbd_control_reset
                0x1000683c       0x14 CMakeFiles/Tarefa_1.dir/C_/Users/SINE/.pico-sdk/sdk/2.1.1/lib/tinyusb/src/device/usbd_control.c.obj
                0x1000683c                usbd_control_reset
 .text.usbd_control_set_complete_callback
                0x10006850        0xc CMakeFiles/Tarefa_1.dir/C_/Users/SINE/.pico-sdk/sdk/2.1.1/lib/tinyusb/src/device/usbd_control.c.obj
                0x10006850                usbd_control_set_complete_callback
 .text.usbd_control_set_request
                0x1000685c       0x1c CMakeFiles/Tarefa_1.dir/C_/Users/SINE/.pico-sdk/sdk/2.1.1/lib/tinyusb/src/device/usbd_control.c.obj
                0x1000685c                usbd_control_set_request
 .text.usbd_control_xfer_cb
                0x10006878       0xec CMakeFiles/Tarefa_1.dir/C_/Users/SINE/.pico-sdk/sdk/2.1.1/lib/tinyusb/src/device/usbd_control.c.obj
                0x10006878                usbd_control_xfer_cb
 .text._prep_out_transaction.isra.0
                0x10006964       0x6c CMakeFiles/Tarefa_1.dir/C_/Users/SINE/.pico-sdk/sdk/2.1.1/lib/tinyusb/src/class/cdc/cdc_device.c.obj
 .text.tud_cdc_n_connected
                0x100069d0       0x2c CMakeFiles/Tarefa_1.dir/C_/Users/SINE/.pico-sdk/sdk/2.1.1/lib/tinyusb/src/class/cdc/cdc_device.c.obj
                0x100069d0                tud_cdc_n_connected
 .text.tud_cdc_n_available
                0x100069fc       0x14 CMakeFiles/Tarefa_1.dir/C_/Users/SINE/.pico-sdk/sdk/2.1.1/lib/tinyusb/src/class/cdc/cdc_device.c.obj
                0x100069fc                tud_cdc_n_available
 .text.tud_cdc_n_read
                0x10006a10       0x88 CMakeFiles/Tarefa_1.dir/C_/Users/SINE/.pico-sdk/sdk/2.1.1/lib/tinyusb/src/class/cdc/cdc_device.c.obj
                0x10006a10                tud_cdc_n_read
 .text.tud_cdc_n_write_flush
                0x10006a98       0x74 CMakeFiles/Tarefa_1.dir/C_/Users/SINE/.pico-sdk/sdk/2.1.1/lib/tinyusb/src/class/cdc/cdc_device.c.obj
                0x10006a98                tud_cdc_n_write_flush
 .text.tud_cdc_n_write
                0x10006b0c       0x40 CMakeFiles/Tarefa_1.dir/C_/Users/SINE/.pico-sdk/sdk/2.1.1/lib/tinyusb/src/class/cdc/cdc_device.c.obj
                0x10006b0c                tud_cdc_n_write
 .text.tud_cdc_n_write_available
                0x10006b4c       0x14 CMakeFiles/Tarefa_1.dir/C_/Users/SINE/.pico-sdk/sdk/2.1.1/lib/tinyusb/src/class/cdc/cdc_device.c.obj
                0x10006b4c                tud_cdc_n_write_available
 .text.cdcd_init
                0x10006b60       0x70 CMakeFiles/Tarefa_1.dir/C_/Users/SINE/.pico-sdk/sdk/2.1.1/lib/tinyusb/src/class/cdc/cdc_device.c.obj
                0x10006b60                cdcd_init
 .text.cdcd_deinit
                0x10006bd0       0x30 CMakeFiles/Tarefa_1.dir/C_/Users/SINE/.pico-sdk/sdk/2.1.1/lib/tinyusb/src/class/cdc/cdc_device.c.obj
                0x10006bd0                cdcd_deinit
 .text.cdcd_reset
                0x10006c00       0x4c CMakeFiles/Tarefa_1.dir/C_/Users/SINE/.pico-sdk/sdk/2.1.1/lib/tinyusb/src/class/cdc/cdc_device.c.obj
                0x10006c00                cdcd_reset
 .text.cdcd_open
                0x10006c4c       0xa4 CMakeFiles/Tarefa_1.dir/C_/Users/SINE/.pico-sdk/sdk/2.1.1/lib/tinyusb/src/class/cdc/cdc_device.c.obj
                0x10006c4c                cdcd_open
 .text.cdcd_control_xfer_cb
                0x10006cf0       0xe8 CMakeFiles/Tarefa_1.dir/C_/Users/SINE/.pico-sdk/sdk/2.1.1/lib/tinyusb/src/class/cdc/cdc_device.c.obj
                0x10006cf0                cdcd_control_xfer_cb
 .text.cdcd_xfer_cb
                0x10006dd8      0x100 CMakeFiles/Tarefa_1.dir/C_/Users/SINE/.pico-sdk/sdk/2.1.1/lib/tinyusb/src/class/cdc/cdc_device.c.obj
                0x10006dd8                cdcd_xfer_cb
 .text.vendord_init
                0x10006ed8       0x5c CMakeFiles/Tarefa_1.dir/C_/Users/SINE/.pico-sdk/sdk/2.1.1/lib/tinyusb/src/class/vendor/vendor_device.c.obj
                0x10006ed8                vendord_init
 .text.vendord_deinit
                0x10006f34       0x1c CMakeFiles/Tarefa_1.dir/C_/Users/SINE/.pico-sdk/sdk/2.1.1/lib/tinyusb/src/class/vendor/vendor_device.c.obj
                0x10006f34                vendord_deinit
 .text.vendord_reset
                0x10006f50       0x28 CMakeFiles/Tarefa_1.dir/C_/Users/SINE/.pico-sdk/sdk/2.1.1/lib/tinyusb/src/class/vendor/vendor_device.c.obj
                0x10006f50                vendord_reset
 .text.vendord_open
                0x10006f78      0x120 CMakeFiles/Tarefa_1.dir/C_/Users/SINE/.pico-sdk/sdk/2.1.1/lib/tinyusb/src/class/vendor/vendor_device.c.obj
                0x10006f78                vendord_open
 .text.vendord_xfer_cb
                0x10007098       0x9c CMakeFiles/Tarefa_1.dir/C_/Users/SINE/.pico-sdk/sdk/2.1.1/lib/tinyusb/src/class/vendor/vendor_device.c.obj
                0x10007098                vendord_xfer_cb
 .text.tusb_rhport_init
                0x10007134       0x4c CMakeFiles/Tarefa_1.dir/C_/Users/SINE/.pico-sdk/sdk/2.1.1/lib/tinyusb/src/tusb.c.obj
                0x10007134                tusb_rhport_init
 .text.tu_edpt_claim
                0x10007180       0x50 CMakeFiles/Tarefa_1.dir/C_/Users/SINE/.pico-sdk/sdk/2.1.1/lib/tinyusb/src/tusb.c.obj
                0x10007180                tu_edpt_claim
 .text.tu_edpt_release
                0x100071d0       0x38 CMakeFiles/Tarefa_1.dir/C_/Users/SINE/.pico-sdk/sdk/2.1.1/lib/tinyusb/src/tusb.c.obj
                0x100071d0                tu_edpt_release
 .text.tu_edpt_validate
                0x10007208       0x7c CMakeFiles/Tarefa_1.dir/C_/Users/SINE/.pico-sdk/sdk/2.1.1/lib/tinyusb/src/tusb.c.obj
                0x10007208                tu_edpt_validate
 .text.tu_edpt_bind_driver
                0x10007284       0x34 CMakeFiles/Tarefa_1.dir/C_/Users/SINE/.pico-sdk/sdk/2.1.1/lib/tinyusb/src/tusb.c.obj
                0x10007284                tu_edpt_bind_driver
 .text.tu_edpt_stream_init
                0x100072b8       0x6c CMakeFiles/Tarefa_1.dir/C_/Users/SINE/.pico-sdk/sdk/2.1.1/lib/tinyusb/src/tusb.c.obj
                0x100072b8                tu_edpt_stream_init
 .text.tu_edpt_stream_deinit
                0x10007324        0x4 CMakeFiles/Tarefa_1.dir/C_/Users/SINE/.pico-sdk/sdk/2.1.1/lib/tinyusb/src/tusb.c.obj
                0x10007324                tu_edpt_stream_deinit
 .text.tu_edpt_stream_write_zlp_if_needed
                0x10007328       0x68 CMakeFiles/Tarefa_1.dir/C_/Users/SINE/.pico-sdk/sdk/2.1.1/lib/tinyusb/src/tusb.c.obj
                0x10007328                tu_edpt_stream_write_zlp_if_needed
 .text.tu_edpt_stream_write_xfer
                0x10007390       0x68 CMakeFiles/Tarefa_1.dir/C_/Users/SINE/.pico-sdk/sdk/2.1.1/lib/tinyusb/src/tusb.c.obj
                0x10007390                tu_edpt_stream_write_xfer
 .text.tu_edpt_stream_read_xfer
                0x100073f8       0xd8 CMakeFiles/Tarefa_1.dir/C_/Users/SINE/.pico-sdk/sdk/2.1.1/lib/tinyusb/src/tusb.c.obj
                0x100073f8                tu_edpt_stream_read_xfer
 .text.tu_fifo_config
                0x100074d0       0x6c CMakeFiles/Tarefa_1.dir/C_/Users/SINE/.pico-sdk/sdk/2.1.1/lib/tinyusb/src/common/tusb_fifo.c.obj
                0x100074d0                tu_fifo_config
 .text.tu_fifo_count
                0x1000753c       0x2c CMakeFiles/Tarefa_1.dir/C_/Users/SINE/.pico-sdk/sdk/2.1.1/lib/tinyusb/src/common/tusb_fifo.c.obj
                0x1000753c                tu_fifo_count
 .text.tu_fifo_empty
                0x10007568       0x10 CMakeFiles/Tarefa_1.dir/C_/Users/SINE/.pico-sdk/sdk/2.1.1/lib/tinyusb/src/common/tusb_fifo.c.obj
                0x10007568                tu_fifo_empty
 .text.tu_fifo_remaining
                0x10007578       0x2c CMakeFiles/Tarefa_1.dir/C_/Users/SINE/.pico-sdk/sdk/2.1.1/lib/tinyusb/src/common/tusb_fifo.c.obj
                0x10007578                tu_fifo_remaining
 .text.tu_fifo_read
                0x100075a4       0x9c CMakeFiles/Tarefa_1.dir/C_/Users/SINE/.pico-sdk/sdk/2.1.1/lib/tinyusb/src/common/tusb_fifo.c.obj
                0x100075a4                tu_fifo_read
 .text.tu_fifo_read_n
                0x10007640       0xe8 CMakeFiles/Tarefa_1.dir/C_/Users/SINE/.pico-sdk/sdk/2.1.1/lib/tinyusb/src/common/tusb_fifo.c.obj
                0x10007640                tu_fifo_read_n
 .text.tu_fifo_write
                0x10007728       0xa4 CMakeFiles/Tarefa_1.dir/C_/Users/SINE/.pico-sdk/sdk/2.1.1/lib/tinyusb/src/common/tusb_fifo.c.obj
                0x10007728                tu_fifo_write
 .text.tu_fifo_write_n
                0x100077cc      0x178 CMakeFiles/Tarefa_1.dir/C_/Users/SINE/.pico-sdk/sdk/2.1.1/lib/tinyusb/src/common/tusb_fifo.c.obj
                0x100077cc                tu_fifo_write_n
 .text.tu_fifo_clear
                0x10007944       0x40 CMakeFiles/Tarefa_1.dir/C_/Users/SINE/.pico-sdk/sdk/2.1.1/lib/tinyusb/src/common/tusb_fifo.c.obj
                0x10007944                tu_fifo_clear
 .text.tu_fifo_set_overwritable
                0x10007984       0x48 CMakeFiles/Tarefa_1.dir/C_/Users/SINE/.pico-sdk/sdk/2.1.1/lib/tinyusb/src/common/tusb_fifo.c.obj
                0x10007984                tu_fifo_set_overwritable
 .text.vPortSVCHandler
                0x100079cc        0x4 CMakeFiles/Tarefa_1.dir/C_/Users/SINE/OneDrive/Desktop/git/tarefa2/FreeRTOS-LTS/FreeRTOS/FreeRTOS-Kernel/portable/ThirdParty/GCC/RP2040/port.c.obj
                0x100079cc                vPortSVCHandler
 .text.vPortStartFirstTask
                0x100079d0       0x34 CMakeFiles/Tarefa_1.dir/C_/Users/SINE/OneDrive/Desktop/git/tarefa2/FreeRTOS-LTS/FreeRTOS/FreeRTOS-Kernel/portable/ThirdParty/GCC/RP2040/port.c.obj
 *fill*         0x10007a04        0xc 
 .text.xPortPendSVHandler
                0x10007a10       0x64 CMakeFiles/Tarefa_1.dir/C_/Users/SINE/OneDrive/Desktop/git/tarefa2/FreeRTOS-LTS/FreeRTOS/FreeRTOS-Kernel/portable/ThirdParty/GCC/RP2040/port.c.obj
                0x10007a10                xPortPendSVHandler
 .text.prvFIFOInterruptHandler
                0x10007a74       0x78 CMakeFiles/Tarefa_1.dir/C_/Users/SINE/OneDrive/Desktop/git/tarefa2/FreeRTOS-LTS/FreeRTOS/FreeRTOS-Kernel/portable/ThirdParty/GCC/RP2040/port.c.obj
 .text.prvTaskExitError
                0x10007aec        0x8 CMakeFiles/Tarefa_1.dir/C_/Users/SINE/OneDrive/Desktop/git/tarefa2/FreeRTOS-LTS/FreeRTOS/FreeRTOS-Kernel/portable/ThirdParty/GCC/RP2040/port.c.obj
 .text.pxPortInitialiseStack
                0x10007af4       0x20 CMakeFiles/Tarefa_1.dir/C_/Users/SINE/OneDrive/Desktop/git/tarefa2/FreeRTOS-LTS/FreeRTOS/FreeRTOS-Kernel/portable/ThirdParty/GCC/RP2040/port.c.obj
                0x10007af4                pxPortInitialiseStack
 .text.vPortYield
                0x10007b14       0x18 CMakeFiles/Tarefa_1.dir/C_/Users/SINE/OneDrive/Desktop/git/tarefa2/FreeRTOS-LTS/FreeRTOS/FreeRTOS-Kernel/portable/ThirdParty/GCC/RP2040/port.c.obj
                0x10007b14                vPortYield
 .text.vPortEnterCritical
                0x10007b2c       0x18 CMakeFiles/Tarefa_1.dir/C_/Users/SINE/OneDrive/Desktop/git/tarefa2/FreeRTOS-LTS/FreeRTOS/FreeRTOS-Kernel/portable/ThirdParty/GCC/RP2040/port.c.obj
                0x10007b2c                vPortEnterCritical
 .text.vPortExitCritical
                0x10007b44       0x34 CMakeFiles/Tarefa_1.dir/C_/Users/SINE/OneDrive/Desktop/git/tarefa2/FreeRTOS-LTS/FreeRTOS/FreeRTOS-Kernel/portable/ThirdParty/GCC/RP2040/port.c.obj
                0x10007b44                vPortExitCritical
 .text.ulSetInterruptMaskFromISR
                0x10007b78        0x8 CMakeFiles/Tarefa_1.dir/C_/Users/SINE/OneDrive/Desktop/git/tarefa2/FreeRTOS-LTS/FreeRTOS/FreeRTOS-Kernel/portable/ThirdParty/GCC/RP2040/port.c.obj
                0x10007b78                ulSetInterruptMaskFromISR
 .text.vClearInterruptMaskFromISR
                0x10007b80        0x8 CMakeFiles/Tarefa_1.dir/C_/Users/SINE/OneDrive/Desktop/git/tarefa2/FreeRTOS-LTS/FreeRTOS/FreeRTOS-Kernel/portable/ThirdParty/GCC/RP2040/port.c.obj
                0x10007b80                vClearInterruptMaskFromISR
 .text.xPortSysTickHandler
                0x10007b88       0x24 CMakeFiles/Tarefa_1.dir/C_/Users/SINE/OneDrive/Desktop/git/tarefa2/FreeRTOS-LTS/FreeRTOS/FreeRTOS-Kernel/portable/ThirdParty/GCC/RP2040/port.c.obj
                0x10007b88                xPortSysTickHandler
 .text.vPortSetupTimerInterrupt
                0x10007bac       0x34 CMakeFiles/Tarefa_1.dir/C_/Users/SINE/OneDrive/Desktop/git/tarefa2/FreeRTOS-LTS/FreeRTOS/FreeRTOS-Kernel/portable/ThirdParty/GCC/RP2040/port.c.obj
                0x10007bac                vPortSetupTimerInterrupt
 .text.xPortStartScheduler
                0x10007be0       0x9c CMakeFiles/Tarefa_1.dir/C_/Users/SINE/OneDrive/Desktop/git/tarefa2/FreeRTOS-LTS/FreeRTOS/FreeRTOS-Kernel/portable/ThirdParty/GCC/RP2040/port.c.obj
                0x10007be0                xPortStartScheduler
 .text.ulPortLockGetCurrentOwnerId
                0x10007c7c       0x2c CMakeFiles/Tarefa_1.dir/C_/Users/SINE/OneDrive/Desktop/git/tarefa2/FreeRTOS-LTS/FreeRTOS/FreeRTOS-Kernel/portable/ThirdParty/GCC/RP2040/port.c.obj
                0x10007c7c                ulPortLockGetCurrentOwnerId
 .text.vPortLockInternalSpinUnlockWithWait
                0x10007ca8       0x68 CMakeFiles/Tarefa_1.dir/C_/Users/SINE/OneDrive/Desktop/git/tarefa2/FreeRTOS-LTS/FreeRTOS/FreeRTOS-Kernel/portable/ThirdParty/GCC/RP2040/port.c.obj
                0x10007ca8                vPortLockInternalSpinUnlockWithWait
 .text.vPortLockInternalSpinUnlockWithNotify
                0x10007d10       0xc4 CMakeFiles/Tarefa_1.dir/C_/Users/SINE/OneDrive/Desktop/git/tarefa2/FreeRTOS-LTS/FreeRTOS/FreeRTOS-Kernel/portable/ThirdParty/GCC/RP2040/port.c.obj
                0x10007d10                vPortLockInternalSpinUnlockWithNotify
 .text.xPortLockInternalSpinUnlockWithBestEffortWaitOrTimeout
                0x10007dd4       0xf4 CMakeFiles/Tarefa_1.dir/C_/Users/SINE/OneDrive/Desktop/git/tarefa2/FreeRTOS-LTS/FreeRTOS/FreeRTOS-Kernel/portable/ThirdParty/GCC/RP2040/port.c.obj
                0x10007dd4                xPortLockInternalSpinUnlockWithBestEffortWaitOrTimeout
 .text.startup.prvRuntimeInitializer
                0x10007ec8       0x28 CMakeFiles/Tarefa_1.dir/C_/Users/SINE/OneDrive/Desktop/git/tarefa2/FreeRTOS-LTS/FreeRTOS/FreeRTOS-Kernel/portable/ThirdParty/GCC/RP2040/port.c.obj
 .text.vEventGroupSetBitsCallback
                0x10007ef0       0x90 CMakeFiles/Tarefa_1.dir/C_/Users/SINE/OneDrive/Desktop/git/tarefa2/FreeRTOS-LTS/FreeRTOS/FreeRTOS-Kernel/event_groups.c.obj
                0x10007ef0                vEventGroupSetBitsCallback
 .text.xEventGroupCreate
                0x10007f80       0x18 CMakeFiles/Tarefa_1.dir/C_/Users/SINE/OneDrive/Desktop/git/tarefa2/FreeRTOS-LTS/FreeRTOS/FreeRTOS-Kernel/event_groups.c.obj
                0x10007f80                xEventGroupCreate
 .text.xEventGroupWaitBits
                0x10007f98       0xb8 CMakeFiles/Tarefa_1.dir/C_/Users/SINE/OneDrive/Desktop/git/tarefa2/FreeRTOS-LTS/FreeRTOS/FreeRTOS-Kernel/event_groups.c.obj
                0x10007f98                xEventGroupWaitBits
 .text.xEventGroupSetBits
                0x10008050       0x94 CMakeFiles/Tarefa_1.dir/C_/Users/SINE/OneDrive/Desktop/git/tarefa2/FreeRTOS-LTS/FreeRTOS/FreeRTOS-Kernel/event_groups.c.obj
                0x10008050                xEventGroupSetBits
 .text.xEventGroupSetBitsFromISR
                0x100080e4       0x18 CMakeFiles/Tarefa_1.dir/C_/Users/SINE/OneDrive/Desktop/git/tarefa2/FreeRTOS-LTS/FreeRTOS/FreeRTOS-Kernel/event_groups.c.obj
                0x100080e4                xEventGroupSetBitsFromISR
 .text.vListInitialise
                0x100080fc       0x18 CMakeFiles/Tarefa_1.dir/C_/Users/SINE/OneDrive/Desktop/git/tarefa2/FreeRTOS-LTS/FreeRTOS/FreeRTOS-Kernel/list.c.obj
                0x100080fc                vListInitialise
 .text.vListInitialiseItem
                0x10008114        0x8 CMakeFiles/Tarefa_1.dir/C_/Users/SINE/OneDrive/Desktop/git/tarefa2/FreeRTOS-LTS/FreeRTOS/FreeRTOS-Kernel/list.c.obj
                0x10008114                vListInitialiseItem
 .text.vListInsert
                0x1000811c       0x30 CMakeFiles/Tarefa_1.dir/C_/Users/SINE/OneDrive/Desktop/git/tarefa2/FreeRTOS-LTS/FreeRTOS/FreeRTOS-Kernel/list.c.obj
                0x1000811c                vListInsert
 .text.uxListRemove
                0x1000814c       0x20 CMakeFiles/Tarefa_1.dir/C_/Users/SINE/OneDrive/Desktop/git/tarefa2/FreeRTOS-LTS/FreeRTOS/FreeRTOS-Kernel/list.c.obj
                0x1000814c                uxListRemove
 .text.prvUnlockQueue
                0x1000816c      0x17c CMakeFiles/Tarefa_1.dir/C_/Users/SINE/OneDrive/Desktop/git/tarefa2/FreeRTOS-LTS/FreeRTOS/FreeRTOS-Kernel/queue.c.obj
 .text.prvNotifyQueueSetContainer
                0x100082e8       0x90 CMakeFiles/Tarefa_1.dir/C_/Users/SINE/OneDrive/Desktop/git/tarefa2/FreeRTOS-LTS/FreeRTOS/FreeRTOS-Kernel/queue.c.obj
 .text.xQueueGenericCreate
                0x10008378       0xa4 CMakeFiles/Tarefa_1.dir/C_/Users/SINE/OneDrive/Desktop/git/tarefa2/FreeRTOS-LTS/FreeRTOS/FreeRTOS-Kernel/queue.c.obj
                0x10008378                xQueueGenericCreate
 .text.xQueueGenericSend
                0x1000841c      0x1d4 CMakeFiles/Tarefa_1.dir/C_/Users/SINE/OneDrive/Desktop/git/tarefa2/FreeRTOS-LTS/FreeRTOS/FreeRTOS-Kernel/queue.c.obj
                0x1000841c                xQueueGenericSend
 .text.xQueueGenericSendFromISR
                0x100085f0      0x150 CMakeFiles/Tarefa_1.dir/C_/Users/SINE/OneDrive/Desktop/git/tarefa2/FreeRTOS-LTS/FreeRTOS/FreeRTOS-Kernel/queue.c.obj
                0x100085f0                xQueueGenericSendFromISR
 .text.xQueueReceive
                0x10008740      0x11c CMakeFiles/Tarefa_1.dir/C_/Users/SINE/OneDrive/Desktop/git/tarefa2/FreeRTOS-LTS/FreeRTOS/FreeRTOS-Kernel/queue.c.obj
                0x10008740                xQueueReceive
 .text.vQueueAddToRegistry
                0x1000885c      0x118 CMakeFiles/Tarefa_1.dir/C_/Users/SINE/OneDrive/Desktop/git/tarefa2/FreeRTOS-LTS/FreeRTOS/FreeRTOS-Kernel/queue.c.obj
                0x1000885c                vQueueAddToRegistry
 .text.vQueueWaitForMessageRestricted
                0x10008974       0x48 CMakeFiles/Tarefa_1.dir/C_/Users/SINE/OneDrive/Desktop/git/tarefa2/FreeRTOS-LTS/FreeRTOS/FreeRTOS-Kernel/queue.c.obj
                0x10008974                vQueueWaitForMessageRestricted
 .text.prvAddNewTaskToReadyList
                0x100089bc      0x124 CMakeFiles/Tarefa_1.dir/C_/Users/SINE/OneDrive/Desktop/git/tarefa2/FreeRTOS-LTS/FreeRTOS/FreeRTOS-Kernel/tasks.c.obj
 .text.prvIdleTask
                0x10008ae0       0x60 CMakeFiles/Tarefa_1.dir/C_/Users/SINE/OneDrive/Desktop/git/tarefa2/FreeRTOS-LTS/FreeRTOS/FreeRTOS-Kernel/tasks.c.obj
 .text.xTaskIncrementTick.part.0
                0x10008b40      0x194 CMakeFiles/Tarefa_1.dir/C_/Users/SINE/OneDrive/Desktop/git/tarefa2/FreeRTOS-LTS/FreeRTOS/FreeRTOS-Kernel/tasks.c.obj
 .text.xTaskCreate
                0x10008cd4      0x138 CMakeFiles/Tarefa_1.dir/C_/Users/SINE/OneDrive/Desktop/git/tarefa2/FreeRTOS-LTS/FreeRTOS/FreeRTOS-Kernel/tasks.c.obj
                0x10008cd4                xTaskCreate
 .text.vTaskStartScheduler
                0x10008e0c       0xd4 CMakeFiles/Tarefa_1.dir/C_/Users/SINE/OneDrive/Desktop/git/tarefa2/FreeRTOS-LTS/FreeRTOS/FreeRTOS-Kernel/tasks.c.obj
                0x10008e0c                vTaskStartScheduler
 .text.vTaskSuspendAll
                0x10008ee0       0x10 CMakeFiles/Tarefa_1.dir/C_/Users/SINE/OneDrive/Desktop/git/tarefa2/FreeRTOS-LTS/FreeRTOS/FreeRTOS-Kernel/tasks.c.obj
                0x10008ee0                vTaskSuspendAll
 .text.xTaskResumeAll
                0x10008ef0      0x188 CMakeFiles/Tarefa_1.dir/C_/Users/SINE/OneDrive/Desktop/git/tarefa2/FreeRTOS-LTS/FreeRTOS/FreeRTOS-Kernel/tasks.c.obj
                0x10008ef0                xTaskResumeAll
 .text.vTaskDelay
                0x10009078       0x84 CMakeFiles/Tarefa_1.dir/C_/Users/SINE/OneDrive/Desktop/git/tarefa2/FreeRTOS-LTS/FreeRTOS/FreeRTOS-Kernel/tasks.c.obj
                0x10009078                vTaskDelay
 .text.xTaskGetTickCount
                0x100090fc        0xc CMakeFiles/Tarefa_1.dir/C_/Users/SINE/OneDrive/Desktop/git/tarefa2/FreeRTOS-LTS/FreeRTOS/FreeRTOS-Kernel/tasks.c.obj
                0x100090fc                xTaskGetTickCount
 .text.uxTaskGetNumberOfTasks
                0x10009108        0xc CMakeFiles/Tarefa_1.dir/C_/Users/SINE/OneDrive/Desktop/git/tarefa2/FreeRTOS-LTS/FreeRTOS/FreeRTOS-Kernel/tasks.c.obj
                0x10009108                uxTaskGetNumberOfTasks
 .text.xTaskIncrementTick
                0x10009114       0x24 CMakeFiles/Tarefa_1.dir/C_/Users/SINE/OneDrive/Desktop/git/tarefa2/FreeRTOS-LTS/FreeRTOS/FreeRTOS-Kernel/tasks.c.obj
                0x10009114                xTaskIncrementTick
 .text.vTaskSwitchContext
                0x10009138       0x7c CMakeFiles/Tarefa_1.dir/C_/Users/SINE/OneDrive/Desktop/git/tarefa2/FreeRTOS-LTS/FreeRTOS/FreeRTOS-Kernel/tasks.c.obj
                0x10009138                vTaskSwitchContext
 .text.vTaskPlaceOnEventList
                0x100091b4       0xa0 CMakeFiles/Tarefa_1.dir/C_/Users/SINE/OneDrive/Desktop/git/tarefa2/FreeRTOS-LTS/FreeRTOS/FreeRTOS-Kernel/tasks.c.obj
                0x100091b4                vTaskPlaceOnEventList
 .text.vTaskPlaceOnUnorderedEventList
                0x10009254       0xc4 CMakeFiles/Tarefa_1.dir/C_/Users/SINE/OneDrive/Desktop/git/tarefa2/FreeRTOS-LTS/FreeRTOS/FreeRTOS-Kernel/tasks.c.obj
                0x10009254                vTaskPlaceOnUnorderedEventList
 .text.vTaskPlaceOnEventListRestricted
                0x10009318       0xf4 CMakeFiles/Tarefa_1.dir/C_/Users/SINE/OneDrive/Desktop/git/tarefa2/FreeRTOS-LTS/FreeRTOS/FreeRTOS-Kernel/tasks.c.obj
                0x10009318                vTaskPlaceOnEventListRestricted
 .text.xTaskRemoveFromEventList
                0x1000940c       0xcc CMakeFiles/Tarefa_1.dir/C_/Users/SINE/OneDrive/Desktop/git/tarefa2/FreeRTOS-LTS/FreeRTOS/FreeRTOS-Kernel/tasks.c.obj
                0x1000940c                xTaskRemoveFromEventList
 .text.vTaskRemoveFromUnorderedEventList
                0x100094d8       0x94 CMakeFiles/Tarefa_1.dir/C_/Users/SINE/OneDrive/Desktop/git/tarefa2/FreeRTOS-LTS/FreeRTOS/FreeRTOS-Kernel/tasks.c.obj
                0x100094d8                vTaskRemoveFromUnorderedEventList
 .text.vTaskInternalSetTimeOutState
                0x1000956c       0x18 CMakeFiles/Tarefa_1.dir/C_/Users/SINE/OneDrive/Desktop/git/tarefa2/FreeRTOS-LTS/FreeRTOS/FreeRTOS-Kernel/tasks.c.obj
                0x1000956c                vTaskInternalSetTimeOutState
 .text.xTaskCheckForTimeOut
                0x10009584       0x74 CMakeFiles/Tarefa_1.dir/C_/Users/SINE/OneDrive/Desktop/git/tarefa2/FreeRTOS-LTS/FreeRTOS/FreeRTOS-Kernel/tasks.c.obj
                0x10009584                xTaskCheckForTimeOut
 .text.vTaskMissedYield
                0x100095f8        0xc CMakeFiles/Tarefa_1.dir/C_/Users/SINE/OneDrive/Desktop/git/tarefa2/FreeRTOS-LTS/FreeRTOS/FreeRTOS-Kernel/tasks.c.obj
                0x100095f8                vTaskMissedYield
 .text.xTaskGetCurrentTaskHandle
                0x10009604        0xc CMakeFiles/Tarefa_1.dir/C_/Users/SINE/OneDrive/Desktop/git/tarefa2/FreeRTOS-LTS/FreeRTOS/FreeRTOS-Kernel/tasks.c.obj
                0x10009604                xTaskGetCurrentTaskHandle
 .text.xTaskPriorityDisinherit
                0x10009610       0x64 CMakeFiles/Tarefa_1.dir/C_/Users/SINE/OneDrive/Desktop/git/tarefa2/FreeRTOS-LTS/FreeRTOS/FreeRTOS-Kernel/tasks.c.obj
                0x10009610                xTaskPriorityDisinherit
 .text.uxTaskResetEventItemValue
                0x10009674       0x18 CMakeFiles/Tarefa_1.dir/C_/Users/SINE/OneDrive/Desktop/git/tarefa2/FreeRTOS-LTS/FreeRTOS/FreeRTOS-Kernel/tasks.c.obj
                0x10009674                uxTaskResetEventItemValue
 .text.prvTimerTask
                0x1000968c      0x38c CMakeFiles/Tarefa_1.dir/C_/Users/SINE/OneDrive/Desktop/git/tarefa2/FreeRTOS-LTS/FreeRTOS/FreeRTOS-Kernel/timers.c.obj
 .text.xTimerCreateTimerTask
                0x10009a18       0x8c CMakeFiles/Tarefa_1.dir/C_/Users/SINE/OneDrive/Desktop/git/tarefa2/FreeRTOS-LTS/FreeRTOS/FreeRTOS-Kernel/timers.c.obj
                0x10009a18                xTimerCreateTimerTask
 .text.xTimerPendFunctionCallFromISR
                0x10009aa4       0x2c CMakeFiles/Tarefa_1.dir/C_/Users/SINE/OneDrive/Desktop/git/tarefa2/FreeRTOS-LTS/FreeRTOS/FreeRTOS-Kernel/timers.c.obj
                0x10009aa4                xTimerPendFunctionCallFromISR
 .text.exception_set_exclusive_handler
                0x10009ad0       0x48 CMakeFiles/Tarefa_1.dir/C_/Users/SINE/.pico-sdk/sdk/2.1.1/src/rp2_common/hardware_exception/exception.c.obj
                0x10009ad0                exception_set_exclusive_handler
 .text.pvPortMalloc
                0x10009b18      0x124 CMakeFiles/Tarefa_1.dir/C_/Users/SINE/OneDrive/Desktop/git/tarefa2/FreeRTOS-LTS/FreeRTOS/FreeRTOS-Kernel/portable/MemMang/heap_4.c.obj
                0x10009b18                pvPortMalloc
 .text.vPortFree
                0x10009c3c       0x98 CMakeFiles/Tarefa_1.dir/C_/Users/SINE/OneDrive/Desktop/git/tarefa2/FreeRTOS-LTS/FreeRTOS/FreeRTOS-Kernel/portable/MemMang/heap_4.c.obj
                0x10009c3c                vPortFree
 .text.adc_init
                0x10009cd4       0x38 CMakeFiles/Tarefa_1.dir/C_/Users/SINE/.pico-sdk/sdk/2.1.1/src/rp2_common/hardware_adc/adc.c.obj
                0x10009cd4                adc_init
 .text.i2c_write_blocking_internal.constprop.0
                0x10009d0c       0xf8 CMakeFiles/Tarefa_1.dir/C_/Users/SINE/.pico-sdk/sdk/2.1.1/src/rp2_common/hardware_i2c/i2c.c.obj
 .text.i2c_set_baudrate
                0x10009e04       0xc0 CMakeFiles/Tarefa_1.dir/C_/Users/SINE/.pico-sdk/sdk/2.1.1/src/rp2_common/hardware_i2c/i2c.c.obj
                0x10009e04                i2c_set_baudrate
 .text.i2c_init
                0x10009ec4       0x50 CMakeFiles/Tarefa_1.dir/C_/Users/SINE/.pico-sdk/sdk/2.1.1/src/rp2_common/hardware_i2c/i2c.c.obj
                0x10009ec4                i2c_init
 .text.i2c_write_blocking
                0x10009f14       0x14 CMakeFiles/Tarefa_1.dir/C_/Users/SINE/.pico-sdk/sdk/2.1.1/src/rp2_common/hardware_i2c/i2c.c.obj
                0x10009f14                i2c_write_blocking
 .text.lwip_timeout_reached
                0x10009f28        0x8 CMakeFiles/Tarefa_1.dir/C_/Users/SINE/.pico-sdk/sdk/2.1.1/src/rp2_common/pico_lwip/lwip_nosys.c.obj
 .text.update_next_timeout
                0x10009f30       0x5c CMakeFiles/Tarefa_1.dir/C_/Users/SINE/.pico-sdk/sdk/2.1.1/src/rp2_common/pico_lwip/lwip_nosys.c.obj
 .text.lwip_nosys_init
                0x10009f8c       0x30 CMakeFiles/Tarefa_1.dir/C_/Users/SINE/.pico-sdk/sdk/2.1.1/src/rp2_common/pico_lwip/lwip_nosys.c.obj
                0x10009f8c                lwip_nosys_init
 .text.lwip_nosys_deinit
                0x10009fbc       0x20 CMakeFiles/Tarefa_1.dir/C_/Users/SINE/.pico-sdk/sdk/2.1.1/src/rp2_common/pico_lwip/lwip_nosys.c.obj
                0x10009fbc                lwip_nosys_deinit
 .text.sys_arch_protect
                0x10009fdc        0x4 CMakeFiles/Tarefa_1.dir/C_/Users/SINE/.pico-sdk/sdk/2.1.1/src/rp2_common/pico_lwip/lwip_nosys.c.obj
                0x10009fdc                sys_arch_protect
 .text.sys_arch_unprotect
                0x10009fe0        0x4 CMakeFiles/Tarefa_1.dir/C_/Users/SINE/.pico-sdk/sdk/2.1.1/src/rp2_common/pico_lwip/lwip_nosys.c.obj
                0x10009fe0                sys_arch_unprotect
 .text.sys_now  0x10009fe4       0x20 CMakeFiles/Tarefa_1.dir/C_/Users/SINE/.pico-sdk/sdk/2.1.1/src/rp2_common/pico_lwip/lwip_nosys.c.obj
                0x10009fe4                sys_now
 .text.async_context_base_add_at_time_worker
                0x1000a004       0x28 CMakeFiles/Tarefa_1.dir/C_/Users/SINE/.pico-sdk/sdk/2.1.1/src/rp2_common/pico_async_context/async_context_base.c.obj
                0x1000a004                async_context_base_add_at_time_worker
 .text.async_context_base_remove_at_time_worker
                0x1000a02c       0x24 CMakeFiles/Tarefa_1.dir/C_/Users/SINE/.pico-sdk/sdk/2.1.1/src/rp2_common/pico_async_context/async_context_base.c.obj
                0x1000a02c                async_context_base_remove_at_time_worker
 .text.async_context_base_add_when_pending_worker
                0x1000a050       0x24 CMakeFiles/Tarefa_1.dir/C_/Users/SINE/.pico-sdk/sdk/2.1.1/src/rp2_common/pico_async_context/async_context_base.c.obj
                0x1000a050                async_context_base_add_when_pending_worker
 .text.async_context_base_remove_when_pending_worker
                0x1000a074       0x24 CMakeFiles/Tarefa_1.dir/C_/Users/SINE/.pico-sdk/sdk/2.1.1/src/rp2_common/pico_async_context/async_context_base.c.obj
                0x1000a074                async_context_base_remove_when_pending_worker
 .text.async_context_base_execute_once
                0x1000a098      0x108 CMakeFiles/Tarefa_1.dir/C_/Users/SINE/.pico-sdk/sdk/2.1.1/src/rp2_common/pico_async_context/async_context_base.c.obj
                0x1000a098                async_context_base_execute_once
 .text.async_context_base_needs_servicing
                0x1000a1a0       0x54 CMakeFiles/Tarefa_1.dir/C_/Users/SINE/.pico-sdk/sdk/2.1.1/src/rp2_common/pico_async_context/async_context_base.c.obj
                0x1000a1a0                async_context_base_needs_servicing
 .text.splitmix64
                0x1000a1f4       0x58 CMakeFiles/Tarefa_1.dir/C_/Users/SINE/.pico-sdk/sdk/2.1.1/src/rp2_common/pico_rand/rand.c.obj
 .text.xoroshiro128ss
                0x1000a24c       0x90 CMakeFiles/Tarefa_1.dir/C_/Users/SINE/.pico-sdk/sdk/2.1.1/src/rp2_common/pico_rand/rand.c.obj
 .text.get_rand_64
                0x1000a2dc      0x47c CMakeFiles/Tarefa_1.dir/C_/Users/SINE/.pico-sdk/sdk/2.1.1/src/rp2_common/pico_rand/rand.c.obj
                0x1000a2dc                get_rand_64
 .text.get_rand_32
                0x1000a758        0x8 CMakeFiles/Tarefa_1.dir/C_/Users/SINE/.pico-sdk/sdk/2.1.1/src/rp2_common/pico_rand/rand.c.obj
                0x1000a758                get_rand_32
 .text.lwip_init
                0x1000a760       0x24 CMakeFiles/Tarefa_1.dir/C_/Users/SINE/.pico-sdk/sdk/2.1.1/lib/lwip/src/core/init.c.obj
                0x1000a760                lwip_init
 .text.lwip_htons
                0x1000a784        0x8 CMakeFiles/Tarefa_1.dir/C_/Users/SINE/.pico-sdk/sdk/2.1.1/lib/lwip/src/core/def.c.obj
                0x1000a784                lwip_htons
 .text.lwip_htonl
                0x1000a78c        0x4 CMakeFiles/Tarefa_1.dir/C_/Users/SINE/.pico-sdk/sdk/2.1.1/lib/lwip/src/core/def.c.obj
                0x1000a78c                lwip_htonl
 .text.dns_call_found
                0x1000a790      0x184 CMakeFiles/Tarefa_1.dir/C_/Users/SINE/.pico-sdk/sdk/2.1.1/lib/lwip/src/core/dns.c.obj
 .text.dns_send.isra.0
                0x1000a914      0x174 CMakeFiles/Tarefa_1.dir/C_/Users/SINE/.pico-sdk/sdk/2.1.1/lib/lwip/src/core/dns.c.obj
 .text.dns_init
                0x1000aa88        0x4 CMakeFiles/Tarefa_1.dir/C_/Users/SINE/.pico-sdk/sdk/2.1.1/lib/lwip/src/core/dns.c.obj
                0x1000aa88                dns_init
 .text.dns_setserver
                0x1000aa8c       0x24 CMakeFiles/Tarefa_1.dir/C_/Users/SINE/.pico-sdk/sdk/2.1.1/lib/lwip/src/core/dns.c.obj
                0x1000aa8c                dns_setserver
 .text.dns_tmr  0x1000aab0      0x130 CMakeFiles/Tarefa_1.dir/C_/Users/SINE/.pico-sdk/sdk/2.1.1/lib/lwip/src/core/dns.c.obj
                0x1000aab0                dns_tmr
 .text.lwip_standard_chksum
                0x1000abe0       0xf4 CMakeFiles/Tarefa_1.dir/C_/Users/SINE/.pico-sdk/sdk/2.1.1/lib/lwip/src/core/inet_chksum.c.obj
                0x1000abe0                lwip_standard_chksum
 .text.inet_chksum_pseudo
                0x1000acd4       0xbc CMakeFiles/Tarefa_1.dir/C_/Users/SINE/.pico-sdk/sdk/2.1.1/lib/lwip/src/core/inet_chksum.c.obj
                0x1000acd4                inet_chksum_pseudo
 .text.ip_chksum_pseudo
                0x1000ad90       0x10 CMakeFiles/Tarefa_1.dir/C_/Users/SINE/.pico-sdk/sdk/2.1.1/lib/lwip/src/core/inet_chksum.c.obj
                0x1000ad90                ip_chksum_pseudo
 .text.inet_chksum
                0x1000ada0        0xc CMakeFiles/Tarefa_1.dir/C_/Users/SINE/.pico-sdk/sdk/2.1.1/lib/lwip/src/core/inet_chksum.c.obj
                0x1000ada0                inet_chksum
 .text.inet_chksum_pbuf
                0x1000adac       0x78 CMakeFiles/Tarefa_1.dir/C_/Users/SINE/.pico-sdk/sdk/2.1.1/lib/lwip/src/core/inet_chksum.c.obj
                0x1000adac                inet_chksum_pbuf
 .text.mem_init
                0x1000ae24       0x3c CMakeFiles/Tarefa_1.dir/C_/Users/SINE/.pico-sdk/sdk/2.1.1/lib/lwip/src/core/mem.c.obj
                0x1000ae24                mem_init
 .text.mem_free
                0x1000ae60      0x13c CMakeFiles/Tarefa_1.dir/C_/Users/SINE/.pico-sdk/sdk/2.1.1/lib/lwip/src/core/mem.c.obj
                0x1000ae60                mem_free
 .text.mem_trim
                0x1000af9c      0x104 CMakeFiles/Tarefa_1.dir/C_/Users/SINE/.pico-sdk/sdk/2.1.1/lib/lwip/src/core/mem.c.obj
                0x1000af9c                mem_trim
 .text.mem_malloc
                0x1000b0a0      0x130 CMakeFiles/Tarefa_1.dir/C_/Users/SINE/.pico-sdk/sdk/2.1.1/lib/lwip/src/core/mem.c.obj
                0x1000b0a0                mem_malloc
 .text.mem_calloc
                0x1000b1d0       0x28 CMakeFiles/Tarefa_1.dir/C_/Users/SINE/.pico-sdk/sdk/2.1.1/lib/lwip/src/core/mem.c.obj
                0x1000b1d0                mem_calloc
 .text.memp_init
                0x1000b1f8       0x6c CMakeFiles/Tarefa_1.dir/C_/Users/SINE/.pico-sdk/sdk/2.1.1/lib/lwip/src/core/memp.c.obj
                0x1000b1f8                memp_init
 .text.memp_malloc
                0x1000b264       0x40 CMakeFiles/Tarefa_1.dir/C_/Users/SINE/.pico-sdk/sdk/2.1.1/lib/lwip/src/core/memp.c.obj
                0x1000b264                memp_malloc
 .text.memp_free
                0x1000b2a4       0x38 CMakeFiles/Tarefa_1.dir/C_/Users/SINE/.pico-sdk/sdk/2.1.1/lib/lwip/src/core/memp.c.obj
                0x1000b2a4                memp_free
 .text.netif_null_output_ip4
                0x1000b2dc        0x8 CMakeFiles/Tarefa_1.dir/C_/Users/SINE/.pico-sdk/sdk/2.1.1/lib/lwip/src/core/netif.c.obj
 .text.netif_do_set_ipaddr.isra.0
                0x1000b2e4       0x70 CMakeFiles/Tarefa_1.dir/C_/Users/SINE/.pico-sdk/sdk/2.1.1/lib/lwip/src/core/netif.c.obj
 .text.netif_init
                0x1000b354        0x4 CMakeFiles/Tarefa_1.dir/C_/Users/SINE/.pico-sdk/sdk/2.1.1/lib/lwip/src/core/netif.c.obj
                0x1000b354                netif_init
 .text.netif_add
                0x1000b358      0x174 CMakeFiles/Tarefa_1.dir/C_/Users/SINE/.pico-sdk/sdk/2.1.1/lib/lwip/src/core/netif.c.obj
                0x1000b358                netif_add
 .text.netif_set_addr
                0x1000b4cc       0xb8 CMakeFiles/Tarefa_1.dir/C_/Users/SINE/.pico-sdk/sdk/2.1.1/lib/lwip/src/core/netif.c.obj
                0x1000b4cc                netif_set_addr
 .text.netif_remove
                0x1000b584       0x94 CMakeFiles/Tarefa_1.dir/C_/Users/SINE/.pico-sdk/sdk/2.1.1/lib/lwip/src/core/netif.c.obj
                0x1000b584                netif_remove
 .text.netif_set_default
                0x1000b618        0xc CMakeFiles/Tarefa_1.dir/C_/Users/SINE/.pico-sdk/sdk/2.1.1/lib/lwip/src/core/netif.c.obj
                0x1000b618                netif_set_default
 .text.netif_set_up
                0x1000b624       0x40 CMakeFiles/Tarefa_1.dir/C_/Users/SINE/.pico-sdk/sdk/2.1.1/lib/lwip/src/core/netif.c.obj
                0x1000b624                netif_set_up
 .text.netif_set_link_up
                0x1000b664       0x44 CMakeFiles/Tarefa_1.dir/C_/Users/SINE/.pico-sdk/sdk/2.1.1/lib/lwip/src/core/netif.c.obj
                0x1000b664                netif_set_link_up
 .text.netif_set_link_down
                0x1000b6a8       0x20 CMakeFiles/Tarefa_1.dir/C_/Users/SINE/.pico-sdk/sdk/2.1.1/lib/lwip/src/core/netif.c.obj
                0x1000b6a8                netif_set_link_down
 .text.netif_get_by_index
                0x1000b6c8       0x2c CMakeFiles/Tarefa_1.dir/C_/Users/SINE/.pico-sdk/sdk/2.1.1/lib/lwip/src/core/netif.c.obj
                0x1000b6c8                netif_get_by_index
 .text.pbuf_free.part.0
                0x1000b6f4       0x7c CMakeFiles/Tarefa_1.dir/C_/Users/SINE/.pico-sdk/sdk/2.1.1/lib/lwip/src/core/pbuf.c.obj
 .text.pbuf_free_ooseq
                0x1000b770       0x34 CMakeFiles/Tarefa_1.dir/C_/Users/SINE/.pico-sdk/sdk/2.1.1/lib/lwip/src/core/pbuf.c.obj
                0x1000b770                pbuf_free_ooseq
 .text.pbuf_alloc
                0x1000b7a4      0x134 CMakeFiles/Tarefa_1.dir/C_/Users/SINE/.pico-sdk/sdk/2.1.1/lib/lwip/src/core/pbuf.c.obj
                0x1000b7a4                pbuf_alloc
 .text.pbuf_realloc
                0x1000b8d8       0x84 CMakeFiles/Tarefa_1.dir/C_/Users/SINE/.pico-sdk/sdk/2.1.1/lib/lwip/src/core/pbuf.c.obj
                0x1000b8d8                pbuf_realloc
 .text.pbuf_add_header
                0x1000b95c       0x54 CMakeFiles/Tarefa_1.dir/C_/Users/SINE/.pico-sdk/sdk/2.1.1/lib/lwip/src/core/pbuf.c.obj
                0x1000b95c                pbuf_add_header
 .text.pbuf_remove_header
                0x1000b9b0       0x3c CMakeFiles/Tarefa_1.dir/C_/Users/SINE/.pico-sdk/sdk/2.1.1/lib/lwip/src/core/pbuf.c.obj
                0x1000b9b0                pbuf_remove_header
 .text.pbuf_header_force
                0x1000b9ec       0x68 CMakeFiles/Tarefa_1.dir/C_/Users/SINE/.pico-sdk/sdk/2.1.1/lib/lwip/src/core/pbuf.c.obj
                0x1000b9ec                pbuf_header_force
 .text.pbuf_free
                0x1000ba54       0x18 CMakeFiles/Tarefa_1.dir/C_/Users/SINE/.pico-sdk/sdk/2.1.1/lib/lwip/src/core/pbuf.c.obj
                0x1000ba54                pbuf_free
 .text.pbuf_clen
                0x1000ba6c       0x14 CMakeFiles/Tarefa_1.dir/C_/Users/SINE/.pico-sdk/sdk/2.1.1/lib/lwip/src/core/pbuf.c.obj
                0x1000ba6c                pbuf_clen
 .text.pbuf_ref
                0x1000ba80       0x28 CMakeFiles/Tarefa_1.dir/C_/Users/SINE/.pico-sdk/sdk/2.1.1/lib/lwip/src/core/pbuf.c.obj
                0x1000ba80                pbuf_ref
 .text.pbuf_cat
                0x1000baa8       0x44 CMakeFiles/Tarefa_1.dir/C_/Users/SINE/.pico-sdk/sdk/2.1.1/lib/lwip/src/core/pbuf.c.obj
                0x1000baa8                pbuf_cat
 .text.pbuf_chain
                0x1000baec       0x64 CMakeFiles/Tarefa_1.dir/C_/Users/SINE/.pico-sdk/sdk/2.1.1/lib/lwip/src/core/pbuf.c.obj
                0x1000baec                pbuf_chain
 .text.pbuf_copy_partial_pbuf
                0x1000bb50      0x158 CMakeFiles/Tarefa_1.dir/C_/Users/SINE/.pico-sdk/sdk/2.1.1/lib/lwip/src/core/pbuf.c.obj
                0x1000bb50                pbuf_copy_partial_pbuf
 .text.pbuf_copy
                0x1000bca8       0x18 CMakeFiles/Tarefa_1.dir/C_/Users/SINE/.pico-sdk/sdk/2.1.1/lib/lwip/src/core/pbuf.c.obj
                0x1000bca8                pbuf_copy
 .text.pbuf_copy_partial
                0x1000bcc0       0x70 CMakeFiles/Tarefa_1.dir/C_/Users/SINE/.pico-sdk/sdk/2.1.1/lib/lwip/src/core/pbuf.c.obj
                0x1000bcc0                pbuf_copy_partial
 .text.pbuf_get_contiguous
                0x1000bd30       0xa4 CMakeFiles/Tarefa_1.dir/C_/Users/SINE/.pico-sdk/sdk/2.1.1/lib/lwip/src/core/pbuf.c.obj
                0x1000bd30                pbuf_get_contiguous
 .text.pbuf_take
                0x1000bdd4       0x78 CMakeFiles/Tarefa_1.dir/C_/Users/SINE/.pico-sdk/sdk/2.1.1/lib/lwip/src/core/pbuf.c.obj
                0x1000bdd4                pbuf_take
 .text.pbuf_take_at
                0x1000be4c       0xc0 CMakeFiles/Tarefa_1.dir/C_/Users/SINE/.pico-sdk/sdk/2.1.1/lib/lwip/src/core/pbuf.c.obj
                0x1000be4c                pbuf_take_at
 .text.pbuf_clone
                0x1000bf0c       0x30 CMakeFiles/Tarefa_1.dir/C_/Users/SINE/.pico-sdk/sdk/2.1.1/lib/lwip/src/core/pbuf.c.obj
                0x1000bf0c                pbuf_clone
 .text.pbuf_get_at
                0x1000bf3c       0x20 CMakeFiles/Tarefa_1.dir/C_/Users/SINE/.pico-sdk/sdk/2.1.1/lib/lwip/src/core/pbuf.c.obj
                0x1000bf3c                pbuf_get_at
 .text.pbuf_put_at
                0x1000bf5c       0x1c CMakeFiles/Tarefa_1.dir/C_/Users/SINE/.pico-sdk/sdk/2.1.1/lib/lwip/src/core/pbuf.c.obj
                0x1000bf5c                pbuf_put_at
 .text.raw_input
                0x1000bf78      0x164 CMakeFiles/Tarefa_1.dir/C_/Users/SINE/.pico-sdk/sdk/2.1.1/lib/lwip/src/core/raw.c.obj
                0x1000bf78                raw_input
 .text.raw_netif_ip_addr_changed
                0x1000c0dc       0x40 CMakeFiles/Tarefa_1.dir/C_/Users/SINE/.pico-sdk/sdk/2.1.1/lib/lwip/src/core/raw.c.obj
                0x1000c0dc                raw_netif_ip_addr_changed
 .text.stats_init
                0x1000c11c        0x4 CMakeFiles/Tarefa_1.dir/C_/Users/SINE/.pico-sdk/sdk/2.1.1/lib/lwip/src/core/stats.c.obj
                0x1000c11c                stats_init
 .text.tcp_close_shutdown_fin
                0x1000c120       0x54 CMakeFiles/Tarefa_1.dir/C_/Users/SINE/.pico-sdk/sdk/2.1.1/lib/lwip/src/core/tcp.c.obj
 .text.tcp_pcb_purge.part.0
                0x1000c174       0xc4 CMakeFiles/Tarefa_1.dir/C_/Users/SINE/.pico-sdk/sdk/2.1.1/lib/lwip/src/core/tcp.c.obj
 .text.tcp_init
                0x1000c238       0x20 CMakeFiles/Tarefa_1.dir/C_/Users/SINE/.pico-sdk/sdk/2.1.1/lib/lwip/src/core/tcp.c.obj
                0x1000c238                tcp_init
 .text.tcp_free
                0x1000c258       0x1c CMakeFiles/Tarefa_1.dir/C_/Users/SINE/.pico-sdk/sdk/2.1.1/lib/lwip/src/core/tcp.c.obj
                0x1000c258                tcp_free
 .text.tcp_bind
                0x1000c274       0xf4 CMakeFiles/Tarefa_1.dir/C_/Users/SINE/.pico-sdk/sdk/2.1.1/lib/lwip/src/core/tcp.c.obj
                0x1000c274                tcp_bind
 .text.tcp_update_rcv_ann_wnd
                0x1000c368       0x58 CMakeFiles/Tarefa_1.dir/C_/Users/SINE/.pico-sdk/sdk/2.1.1/lib/lwip/src/core/tcp.c.obj
                0x1000c368                tcp_update_rcv_ann_wnd
 .text.tcp_recved
                0x1000c3c0       0x98 CMakeFiles/Tarefa_1.dir/C_/Users/SINE/.pico-sdk/sdk/2.1.1/lib/lwip/src/core/tcp.c.obj
                0x1000c3c0                tcp_recved
 .text.tcp_connect
                0x1000c458      0x1bc CMakeFiles/Tarefa_1.dir/C_/Users/SINE/.pico-sdk/sdk/2.1.1/lib/lwip/src/core/tcp.c.obj
                0x1000c458                tcp_connect
 .text.tcp_slowtmr